Component: ARM Compiler 5.06 update 7 (build 960) Tool: armlink [4d3601]

==============================================================================

Section Cross References

    startup_stm32f103xb.o(STACK) refers (Special) to heapauxi.o(.text) for __use_two_region_memory
    startup_stm32f103xb.o(HEAP) refers (Special) to heapauxi.o(.text) for __use_two_region_memory
    startup_stm32f103xb.o(RESET) refers (Special) to heapauxi.o(.text) for __use_two_region_memory
    startup_stm32f103xb.o(RESET) refers to startup_stm32f103xb.o(STACK) for __initial_sp
    startup_stm32f103xb.o(RESET) refers to startup_stm32f103xb.o(.text) for Reset_Handler
    startup_stm32f103xb.o(RESET) refers to stm32f1xx_it.o(i.NMI_Handler) for NMI_Handler
    startup_stm32f103xb.o(RESET) refers to stm32f1xx_it.o(i.HardFault_Handler) for HardFault_Handler
    startup_stm32f103xb.o(RESET) refers to stm32f1xx_it.o(i.MemManage_Handler) for MemManage_Handler
    startup_stm32f103xb.o(RESET) refers to stm32f1xx_it.o(i.BusFault_Handler) for BusFault_Handler
    startup_stm32f103xb.o(RESET) refers to stm32f1xx_it.o(i.UsageFault_Handler) for UsageFault_Handler
    startup_stm32f103xb.o(RESET) refers to port.o(.emb_text) for SVC_Handler
    startup_stm32f103xb.o(RESET) refers to stm32f1xx_it.o(i.DebugMon_Handler) for DebugMon_Handler
    startup_stm32f103xb.o(RESET) refers to stm32f1xx_it.o(i.SysTick_Handler) for SysTick_Handler
    startup_stm32f103xb.o(RESET) refers to stm32f1xx_it.o(i.DMA1_Channel6_IRQHandler) for DMA1_Channel6_IRQHandler
    startup_stm32f103xb.o(.text) refers (Special) to heapauxi.o(.text) for __use_two_region_memory
    startup_stm32f103xb.o(.text) refers to system_stm32f1xx.o(i.SystemInit) for SystemInit
    startup_stm32f103xb.o(.text) refers to __main.o(!!!main) for __main
    startup_stm32f103xb.o(.text) refers to startup_stm32f103xb.o(HEAP) for Heap_Mem
    startup_stm32f103xb.o(.text) refers to startup_stm32f103xb.o(STACK) for Stack_Mem
    main.o(i.SystemClock_Config) refers to rt_memclr_w.o(.text) for __aeabi_memclr4
    main.o(i.SystemClock_Config) refers to stm32f1xx_hal_rcc.o(i.HAL_RCC_OscConfig) for HAL_RCC_OscConfig
    main.o(i.SystemClock_Config) refers to stm32f1xx_hal_rcc.o(i.HAL_RCC_ClockConfig) for HAL_RCC_ClockConfig
    main.o(i.SystemClock_Config) refers to stm32f1xx_hal_rcc_ex.o(i.HAL_RCCEx_PeriphCLKConfig) for HAL_RCCEx_PeriphCLKConfig
    main.o(i.main) refers to stm32f1xx_hal.o(i.HAL_Init) for HAL_Init
    main.o(i.main) refers to main.o(i.SystemClock_Config) for SystemClock_Config
    main.o(i.main) refers to gpio.o(i.MX_GPIO_Init) for MX_GPIO_Init
    main.o(i.main) refers to dma.o(i.MX_DMA_Init) for MX_DMA_Init
    main.o(i.main) refers to tim.o(i.MX_TIM2_Init) for MX_TIM2_Init
    main.o(i.main) refers to rtc.o(i.MX_RTC_Init) for MX_RTC_Init
    main.o(i.main) refers to tim.o(i.MX_TIM3_Init) for MX_TIM3_Init
    main.o(i.main) refers to adc.o(i.MX_ADC1_Init) for MX_ADC1_Init
    main.o(i.main) refers to tim.o(i.MX_TIM1_Init) for MX_TIM1_Init
    main.o(i.main) refers to stm32f1xx_hal_rtc_ex.o(i.HAL_RTCEx_BKUPRead) for HAL_RTCEx_BKUPRead
    main.o(i.main) refers to stm32f1xx_hal_rtc.o(i.HAL_RTC_SetDate) for HAL_RTC_SetDate
    main.o(i.main) refers to stm32f1xx_hal_rtc.o(i.HAL_RTC_SetTime) for HAL_RTC_SetTime
    main.o(i.main) refers to stm32f1xx_hal_rtc_ex.o(i.HAL_RTCEx_BKUPWrite) for HAL_RTCEx_BKUPWrite
    main.o(i.main) refers to cmsis_os2.o(i.osKernelInitialize) for osKernelInitialize
    main.o(i.main) refers to freertos.o(i.MX_FREERTOS_Init) for MX_FREERTOS_Init
    main.o(i.main) refers to cmsis_os2.o(i.osKernelStart) for osKernelStart
    main.o(i.main) refers to rtc.o(.bss) for hrtc
    main.o(i.main) refers to main.o(.data) for .data
    gpio.o(i.MX_GPIO_Init) refers to stm32f1xx_hal_gpio.o(i.HAL_GPIO_WritePin) for HAL_GPIO_WritePin
    gpio.o(i.MX_GPIO_Init) refers to stm32f1xx_hal_gpio.o(i.HAL_GPIO_Init) for HAL_GPIO_Init
    freertos.o(i.ENV_Task_Entry) refers to dht11.o(i.DHT11_Init) for DHT11_Init
    freertos.o(i.ENV_Task_Entry) refers to beep.o(i.BEEP_Init) for BEEP_Init
    freertos.o(i.ENV_Task_Entry) refers to cmsis_os2.o(i.osDelay) for osDelay
    freertos.o(i.ENV_Task_Entry) refers to light_sensor.o(i.LightSensor_ReadRaw) for LightSensor_ReadRaw
    freertos.o(i.ENV_Task_Entry) refers to mq2.o(i.MQ2_ReadPercent) for MQ2_ReadPercent
    freertos.o(i.ENV_Task_Entry) refers to stm32f1xx_hal_rtc.o(i.HAL_RTC_GetTime) for HAL_RTC_GetTime
    freertos.o(i.ENV_Task_Entry) refers to stm32f1xx_hal_rtc.o(i.HAL_RTC_GetDate) for HAL_RTC_GetDate
    freertos.o(i.ENV_Task_Entry) refers to stm32f1xx_hal.o(i.HAL_GetTick) for HAL_GetTick
    freertos.o(i.ENV_Task_Entry) refers to beep.o(i.BEEP_Toggle) for BEEP_Toggle
    freertos.o(i.ENV_Task_Entry) refers to beep.o(i.BEEP_Off) for BEEP_Off
    freertos.o(i.ENV_Task_Entry) refers to dht11.o(i.DHT11_Read) for DHT11_Read
    freertos.o(i.ENV_Task_Entry) refers to freertos.o(.data) for .data
[...]
    .data                                    0x200000d8   Section       12  port.o(.data)
    ucMaxSysCallPriority                     0x200000d8   Data           1  port.o(.data)
    uxCriticalNesting                        0x200000dc   Data           4  port.o(.data)
    ulMaxPRIGROUPValue                       0x200000e0   Data           4  port.o(.data)
    .bss                                     0x200000e4   Section       48  adc.o(.bss)
    .bss                                     0x20000114   Section       20  rtc.o(.bss)
    .bss                                     0x20000128   Section      284  tim.o(.bss)
    .bss                                     0x20000244   Section     1024  oled.o(.bss)
    .bss                                     0x20000644   Section       20  my_encoder.o(.bss)
    s_enc                                    0x20000644   Data          20  my_encoder.o(.bss)
    .bss                                     0x20000658   Section      670  ws2812b.o(.bss)
    s_pwmBuf                                 0x20000658   Data         640  ws2812b.o(.bss)
    s_colorBuf                               0x200008d8   Data          30  ws2812b.o(.bss)
    .bss                                     0x200008f8   Section       64  queue.o(.bss)
    .bss                                     0x20000938   Section     1220  tasks.o(.bss)
    pxReadyTasksLists                        0x20000938   Data        1120  tasks.o(.bss)
    xDelayedTaskList1                        0x20000d98   Data          20  tasks.o(.bss)
    xDelayedTaskList2                        0x20000dac   Data          20  tasks.o(.bss)
    xPendingReadyList                        0x20000dc0   Data          20  tasks.o(.bss)
    xTasksWaitingTermination                 0x20000dd4   Data          20  tasks.o(.bss)
    xSuspendedTaskList                       0x20000de8   Data          20  tasks.o(.bss)
    .bss                                     0x20000dfc   Section      280  timers.o(.bss)
    xStaticTimerQueue                        0x20000dfc   Data          80  timers.o(.bss)
    ucStaticTimerQueueStorage                0x20000e4c   Data         160  timers.o(.bss)
    xActiveTimerList1                        0x20000eec   Data          20  timers.o(.bss)
    xActiveTimerList2                        0x20000f00   Data          20  timers.o(.bss)
    .bss                                     0x20000f14   Section     1720  cmsis_os2.o(.bss)
    Idle_TCB                                 0x20000f14   Data          92  cmsis_os2.o(.bss)
    Idle_Stack                               0x20000f70   Data         512  cmsis_os2.o(.bss)
    Timer_TCB                                0x20001170   Data          92  cmsis_os2.o(.bss)
    Timer_Stack                              0x200011cc   Data        1024  cmsis_os2.o(.bss)
    .bss                                     0x200015cc   Section     8192  heap_4.o(.bss)
    ucHeap                                   0x200015cc   Data        8192  heap_4.o(.bss)
    .bss                                     0x200035cc   Section       96  libspace.o(.bss)
    HEAP                                     0x20003630   Section      512  startup_stm32f103xb.o(HEAP)
    Heap_Mem                                 0x20003630   Data         512  startup_stm32f103xb.o(HEAP)
    STACK                                    0x20003830   Section     1024  startup_stm32f103xb.o(STACK)
    Stack_Mem                                0x20003830   Data        1024  startup_stm32f103xb.o(STACK)
    __initial_sp                             0x20003c30   Data           0  startup_stm32f103xb.o(STACK)

    Global Symbols

    Symbol Name                              Value     Ov Type        Size  Object(Section)

    BuildAttributes$$THM_ISAv4$P$D$K$B$S$PE$A:L22UL41UL21$X:L11$S22US41US21$IEEE1$IW$USESV6$~STKCKD$USESV7$~SHL$OTIME$ROPI$IEEEX$EBA8$UX$STANDARDLIB$REQ8$PRES8$EABIv2 0x00000000   Number         0  anon$$obj.o ABSOLUTE
    __ARM_use_no_argv                        0x00000000   Number         0  main.o ABSOLUTE
    _printf_flags                            0x00000000   Number         0  printf_stubs.o ABSOLUTE
    _printf_return_value                     0x00000000   Number         0  printf_stubs.o ABSOLUTE
    _printf_sizespec                         0x00000000   Number         0  printf_stubs.o ABSOLUTE
    _printf_widthprec                        0x00000000   Number         0  printf_stubs.o ABSOLUTE
    __ARM_exceptions_init                     - Undefined Weak Reference
    __alloca_initialize                       - Undefined Weak Reference
    __arm_fini_                               - Undefined Weak Reference
    __arm_preinit_                            - Undefined Weak Reference
    __cpp_initialize__aeabi_                  - Undefined Weak Reference
    __cxa_finalize                            - Undefined Weak Reference
    __sigvec_lookup                           - Undefined Weak Reference
    _atexit_init                              - Undefined Weak Reference
    _call_atexit_fns                          - Undefined Weak Reference
    _clock_init                               - Undefined Weak Reference
    _fp_trap_init                             - Undefined Weak Reference
    _fp_trap_shutdown                         - Undefined Weak Reference
    _get_lc_collate                           - Undefined Weak Reference
    _get_lc_monetary                          - Undefined Weak Reference
    _get_lc_time                              - Undefined Weak Reference
    _getenv_init                              - Undefined Weak Reference
    _handle_redirection                       - Undefined Weak Reference
    _init_alloc                               - Undefined Weak Reference
    _init_user_alloc                          - Undefined Weak Reference
    _initio                                   - Undefined Weak Reference
    _printf_mbtowc                            - Undefined Weak Reference
    _printf_wc                                - Undefined Weak Reference
    _rand_init                                - Undefined Weak Reference
    _signal_finish                            - Undefined Weak Reference
    _signal_init                              - Undefined Weak Reference
    _terminate_alloc                          - Undefined Weak Reference
    _terminate_user_alloc                     - Undefined Weak Reference
    _terminateio                              - Undefined Weak Reference
    __Vectors_Size                           0x000000ec   Number         0  startup_stm32f103xb.o ABSOLUTE
    __Vectors                                0x08000000   Data           4  startup_stm32f103xb.o(RESET)
    __Vectors_End                            0x080000ec   Data           0  startup_stm32f103xb.o(RESET)
    __main                                   0x080000ed   Thumb Code     8  __main.o(!!!main)
    __scatterload                            0x080000f5   Thumb Code     0  __scatter.o(!!!scatter)
    __scatterload_rt2                        0x080000f5   Thumb Code    44  __scatter.o(!!!scatter)
    __scatterload_rt2_thumb_only             0x080000f5   Thumb Code     0  __scatter.o(!!!scatter)
    __scatterload_null                       0x08000103   Thumb Code     0  __scatter.o(!!!scatter)
    __scatterload_copy                       0x08000129   Thumb Code    26  __scatter_copy.o(!!handler_copy)
    __scatterload_zeroinit                   0x08000145   Thumb Code    28  __scatter_zi.o(!!handler_zi)
    _printf_d                                0x08000161   Thumb Code     0  _printf_d.o(.ARM.Collect$$_printf_percent$$00000009)
    _printf_percent                          0x08000161   Thumb Code     0  _printf_percent.o(.ARM.Collect$$_printf_percent$$00000000)
    _printf_percent_end                      0x08000167   Thumb Code     0  _printf_percent_end.o(.ARM.Collect$$_printf_percent$$00000017)
    __rt_lib_init                            0x0800016b   Thumb Code     0  libinit.o(.ARM.Collect$$libinit$$00000000)
    __rt_lib_init_alloca_1                   0x0800016d   Thumb Code     0  libinit2.o(.ARM.Collect$$libinit$$0000002E)
    __rt_lib_init_argv_1                     0x0800016d   Thumb Code     0  libinit2.o(.ARM.Collect$$libinit$$0000002C)
    __rt_lib_init_atexit_1                   0x0800016d   Thumb Code     0  libinit2.o(.ARM.Collect$$libinit$$0000001B)
    __rt_lib_init_clock_1                    0x0800016d   Thumb Code     0  libinit2.o(.ARM.Collect$$libinit$$00000021)
    __rt_lib_init_cpp_1                      0x0800016d   Thumb Code     0  libinit2.o(.ARM.Collect$$libinit$$00000032)
    __rt_lib_init_exceptions_1               0x0800016d   Thumb Code     0  libinit2.o(.ARM.Collect$$libinit$$00000030)
    __rt_lib_init_fp_1                       0x0800016d   Thumb Code     0  libinit2.o(.ARM.Collect$$libinit$$00000002)
    __rt_lib_init_fp_trap_1                  0x0800016d   Thumb Code     0  libinit2.o(.ARM.Collect$$libinit$$0000001F)
    __rt_lib_init_getenv_1                   0x0800016d   Thumb Code     0  libinit2.o(.ARM.Collect$$libinit$$00000023)
    __rt_lib_init_heap_1                     0x0800016d   Thumb Code     0  libinit2.o(.ARM.Collect$$libinit$$0000000A)
    __rt_lib_init_lc_collate_1               0x0800016d   Thumb Code     0  libinit2.o(.ARM.Collect$$libinit$$00000011)
    __rt_lib_init_lc_ctype_1                 0x0800016d   Thumb Code     0  libinit2.o(.ARM.Collect$$libinit$$00000013)
    __rt_lib_init_lc_monetary_1              0x0800016d   Thumb Code     0  libinit2.o(.ARM.Collect$$libinit$$00000015)
    __rt_lib_init_lc_numeric_1               0x0800016d   Thumb Code     0  libinit2.o(.ARM.Collect$$libinit$$00000017)
    __rt_lib_init_lc_time_1                  0x0800016d   Thumb Code     0  libinit2.o(.ARM.Collect$$libinit$$00000019)
    __rt_lib_init_preinit_1                  0x0800016d   Thumb Code     0  libinit2.o(.ARM.Collect$$libinit$$00000004)
    __rt_lib_init_rand_1                     0x0800016d   Thumb Code     0  libinit2.o(.ARM.Collect$$libinit$$0000000E)
    __rt_lib_init_return                     0x0800016d   Thumb Code     0  libinit2.o(.ARM.Collect$$libinit$$00000033)
    __rt_lib_init_signal_1                   0x0800016d   Thumb Code     0  libinit2.o(.ARM.Collect$$libinit$$0000001D)
    __rt_lib_init_stdio_1                    0x0800016d   Thumb Code     0  libinit2.o(.ARM.Collect$$libinit$$00000025)
    __rt_lib_init_user_alloc_1               0x0800016d   Thumb Code     0  libinit2.o(.ARM.Collect$$libinit$$0000000C)
    __rt_lib_shutdown                        0x0800016f   Thumb Code     0  libshutdown.o(.ARM.Collect$$libshutdown$$00000000)
    __rt_lib_shutdown_cpp_1                  0x08000171   Thumb Code     0  libshutdown2.o(.ARM.Collect$$libshutdown$$00000004)
    __rt_lib_shutdown_fini_1                 0x08000171   Thumb Code     0  libshutdown2.o(.ARM.Collect$$libshutdown$$00000002)
    __rt_lib_shutdown_fp_trap_1              0x08000171   Thumb Code     0  libshutdown2.o(.ARM.Collect$$libshutdown$$00000009)
    __rt_lib_shutdown_heap_1                 0x08000171   Thumb Code     0  libshutdown2.o(.ARM.Collect$$libshutdown$$00000011)
    __rt_lib_shutdown_return                 0x08000171   Thumb Code     0  libshutdown2.o(.ARM.Collect$$libshutdown$$00000012)
    __rt_lib_shutdown_signal_1               0x08000171   Thumb Code     0  libshutdown2.o(.ARM.Collect$$libshutdown$$0000000C)
    __rt_lib_shutdown_stdio_1                0x08000171   Thumb Code     0  libshutdown2.o(.ARM.Collect$$libshutdown$$00000006)
    __rt_lib_shutdown_user_alloc_1           0x08000171   Thumb Code     0  libshutdown2.o(.ARM.Collect$$libshutdown$$0000000E)
    __rt_entry                               0x08000173   Thumb Code     0  __rtentry.o(.ARM.Collect$$rtentry$$00000000)
    __rt_entry_presh_1                       0x08000173   Thumb Code     0  __rtentry2.o(.ARM.Collect$$rtentry$$00000002)
    __rt_entry_sh                            0x08000173   Thumb Code     0  __rtentry4.o(.ARM.Collect$$rtentry$$00000004)
    __rt_entry_li                            0x08000179   Thumb Code     0  __rtentry2.o(.ARM.Collect$$rtentry$$0000000A)
    __rt_entry_postsh_1                      0x08000179   Thumb Code     0  __rtentry2.o(.ARM.Collect$$rtentry$$00000009)
    __rt_entry_main                          0x0800017d   Thumb Code     0  __rtentry2.o(.ARM.Collect$$rtentry$$0000000D)
    __rt_entry_postli_1                      0x0800017d   Thumb Code     0  __rtentry2.o(.ARM.Collect$$rtentry$$0000000C)
    __rt_exit                                0x08000185   Thumb Code     0  rtexit.o(.ARM.Collect$$rtexit$$00000000)
    __rt_exit_ls                             0x08000187   Thumb Code     0  rtexit2.o(.ARM.Collect$$rtexit$$00000003)
    __rt_exit_prels_1                        0x08000187   Thumb Code     0  rtexit2.o(.ARM.Collect$$rtexit$$00000002)
    __rt_exit_exit                           0x0800018b   Thumb Code     0  rtexit2.o(.ARM.Collect$$rtexit$$00000004)
    SVC_Handler                              0x08000191   Thumb Code    32  port.o(.emb_text)
    __asm___6_port_c_39a90d8d__prvStartFirstTask 0x080001b5   Thumb Code    28  port.o(.emb_text)
    PendSV_Handler                           0x080001d5   Thumb Code    72  port.o(.emb_text)
    vPortGetIPSR                             0x08000221   Thumb Code     6  port.o(.emb_text)
    Reset_Handler                            0x08000229   Thumb Code     8  startup_stm32f103xb.o(.text)
    ADC1_2_IRQHandler                        0x08000243   Thumb Code     0  startup_stm32f103xb.o(.text)
    CAN1_RX1_IRQHandler                      0x08000243   Thumb Code     0  startup_stm32f103xb.o(.text)
    CAN1_SCE_IRQHandler                      0x08000243   Thumb Code     0  startup_stm32f103xb.o(.text)
    DMA1_Channel1_IRQHandler                 0x08000243   Thumb Code     0  startup_stm32f103xb.o(.text)
    DMA1_Channel2_IRQHandler                 0x08000243   Thumb Code     0  startup_stm32f103xb.o(.text)
    DMA1_Channel3_IRQHandler                 0x08000243   Thumb Code     0  startup_stm32f103xb.o(.text)
    DMA1_Channel4_IRQHandler                 0x08000243   Thumb Code     0  startup_stm32f103xb.o(.text)
    DMA1_Channel5_IRQHandler                 0x08000243   Thumb Code     0  startup_stm32f103xb.o(.text)
    DMA1_Channel7_IRQHandler                 0x08000243   Thumb Code     0  startup_stm32f103xb.o(.text)
    EXTI0_IRQHandler                         0x08000243   Thumb Code     0  startup_stm32f103xb.o(.text)
    EXTI15_10_IRQHandler                     0x08000243   Thumb Code     0  startup_stm32f103xb.o(.text)
    EXTI1_IRQHandler                         0x08000243   Thumb Code     0  startup_stm32f103xb.o(.text)
    EXTI2_IRQHandler                         0x08000243   Thumb Code     0  startup_stm32f103xb.o(.text)
    EXTI3_IRQHandler                         0x08000243   Thumb Code     0  startup_stm32f103xb.o(.text)
    EXTI4_IRQHandler                         0x08000243   Thumb Code     0  startup_stm32f103xb.o(.text)
    EXTI9_5_IRQHandler                       0x08000243   Thumb Code     0  startup_stm32f103xb.o(.text)
    FLASH_IRQHandler                         0x08000243   Thumb Code     0  startup_stm32f103xb.o(.text)
    I2C1_ER_IRQHandler                       0x08000243   Thumb Code     0  startup_stm32f103xb.o(.text)
    I2C1_EV_IRQHandler                       0x08000243   Thumb Code     0  startup_stm32f103xb.o(.text)
    I2C2_ER_IRQHandler                       0x08000243   Thumb Code     0  startup_stm32f103xb.o(.text)
    I2C2_EV_IRQHandler                       0x08000243   Thumb Code     0  startup_stm32f103xb.o(.text)
    PVD_IRQHandler                           0x08000243   Thumb Code     0  startup_stm32f103xb.o(.text)
    RCC_IRQHandler                           0x08000243   Thumb Code     0  startup_stm32f103xb.o(.text)
    RTC_Alarm_IRQHandler                     0x08000243   Thumb Code     0  startup_stm32f103xb.o(.text)
    RTC_IRQHandler                           0x08000243   Thumb Code     0  startup_stm32f103xb.o(.text)
    SPI1_IRQHandler                          0x08000243   Thumb Code     0  startup_stm32f103xb.o(.text)
    SPI2_IRQHandler                          0x08000243   Thumb Code     0  startup_stm32f103xb.o(.text)
    TAMPER_IRQHandler                        0x08000243   Thumb Code     0  startup_stm32f103xb.o(.text)
    TIM1_BRK_IRQHandler                      0x08000243   Thumb Code     0  startup_stm32f103xb.o(.text)
    TIM1_CC_IRQHandler                       0x08000243   Thumb Code     0  startup_stm32f103xb.o(.text)
    TIM1_TRG_COM_IRQHandler                  0x08000243   Thumb Code     0  startup_stm32f103xb.o(.text)
    TIM1_UP_IRQHandler                       0x08000243   Thumb Code     0  startup_stm32f103xb.o(.text)
    TIM2_IRQHandler                          0x08000243   Thumb Code     0  startup_stm32f103xb.o(.text)
    TIM3_IRQHandler                          0x08000243   Thumb Code     0  startup_stm32f103xb.o(.text)
    TIM4_IRQHandler                          0x08000243   Thumb Code     0  startup_stm32f103xb.o(.text)
    USART1_IRQHandler                        0x08000243   Thumb Code     0  startup_stm32f103xb.o(.text)
    USART2_IRQHandler                        0x08000243   Thumb Code     0  startup_stm32f103xb.o(.text)
    USART3_IRQHandler                        0x08000243   Thumb Code     0  startup_stm32f103xb.o(.text)
    USBWakeUp_IRQHandler                     0x08000243   Thumb Code     0  startup_stm32f103xb.o(.text)
    USB_HP_CAN1_TX_IRQHandler                0x08000243   Thumb Code     0  startup_stm32f103xb.o(.text)
    USB_LP_CAN1_RX0_IRQHandler               0x08000243   Thumb Code     0  startup_stm32f103xb.o(.text)
    WWDG_IRQHandler                          0x08000243   Thumb Code     0  startup_stm32f103xb.o(.text)
    __user_initial_stackheap                 0x08000245   Thumb Code     0  startup_stm32f103xb.o(.text)
    __2snprintf                              0x08000269   Thumb Code    50  __2snprintf.o(.text)
    _printf_pre_padding                      0x080002a1   Thumb Code    44  _printf_pad.o(.text)
    _printf_post_padding                     0x080002cd   Thumb Code    34  _printf_pad.o(.text)
    _printf_int_dec                          0x080002f1   Thumb Code   104  _printf_dec.o(.text)
    __printf                                 0x08000369   Thumb Code   388  __printf_flags_ss_wp.o(.text)
    __aeabi_memcpy                           0x080004f1   Thumb Code     0  rt_memcpy_v6.o(.text)
    __rt_memcpy                              0x080004f1   Thumb Code   138  rt_memcpy_v6.o(.text)
    _memcpy_lastbytes                        0x08000557   Thumb Code     0  rt_memcpy_v6.o(.text)
    __aeabi_memcpy4                          0x0800057b   Thumb Code     0  rt_memcpy_w.o(.text)
    __aeabi_memcpy8                          0x0800057b   Thumb Code     0  rt_memcpy_w.o(.text)
    __rt_memcpy_w                            0x0800057b   Thumb Code   100  rt_memcpy_w.o(.text)
    _memcpy_lastbytes_aligned                0x080005c3   Thumb Code     0  rt_memcpy_w.o(.text)
    __aeabi_memset                           0x080005df   Thumb Code    16  aeabi_memset.o(.text)
    __aeabi_memclr4                          0x080005ef   Thumb Code     0  rt_memclr_w.o(.text)
    __aeabi_memclr8                          0x080005ef   Thumb Code     0  rt_memclr_w.o(.text)
    __rt_memclr_w                            0x080005ef   Thumb Code    78  rt_memclr_w.o(.text)
    _memset_w                                0x080005f3   Thumb Code     0  rt_memclr_w.o(.text)
    strcmp                                   0x0800063d   Thumb Code   128  strcmpv7m.o(.text)
    __use_two_region_memory                  0x080006bd   Thumb Code     2  heapauxi.o(.text)
    __rt_heap_escrow$2region                 0x080006bf   Thumb Code     2  heapauxi.o(.text)
    __rt_heap_expand$2region                 0x080006c1   Thumb Code     2  heapauxi.o(.text)
    _printf_int_common                       0x080006c3   Thumb Code   178  _printf_intcommon.o(.text)
    _printf_char_common                      0x0800077f   Thumb Code    32  _printf_char_common.o(.text)
    _sputc                                   0x080007a5   Thumb Code    10  _sputc.o(.text)
    _snputc                                  0x080007af   Thumb Code    16  _snputc.o(.text)
    __aeabi_memclr                           0x080007bf   Thumb Code     0  rt_memclr.o(.text)
    __rt_memclr                              0x080007bf   Thumb Code    68  rt_memclr.o(.text)
    _memset                                  0x080007c3   Thumb Code     0  rt_memclr.o(.text)
    __user_libspace                          0x08000805   Thumb Code     8  libspace.o(.text)
    __user_perproc_libspace                  0x08000805   Thumb Code     0  libspace.o(.text)
    __user_perthread_libspace                0x08000805   Thumb Code     0  libspace.o(.text)
    __user_setup_stackheap                   0x0800080d   Thumb Code    74  sys_stackheap_outer.o(.text)
    exit                                     0x08000857   Thumb Code    18  exit.o(.text)
    _sys_exit                                0x08000869   Thumb Code     8  sys_exit.o(.text)
    __I$use$semihosting                      0x08000875   Thumb Code     0  use_no_semi.o(.text)
    __use_no_semihosting_swi                 0x08000875   Thumb Code     2  use_no_semi.o(.text)
    __semihosting_library_function           0x08000877   Thumb Code     0  indicate_semi.o(.text)
    ADC_ConversionStop_Disable               0x08000879   Thumb Code    86  stm32f1xx_hal_adc.o(i.ADC_ConversionStop_Disable)
    ADC_Enable                               0x080008d1   Thumb Code   114  stm32f1xx_hal_adc.o(i.ADC_Enable)
    BEEP_Init                                0x0800094d   Thumb Code     4  beep.o(i.BEEP_Init)
    BEEP_Off                                 0x08000951   Thumb Code    10  beep.o(i.BEEP_Off)
    BEEP_Toggle                              0x08000961   Thumb Code    10  beep.o(i.BEEP_Toggle)
    BusFault_Handler                         0x08000971   Thumb Code     2  stm32f1xx_it.o(i.BusFault_Handler)
    DHT11_Init                               0x08000973   Thumb Code     4  dht11.o(i.DHT11_Init)
    DHT11_Read                               0x08000999   Thumb Code   270  dht11.o(i.DHT11_Read)
    DMA1_Channel6_IRQHandler                 0x08000b3d   Thumb Code     6  stm32f1xx_it.o(i.DMA1_Channel6_IRQHandler)
    DebugMon_Handler                         0x08000b73   Thumb Code     2  stm32f1xx_it.o(i.DebugMon_Handler)
    ENV_Task_Entry                           0x08000b75   Thumb Code   246  freertos.o(i.ENV_Task_Entry)
    Error_Handler                            0x08000c75   Thumb Code     4  main.o(i.Error_Handler)
    HAL_ADC_ConfigChannel                    0x08000c79   Thumb Code   240  stm32f1xx_hal_adc.o(i.HAL_ADC_ConfigChannel)
    HAL_ADC_GetValue                         0x08000d75   Thumb Code     6  stm32f1xx_hal_adc.o(i.HAL_ADC_GetValue)
    HAL_ADC_Init                             0x08000d7d   Thumb Code   272  stm32f1xx_hal_adc.o(i.HAL_ADC_Init)
    HAL_ADC_MspInit                          0x08000e99   Thumb Code    76  adc.o(i.HAL_ADC_MspInit)
    HAL_ADC_PollForConversion                0x08000ef1   Thumb Code   304  stm32f1xx_hal_adc.o(i.HAL_ADC_PollForConversion)
    HAL_ADC_Start                            0x0800102d   Thumb Code   184  stm32f1xx_hal_adc.o(i.HAL_ADC_Start)
    HAL_ADC_Stop                             0x080010ed   Thumb Code    52  stm32f1xx_hal_adc.o(i.HAL_ADC_Stop)
    HAL_DMA_Abort_IT                         0x08001121   Thumb Code   148  stm32f1xx_hal_dma.o(i.HAL_DMA_Abort_IT)
    HAL_DMA_IRQHandler                       0x080011b9   Thumb Code   316  stm32f1xx_hal_dma.o(i.HAL_DMA_IRQHandler)
    HAL_DMA_Init                             0x0800130d   Thumb Code    84  stm32f1xx_hal_dma.o(i.HAL_DMA_Init)
    HAL_DMA_Start_IT                         0x08001369   Thumb Code   112  stm32f1xx_hal_dma.o(i.HAL_DMA_Start_IT)
    HAL_Delay                                0x080013d9   Thumb Code    32  stm32f1xx_hal.o(i.HAL_Delay)
    HAL_GPIO_Init                            0x080013fd   Thumb Code   446  stm32f1xx_hal_gpio.o(i.HAL_GPIO_Init)
    HAL_GPIO_ReadPin                         0x080015dd   Thumb Code    10  stm32f1xx_hal_gpio.o(i.HAL_GPIO_ReadPin)
    HAL_GPIO_TogglePin                       0x080015e7   Thumb Code    16  stm32f1xx_hal_gpio.o(i.HAL_GPIO_TogglePin)
    HAL_GPIO_WritePin                        0x080015f7   Thumb Code    10  stm32f1xx_hal_gpio.o(i.HAL_GPIO_WritePin)
    HAL_GetTick                              0x08001601   Thumb Code     6  stm32f1xx_hal.o(i.HAL_GetTick)
    HAL_IncTick                              0x0800160d   Thumb Code    12  stm32f1xx_hal.o(i.HAL_IncTick)
    HAL_Init                                 0x0800161d   Thumb Code    32  stm32f1xx_hal.o(i.HAL_Init)
    HAL_InitTick                             0x08001641   Thumb Code    54  stm32f1xx_hal.o(i.HAL_InitTick)
    HAL_MspInit                              0x08001681   Thumb Code    62  stm32f1xx_hal_msp.o(i.HAL_MspInit)
    HAL_NVIC_EnableIRQ                       0x080016c9   Thumb Code    26  stm32f1xx_hal_cortex.o(i.HAL_NVIC_EnableIRQ)
    HAL_NVIC_SetPriority                     0x080016e5   Thumb Code    60  stm32f1xx_hal_cortex.o(i.HAL_NVIC_SetPriority)
    HAL_NVIC_SetPriorityGrouping             0x08001725   Thumb Code    26  stm32f1xx_hal_cortex.o(i.HAL_NVIC_SetPriorityGrouping)
    HAL_PWR_EnableBkUpAccess                 0x08001749   Thumb Code     8  stm32f1xx_hal_pwr.o(i.HAL_PWR_EnableBkUpAccess)
    HAL_RCCEx_GetPeriphCLKFreq               0x08001755   Thumb Code   148  stm32f1xx_hal_rcc_ex.o(i.HAL_RCCEx_GetPeriphCLKFreq)
    HAL_RCCEx_PeriphCLKConfig                0x080017f9   Thumb Code   224  stm32f1xx_hal_rcc_ex.o(i.HAL_RCCEx_PeriphCLKConfig)
    HAL_RCC_ClockConfig                      0x080018e5   Thumb Code   280  stm32f1xx_hal_rcc.o(i.HAL_RCC_ClockConfig)
    HAL_RCC_GetHCLKFreq                      0x08001a11   Thumb Code     6  stm32f1xx_hal_rcc.o(i.HAL_RCC_GetHCLKFreq)
    HAL_RCC_GetPCLK2Freq                     0x08001a1d   Thumb Code    20  stm32f1xx_hal_rcc.o(i.HAL_RCC_GetPCLK2Freq)
    HAL_RCC_GetSysClockFreq                  0x08001a3d   Thumb Code    58  stm32f1xx_hal_rcc.o(i.HAL_RCC_GetSysClockFreq)
    HAL_RCC_OscConfig                        0x08001a89   Thumb Code   778  stm32f1xx_hal_rcc.o(i.HAL_RCC_OscConfig)
    HAL_RTCEx_BKUPRead                       0x08001da9   Thumb Code    10  stm32f1xx_hal_rtc_ex.o(i.HAL_RTCEx_BKUPRead)
    HAL_RTCEx_BKUPWrite                      0x08001db9   Thumb Code    12  stm32f1xx_hal_rtc_ex.o(i.HAL_RTCEx_BKUPWrite)
    HAL_RTC_GetDate                          0x08001dc9   Thumb Code    78  stm32f1xx_hal_rtc.o(i.HAL_RTC_GetDate)
    HAL_RTC_GetTime                          0x08001e17   Thumb Code   216  stm32f1xx_hal_rtc.o(i.HAL_RTC_GetTime)
    HAL_RTC_Init                             0x08001ef1   Thumb Code   144  stm32f1xx_hal_rtc.o(i.HAL_RTC_Init)
    HAL_RTC_MspInit                          0x08001f85   Thumb Code    40  rtc.o(i.HAL_RTC_MspInit)
    HAL_RTC_SetDate                          0x08001fb9   Thumb Code   192  stm32f1xx_hal_rtc.o(i.HAL_RTC_SetDate)
    HAL_RTC_SetTime                          0x0800207d   Thumb Code   168  stm32f1xx_hal_rtc.o(i.HAL_RTC_SetTime)
    HAL_RTC_WaitForSynchro                   0x08002129   Thumb Code    58  stm32f1xx_hal_rtc.o(i.HAL_RTC_WaitForSynchro)
    HAL_SYSTICK_Config                       0x08002163   Thumb Code    40  stm32f1xx_hal_cortex.o(i.HAL_SYSTICK_Config)
    HAL_TIMEx_ConfigBreakDeadTime            0x0800218b   Thumb Code    84  stm32f1xx_hal_tim_ex.o(i.HAL_TIMEx_ConfigBreakDeadTime)
    HAL_TIMEx_MasterConfigSynchronization    0x080021e1   Thumb Code    92  stm32f1xx_hal_tim_ex.o(i.HAL_TIMEx_MasterConfigSynchronization)
    HAL_TIM_Encoder_Init                     0x08002249   Thumb Code   164  stm32f1xx_hal_tim.o(i.HAL_TIM_Encoder_Init)
    HAL_TIM_Encoder_MspInit                  0x080022ed   Thumb Code   124  tim.o(i.HAL_TIM_Encoder_MspInit)
    HAL_TIM_Encoder_Start                    0x08002379   Thumb Code   142  stm32f1xx_hal_tim.o(i.HAL_TIM_Encoder_Start)
    HAL_TIM_ErrorCallback                    0x08002407   Thumb Code     2  stm32f1xx_hal_tim.o(i.HAL_TIM_ErrorCallback)
    HAL_TIM_MspPostInit                      0x08002409   Thumb Code   142  tim.o(i.HAL_TIM_MspPostInit)
    HAL_TIM_PWM_ConfigChannel                0x080024b1   Thumb Code   204  stm32f1xx_hal_tim.o(i.HAL_TIM_PWM_ConfigChannel)
    HAL_TIM_PWM_Init                         0x0800257d   Thumb Code    90  stm32f1xx_hal_tim.o(i.HAL_TIM_PWM_Init)
    HAL_TIM_PWM_MspInit                      0x080025d9   Thumb Code   104  tim.o(i.HAL_TIM_PWM_MspInit)
    HAL_TIM_PWM_PulseFinishedCallback        0x08002655   Thumb Code    14  ws2812b.o(i.HAL_TIM_PWM_PulseFinishedCallback)
    HAL_TIM_PWM_PulseFinishedHalfCpltCallback 0x08002669   Thumb Code     2  stm32f1xx_hal_tim.o(i.HAL_TIM_PWM_PulseFinishedHalfCpltCallback)
    HAL_TIM_PWM_Start                        0x0800266d   Thumb Code   144  stm32f1xx_hal_tim.o(i.HAL_TIM_PWM_Start)
    HAL_TIM_PWM_Start_DMA                    0x08002709   Thumb Code   378  stm32f1xx_hal_tim.o(i.HAL_TIM_PWM_Start_DMA)
    HAL_TIM_PWM_Stop_DMA                     0x0800289d   Thumb Code   190  stm32f1xx_hal_tim.o(i.HAL_TIM_PWM_Stop_DMA)
    HardFault_Handler                        0x08002961   Thumb Code     2  stm32f1xx_it.o(i.HardFault_Handler)
    Key_GetState                             0x08002965   Thumb Code    64  key.o(i.Key_GetState)
    Key_Task_Entry                           0x080029a9   Thumb Code   102  freertos.o(i.Key_Task_Entry)
    LED_Control_Task_Entry                   0x08002a15   Thumb Code    48  freertos.o(i.LED_Control_Task_Entry)
    LED_PWM_Init                             0x08002a4d   Thumb Code    26  led.o(i.LED_PWM_Init)
    LED_PWM_Start                            0x08002a6d   Thumb Code    46  led.o(i.LED_PWM_Start)
    LED_SetAllPercent                        0x08002aa1   Thumb Code    34  led.o(i.LED_SetAllPercent)
    LED_SetBrightnessPercent                 0x08002ac5   Thumb Code    34  led.o(i.LED_SetBrightnessPercent)
    LED_SetCompare                           0x08002aed   Thumb Code    68  led.o(i.LED_SetCompare)
    LightSensor_ReadRaw                      0x08002b35   Thumb Code    58  light_sensor.o(i.LightSensor_ReadRaw)
    MQ2_ReadPercent                          0x08002b75   Thumb Code    22  mq2.o(i.MQ2_ReadPercent)
    MQ2_ReadRaw                              0x08002b8d   Thumb Code    58  mq2.o(i.MQ2_ReadRaw)
    MX_ADC1_Init                             0x08002bcd   Thumb Code    70  adc.o(i.MX_ADC1_Init)
    MX_DMA_Init                              0x08002c1d   Thumb Code    40  dma.o(i.MX_DMA_Init)
    MX_FREERTOS_Init                         0x08002c49   Thumb Code   164  freertos.o(i.MX_FREERTOS_Init)
    MX_GPIO_Init                             0x08002d4d   Thumb Code   226  gpio.o(i.MX_GPIO_Init)
    MX_RTC_Init                              0x08002e3d   Thumb Code   124  rtc.o(i.MX_RTC_Init)
    MX_TIM1_Init                             0x08002ec1   Thumb Code   150  tim.o(i.MX_TIM1_Init)
    MX_TIM2_Init                             0x08002f61   Thumb Code   102  tim.o(i.MX_TIM2_Init)
    MX_TIM3_Init                             0x08002fcd   Thumb Code   154  tim.o(i.MX_TIM3_Init)
    MY_ENCODER_GetClick                      0x08003071   Thumb Code    10  my_encoder.o(i.MY_ENCODER_GetClick)
    MY_ENCODER_GetMoveSteps                  0x08003081   Thumb Code    12  my_encoder.o(i.MY_ENCODER_GetMoveSteps)
    MY_ENCODER_Init                          0x08003091   Thumb Code    60  my_encoder.o(i.MY_ENCODER_Init)
    MY_ENCODER_Process                       0x080030d1   Thumb Code   138  my_encoder.o(i.MY_ENCODER_Process)
    MemManage_Handler                        0x08003179   Thumb Code     2  stm32f1xx_it.o(i.MemManage_Handler)
    NMI_Handler                              0x0800317b   Thumb Code     2  stm32f1xx_it.o(i.NMI_Handler)
    OLED_Clear                               0x0800317d   Thumb Code    34  oled.o(i.OLED_Clear)
    OLED_ClearArea                           0x080031a5   Thumb Code    86  oled.o(i.OLED_ClearArea)
    OLED_DrawLine                            0x08003201   Thumb Code   234  oled.o(i.OLED_DrawLine)
    OLED_DrawPoint                           0x080032ed   Thumb Code    48  oled.o(i.OLED_DrawPoint)
    OLED_DrawRectangle                       0x08003321   Thumb Code   116  oled.o(i.OLED_DrawRectangle)
    OLED_GPIO_Init                           0x08003395   Thumb Code    38  oled.o(i.OLED_GPIO_Init)
    OLED_I2C_SendByte                        0x080033bb   Thumb Code    58  oled.o(i.OLED_I2C_SendByte)
    OLED_I2C_Start                           0x080033f5   Thumb Code    30  oled.o(i.OLED_I2C_Start)
    OLED_I2C_Stop                            0x08003413   Thumb Code    24  oled.o(i.OLED_I2C_Stop)
    OLED_Init                                0x0800342b   Thumb Code   156  oled.o(i.OLED_Init)
    OLED_Pow                                 0x080034c7   Thumb Code    14  oled.o(i.OLED_Pow)
    OLED_ReverseArea                         0x080034d5   Thumb Code    84  oled.o(i.OLED_ReverseArea)
    OLED_SetCursor                           0x0800352d   Thumb Code    34  oled.o(i.OLED_SetCursor)
    OLED_ShowChar                            0x08003551   Thumb Code    52  oled.o(i.OLED_ShowChar)
    OLED_ShowImage                           0x0800358d   Thumb Code   182  oled.o(i.OLED_ShowImage)
    OLED_ShowNum                             0x08003649   Thumb Code    70  oled.o(i.OLED_ShowNum)
    OLED_ShowString                          0x08003691   Thumb Code   356  oled.o(i.OLED_ShowString)
    OLED_Task_Entry                          0x080037fd   Thumb Code  4632  freertos.o(i.OLED_Task_Entry)
    OLED_Update                              0x08004a15   Thumb Code    34  oled.o(i.OLED_Update)
    OLED_W_SCL                               0x08004a3d   Thumb Code    12  oled.o(i.OLED_W_SCL)
    OLED_W_SDA                               0x08004a4d   Thumb Code    12  oled.o(i.OLED_W_SDA)
    OLED_WriteCommand                        0x08004a5d   Thumb Code    34  oled.o(i.OLED_WriteCommand)
    OLED_WriteData                           0x08004a7f   Thumb Code    48  oled.o(i.OLED_WriteData)
    StartDefaultTask                         0x08004cc3   Thumb Code    12  freertos.o(i.StartDefaultTask)
    SysTick_Handler                          0x08004ccf   Thumb Code    24  stm32f1xx_it.o(i.SysTick_Handler)
    SystemClock_Config                       0x08004ce7   Thumb Code   134  main.o(i.SystemClock_Config)
    SystemInit                               0x08004d6d   Thumb Code     2  system_stm32f1xx.o(i.SystemInit)
    TIM_Base_SetConfig                       0x08004d71   Thumb Code   108  stm32f1xx_hal_tim.o(i.TIM_Base_SetConfig)
    TIM_CCxChannelCmd                        0x08004de9   Thumb Code    26  stm32f1xx_hal_tim.o(i.TIM_CCxChannelCmd)
    TIM_DMADelayPulseHalfCplt                0x08004e61   Thumb Code    56  stm32f1xx_hal_tim.o(i.TIM_DMADelayPulseHalfCplt)
    TIM_DMAError                             0x08004e99   Thumb Code    84  stm32f1xx_hal_tim.o(i.TIM_DMAError)
    TIM_OC2_SetConfig                        0x08004f3d   Thumb Code    84  stm32f1xx_hal_tim.o(i.TIM_OC2_SetConfig)
    UsageFault_Handler                       0x08005031   Thumb Code     2  stm32f1xx_it.o(i.UsageFault_Handler)
    WS2812B_Init                             0x0800512d   Thumb Code     6  ws2812b.o(i.WS2812B_Init)
    WS2812B_IsBusy                           0x08005139   Thumb Code     6  ws2812b.o(i.WS2812B_IsBusy)
    WS2812B_RenderFrame                      0x08005145   Thumb Code   224  ws2812b.o(i.WS2812B_RenderFrame)
    WS2812B_ResetAnim                        0x08005235   Thumb Code    12  ws2812b.o(i.WS2812B_ResetAnim)
    WS2812B_SetAll                           0x08005245   Thumb Code    32  ws2812b.o(i.WS2812B_SetAll)
    WS2812B_SetPixel                         0x08005265   Thumb Code    22  ws2812b.o(i.WS2812B_SetPixel)
    WS2812B_Show                             0x08005281   Thumb Code    54  ws2812b.o(i.WS2812B_Show)
    WS2812B_UpdateMode                       0x080052c1   Thumb Code    14  ws2812b.o(i.WS2812B_UpdateMode)
    WS2812_Task_Entry                        0x080052d5   Thumb Code    30  freertos.o(i.WS2812_Task_Entry)
    _is_digit                                0x08005319   Thumb Code    14  __printf_wp.o(i._is_digit)
    delay_us                                 0x08005329   Thumb Code    22  delay.o(i.delay_us)
    main                                     0x08005345   Thumb Code   130  main.o(i.main)
    osDelay                                  0x080053d1   Thumb Code    26  cmsis_os2.o(i.osDelay)
    osKernelGetState                         0x080053ed   Thumb Code    28  cmsis_os2.o(i.osKernelGetState)
    osKernelInitialize                       0x0800540d   Thumb Code    32  cmsis_os2.o(i.osKernelInitialize)
    osKernelStart                            0x08005431   Thumb Code    48  cmsis_os2.o(i.osKernelStart)
    osThreadNew                              0x08005469   Thumb Code   138  cmsis_os2.o(i.osThreadNew)
    pvPortMalloc                             0x08005c89   Thumb Code   216  heap_4.o(i.pvPortMalloc)
    pxPortInitialiseStack                    0x08005d65   Thumb Code    32  port.o(i.pxPortInitialiseStack)
    uxListRemove                             0x08005d89   Thumb Code    38  list.o(i.uxListRemove)
    vApplicationGetIdleTaskMemory            0x08005db1   Thumb Code    16  cmsis_os2.o(i.vApplicationGetIdleTaskMemory)
    vApplicationGetTimerTaskMemory           0x08005dc5   Thumb Code    18  cmsis_os2.o(i.vApplicationGetTimerTaskMemory)
    vListInitialise                          0x08005ddd   Thumb Code    22  list.o(i.vListInitialise)
    vListInitialiseItem                      0x08005df3   Thumb Code     6  list.o(i.vListInitialiseItem)
    vListInsert                              0x08005df9   Thumb Code    48  list.o(i.vListInsert)
    vListInsertEnd                           0x08005e29   Thumb Code    24  list.o(i.vListInsertEnd)
    vPortEnterCritical                       0x08005e41   Thumb Code    54  port.o(i.vPortEnterCritical)
    vPortExitCritical                        0x08005e81   Thumb Code    34  port.o(i.vPortExitCritical)
    vPortFree                                0x08005ea9   Thumb Code    94  heap_4.o(i.vPortFree)
    vPortSetupTimerInterrupt                 0x08005f0d   Thumb Code    32  port.o(i.vPortSetupTimerInterrupt)
    vPortValidateInterruptPriority           0x08005f31   Thumb Code    74  port.o(i.vPortValidateInterruptPriority)
    vQueueAddToRegistry                      0x08005f85   Thumb Code    34  queue.o(i.vQueueAddToRegistry)
    vQueueWaitForMessageRestricted           0x08005fad   Thumb Code    68  queue.o(i.vQueueWaitForMessageRestricted)
    vTaskDelay                               0x08005ff1   Thumb Code    66  tasks.o(i.vTaskDelay)
    vTaskDelayUntil                          0x0800603d   Thumb Code   132  tasks.o(i.vTaskDelayUntil)
    vTaskInternalSetTimeOutState             0x080060c9   Thumb Code    12  tasks.o(i.vTaskInternalSetTimeOutState)
    vTaskMissedYield                         0x080060d9   Thumb Code     8  tasks.o(i.vTaskMissedYield)
    vTaskPlaceOnEventList                    0x080060e5   Thumb Code    44  tasks.o(i.vTaskPlaceOnEventList)
    vTaskPlaceOnEventListRestricted          0x08006115   Thumb Code    52  tasks.o(i.vTaskPlaceOnEventListRestricted)
    vTaskStartScheduler                      0x0800614d   Thumb Code   118  tasks.o(i.vTaskStartScheduler)
    vTaskSuspendAll                          0x080061d5   Thumb Code    10  tasks.o(i.vTaskSuspendAll)
    vTaskSwitchContext                       0x080061e5   Thumb Code    90  tasks.o(i.vTaskSwitchContext)
    xPortStartScheduler                      0x08006249   Thumb Code   154  port.o(i.xPortStartScheduler)
    xPortSysTickHandler                      0x080062f1   Thumb Code    38  port.o(i.xPortSysTickHandler)
    xQueueGenericCreate                      0x0800631d   Thumb Code    66  queue.o(i.xQueueGenericCreate)
    xQueueGenericCreateStatic                0x0800635f   Thumb Code   102  queue.o(i.xQueueGenericCreateStatic)
    xQueueGenericReset                       0x080063c5   Thumb Code   132  queue.o(i.xQueueGenericReset)
    xQueueGenericSend                        0x0800644d   Thumb Code   346  queue.o(i.xQueueGenericSend)
    xQueueGenericSendFromISR                 0x080065ad   Thumb Code   190  queue.o(i.xQueueGenericSendFromISR)
    xQueueReceive                            0x0800666d   Thumb Code   308  queue.o(i.xQueueReceive)
    xTaskCheckForTimeOut                     0x080067a5   Thumb Code   112  tasks.o(i.xTaskCheckForTimeOut)
    xTaskCreate                              0x08006819   Thumb Code    90  tasks.o(i.xTaskCreate)
    xTaskCreateStatic                        0x08006873   Thumb Code    86  tasks.o(i.xTaskCreateStatic)
    xTaskGetSchedulerState                   0x080068c9   Thumb Code    22  tasks.o(i.xTaskGetSchedulerState)
    xTaskGetTickCount                        0x080068e5   Thumb Code     6  tasks.o(i.xTaskGetTickCount)
    xTaskIncrementTick                       0x080068f1   Thumb Code   192  tasks.o(i.xTaskIncrementTick)
    xTaskPriorityDisinherit                  0x080069b9   Thumb Code   118  tasks.o(i.xTaskPriorityDisinherit)
    xTaskRemoveFromEventList                 0x08006a39   Thumb Code    98  tasks.o(i.xTaskRemoveFromEventList)
    xTaskResumeAll                           0x08006aa9   Thumb Code   182  tasks.o(i.xTaskResumeAll)
    xTimerCreateTimerTask                    0x08006b6d   Thumb Code    78  timers.o(i.xTimerCreateTimerTask)
    xTimerGenericCommand                     0x08006bcd   Thumb Code    98  timers.o(i.xTimerGenericCommand)
    defaultTask_attributes                   0x08006c4c   Data          36  freertos.o(.constdata)
    AHBPrescTable                            0x08006cb8   Data          16  system_stm32f1xx.o(.constdata)
    APBPrescTable                            0x08006cc8   Data           8  system_stm32f1xx.o(.constdata)
    OLED_F8x16                               0x08006cd0   Data        1520  oled_data.o(.constdata)
    OLED_F6x8                                0x080072c0   Data         570  oled_data.o(.constdata)
    OLED_CF16x16                             0x080074fa   Data         777  oled_data.o(.constdata)
    Region$$Table$$Base                      0x080078b0   Number         0  anon$$obj.o(Region$$Table)
    Region$$Table$$Limit                     0x080078d0   Number         0  anon$$obj.o(Region$$Table)
    sTime                                    0x20000000   Data           3  main.o(.data)
    sDate                                    0x20000003   Data           4  main.o(.data)
    g_GlobalKeyNum                           0x20000008   Data           1  freertos.o(.data)
    g_MenuIndex                              0x20000009   Data           1  freertos.o(.data)
    g_MenuEnterFlag                          0x2000000a   Data           1  freertos.o(.data)
    g_LedModeAuto                            0x2000000b   Data           1  freertos.o(.data)
    g_EnvTemp                                0x2000000c   Data           1  freertos.o(.data)
    g_EnvHumi                                0x2000000d   Data           1  freertos.o(.data)
    g_EnvTempDec                             0x2000000e   Data           1  freertos.o(.data)
    g_EnvHumiDec                             0x2000000f   Data           1  freertos.o(.data)
    g_EnvValid                               0x20000010   Data           1  freertos.o(.data)
    g_EnvLastStatus                          0x20000011   Data           1  freertos.o(.data)
    g_LightPercent                           0x20000012   Data           1  freertos.o(.data)
    g_Mq2Percent                             0x20000013   Data           1  freertos.o(.data)
    g_AlarmHour                              0x20000014   Data           1  freertos.o(.data)
    g_AlarmMin                               0x20000015   Data           1  freertos.o(.data)
    g_Mq2Threshold                           0x20000016   Data           1  freertos.o(.data)
    g_WsMode                                 0x20000017   Data           1  freertos.o(.data)
    g_LastEncStep                            0x20000018   Data           2  freertos.o(.data)
    g_LightRaw                               0x2000001a   Data           2  freertos.o(.data)
    g_SwitchState                            0x2000001c   Data           2  freertos.o(.data)
    g_LedBrightness                          0x2000001e   Data           3  freertos.o(.data)
    xKeyQueue                                0x20000024   Data           4  freertos.o(.data)
    KeyTaskHandle                            0x20000028   Data           4  freertos.o(.data)
    OLEDTaskHandle                           0x2000002c   Data           4  freertos.o(.data)
    LEDTaskHandle                            0x20000030   Data           4  freertos.o(.data)
    ENVTaskHandle                            0x20000034   Data           4  freertos.o(.data)
    WS2812TaskHandle                         0x20000038   Data           4  freertos.o(.data)
    defaultTaskHandle                        0x2000003c   Data           4  freertos.o(.data)
    uwTickFreq                               0x20000040   Data           1  stm32f1xx_hal.o(.data)
    uwTickPrio                               0x20000044   Data           4  stm32f1xx_hal.o(.data)
    uwTick                                   0x20000048   Data           4  stm32f1xx_hal.o(.data)
    SystemCoreClock                          0x2000004c   Data           4  system_stm32f1xx.o(.data)
    pxCurrentTCB                             0x20000064   Data           4  tasks.o(.data)
    hadc1                                    0x200000e4   Data          48  adc.o(.bss)
    hrtc                                     0x20000114   Data          20  rtc.o(.bss)
    htim1                                    0x20000128   Data          72  tim.o(.bss)
    htim2                                    0x20000170   Data          72  tim.o(.bss)
    htim3                                    0x200001b8   Data          72  tim.o(.bss)
    hdma_tim1_ch3                            0x20000200   Data          68  tim.o(.bss)
    OLED_DisplayBuf                          0x20000244   Data        1024  oled.o(.bss)
    xQueueRegistry                           0x200008f8   Data          64  queue.o(.bss)
    __libspace_start                         0x200035cc   Data          96  libspace.o(.bss)
    __temporary_stack_top$libspace           0x2000362c   Data           0  libspace.o(.bss)



==============================================================================

Memory Map of the image

  Image Entry point : 0x080000ed

  Load Region LR_IROM1 (Base: 0x08000000, Size: 0x000079b4, Max: 0x00010000, ABSOLUTE)

    Execution Region ER_IROM1 (Exec base: 0x08000000, Load base: 0x08000000, Size: 0x000078d0, Max: 0x00010000, ABSOLUTE)

    Exec Addr    Load Addr    Size         Type   Attr      Idx    E Section Name        Object

    0x08000000   0x08000000   0x000000ec   Data   RO            3    RESET               startup_stm32f103xb.o
    0x080000ec   0x080000ec   0x00000008   Code   RO         5849  * !!!main             c_w.l(__main.o)
    0x080000f4   0x080000f4   0x00000034   Code   RO         6255    !!!scatter          c_w.l(__scatter.o)
    0x08000128   0x08000128   0x0000001a   Code   RO         6257    !!handler_copy      c_w.l(__scatter_copy.o)
    0x08000142   0x08000142   0x00000002   PAD
    0x08000144   0x08000144   0x0000001c   Code   RO         6259    !!handler_zi        c_w.l(__scatter_zi.o)
    0x08000160   0x08000160   0x00000000   Code   RO         5834    .ARM.Collect$$_printf_percent$$00000000  c_w.l(_printf_percent.o)
    0x08000160   0x08000160   0x00000006   Code   RO         5832    .ARM.Collect$$_printf_percent$$00000009  c_w.l(_printf_d.o)
    0x08000166   0x08000166   0x00000004   Code   RO         5965    .ARM.Collect$$_printf_percent$$00000017  c_w.l(_printf_percent_end.o)
    0x0800016a   0x0800016a   0x00000002   Code   RO         6115    .ARM.Collect$$libinit$$00000000  c_w.l(libinit.o)
    0x0800016c   0x0800016c   0x00000000   Code   RO         6126    .ARM.Collect$$libinit$$00000002  c_w.l(libinit2.o)
    0x0800016c   0x0800016c   0x00000000   Code   RO         6128    .ARM.Collect$$libinit$$00000004  c_w.l(libinit2.o)
    0x0800016c   0x0800016c   0x00000000   Code   RO         6131    .ARM.Collect$$libinit$$0000000A  c_w.l(libinit2.o)
    0x0800016c   0x0800016c   0x00000000   Code   RO         6133    .ARM.Collect$$libinit$$0000000C  c_w.l(libinit2.o)
    0x0800016c   0x0800016c   0x00000000   Code   RO         6135    .ARM.Collect$$libinit$$0000000E  c_w.l(libinit2.o)
    0x0800016c   0x0800016c   0x00000000   Code   RO         6138    .ARM.Collect$$libinit$$00000011  c_w.l(libinit2.o)
    0x0800016c   0x0800016c   0x00000000   Code   RO         6140    .ARM.Collect$$libinit$$00000013  c_w.l(libinit2.o)
    0x0800016c   0x0800016c   0x00000000   Code   RO         6142    .ARM.Collect$$libinit$$00000015  c_w.l(libinit2.o)
    0x0800016c   0x0800016c   0x00000000   Code   RO         6144    .ARM.Collect$$libinit$$00000017  c_w.l(libinit2.o)
    0x0800016c   0x0800016c   0x00000000   Code   RO         6146    .ARM.Collect$$libinit$$00000019  c_w.l(libinit2.o)
    0x0800016c   0x0800016c   0x00000000   Code   RO         6148    .ARM.Collect$$libinit$$0000001B  c_w.l(libinit2.o)
    0x0800016c   0x0800016c   0x00000000   Code   RO         6150    .ARM.Collect$$libinit$$0000001D  c_w.l(libinit2.o)
    0x0800016c   0x0800016c   0x00000000   Code   RO         6152    .ARM.Collect$$libinit$$0000001F  c_w.l(libinit2.o)
    0x0800016c   0x0800016c   0x00000000   Code   RO         6154    .ARM.Collect$$libinit$$00000021  c_w.l(libinit2.o)
    0x0800016c   0x0800016c   0x00000000   Code   RO         6156    .ARM.Collect$$libinit$$00000023  c_w.l(libinit2.o)
    0x0800016c   0x0800016c   0x00000000   Code   RO         6158    .ARM.Collect$$libinit$$00000025  c_w.l(libinit2.o)
    0x0800016c   0x0800016c   0x00000000   Code   RO         6162    .ARM.Collect$$libinit$$0000002C  c_w.l(libinit2.o)
    0x0800016c   0x0800016c   0x00000000   Code   RO         6164    .ARM.Collect$$libinit$$0000002E  c_w.l(libinit2.o)
    0x0800016c   0x0800016c   0x00000000   Code   RO         6166    .ARM.Collect$$libinit$$00000030  c_w.l(libinit2.o)
    0x0800016c   0x0800016c   0x00000000   Code   RO         6168    .ARM.Collect$$libinit$$00000032  c_w.l(libinit2.o)
    0x0800016c   0x0800016c   0x00000002   Code   RO         6169    .ARM.Collect$$libinit$$00000033  c_w.l(libinit2.o)
    0x0800016e   0x0800016e   0x00000002   Code   RO         6193    .ARM.Collect$$libshutdown$$00000000  c_w.l(libshutdown.o)
    0x08000170   0x08000170   0x00000000   Code   RO         6206    .ARM.Collect$$libshutdown$$00000002  c_w.l(libshutdown2.o)
    0x08000170   0x08000170   0x00000000   Code   RO         6208    .ARM.Collect$$libshutdown$$00000004  c_w.l(libshutdown2.o)
    0x08000170   0x08000170   0x00000000   Code   RO         6210    .ARM.Collect$$libshutdown$$00000006  c_w.l(libshutdown2.o)
    0x08000170   0x08000170   0x00000000   Code   RO         6213    .ARM.Collect$$libshutdown$$00000009  c_w.l(libshutdown2.o)
    0x08000170   0x08000170   0x00000000   Code   RO         6216    .ARM.Collect$$libshutdown$$0000000C  c_w.l(libshutdown2.o)
    0x08000170   0x08000170   0x00000000   Code   RO         6218    .ARM.Collect$$libshutdown$$0000000E  c_w.l(libshutdown2.o)
    0x08000170   0x08000170   0x00000000   Code   RO         6221    .ARM.Collect$$libshutdown$$00000011  c_w.l(libshutdown2.o)
    0x08000170   0x08000170   0x00000002   Code   RO         6222    .ARM.Collect$$libshutdown$$00000012  c_w.l(libshutdown2.o)
    0x08000172   0x08000172   0x00000000   Code   RO         5905    .ARM.Collect$$rtentry$$00000000  c_w.l(__rtentry.o)
    0x08000172   0x08000172   0x00000000   Code   RO         6026    .ARM.Collect$$rtentry$$00000002  c_w.l(__rtentry2.o)
    0x08000172   0x08000172   0x00000006   Code   RO         6038    .ARM.Collect$$rtentry$$00000004  c_w.l(__rtentry4.o)
    0x08000178   0x08000178   0x00000000   Code   RO         6028    .ARM.Collect$$rtentry$$00000009  c_w.l(__rtentry2.o)
    0x08000178   0x08000178   0x00000004   Code   RO         6029    .ARM.Collect$$rtentry$$0000000A  c_w.l(__rtentry2.o)
    0x0800017c   0x0800017c   0x00000000   Code   RO         6031    .ARM.Collect$$rtentry$$0000000C  c_w.l(__rtentry2.o)
    0x0800017c   0x0800017c   0x00000008   Code   RO         6032    .ARM.Collect$$rtentry$$0000000D  c_w.l(__rtentry2.o)
    0x08000184   0x08000184   0x00000002   Code   RO         6120    .ARM.Collect$$rtexit$$00000000  c_w.l(rtexit.o)
    0x08000186   0x08000186   0x00000000   Code   RO         6173    .ARM.Collect$$rtexit$$00000002  c_w.l(rtexit2.o)
    0x08000186   0x08000186   0x00000004   Code   RO         6174    .ARM.Collect$$rtexit$$00000003  c_w.l(rtexit2.o)
    0x0800018a   0x0800018a   0x00000006   Code   RO         6175    .ARM.Collect$$rtexit$$00000004  c_w.l(rtexit2.o)
    0x08000190   0x08000190   0x00000096   Code   RO         5719    .emb_text           port.o
    0x08000226   0x08000226   0x00000002   PAD
    0x08000228   0x08000228   0x00000040   Code   RO            4    .text               startup_stm32f103xb.o
    0x08000268   0x08000268   0x00000038   Code   RO         5802    .text               c_w.l(__2snprintf.o)
    0x080002a0   0x080002a0   0x0000004e   Code   RO         5808    .text               c_w.l(_printf_pad.o)
    0x080002ee   0x080002ee   0x00000002   PAD
    0x080002f0   0x080002f0   0x00000078   Code   RO         5810    .text               c_w.l(_printf_dec.o)
    0x08000368   0x08000368   0x00000188   Code   RO         5829    .text               c_w.l(__printf_flags_ss_wp.o)
    0x080004f0   0x080004f0   0x0000008a   Code   RO         5835    .text               c_w.l(rt_memcpy_v6.o)
    0x0800057a   0x0800057a   0x00000064   Code   RO         5837    .text               c_w.l(rt_memcpy_w.o)
    0x080005de   0x080005de   0x00000010   Code   RO         5841    .text               c_w.l(aeabi_memset.o)
    0x080005ee   0x080005ee   0x0000004e   Code   RO         5843    .text               c_w.l(rt_memclr_w.o)
    0x0800063c   0x0800063c   0x00000080   Code   RO         5845    .text               c_w.l(strcmpv7m.o)
    0x080006bc   0x080006bc   0x00000006   Code   RO         5847    .text               c_w.l(heapauxi.o)
    0x080006c2   0x080006c2   0x000000b2   Code   RO         5912    .text               c_w.l(_printf_intcommon.o)
    0x08000774   0x08000774   0x00000030   Code   RO         5916    .text               c_w.l(_printf_char_common.o)
    0x080007a4   0x080007a4   0x0000000a   Code   RO         5918    .text               c_w.l(_sputc.o)
    0x080007ae   0x080007ae   0x00000010   Code   RO         5920    .text               c_w.l(_snputc.o)
    0x080007be   0x080007be   0x00000044   Code   RO         5975    .text               c_w.l(rt_memclr.o)
    0x08000802   0x08000802   0x00000002   PAD
    0x08000804   0x08000804   0x00000008   Code   RO         6066    .text               c_w.l(libspace.o)
    0x0800080c   0x0800080c   0x0000004a   Code   RO         6069    .text               c_w.l(sys_stackheap_outer.o)
    0x08000856   0x08000856   0x00000012   Code   RO         6108    .text               c_w.l(exit.o)
    0x08000868   0x08000868   0x0000000c   Code   RO         6185    .text               c_w.l(sys_exit.o)
    0x08000874   0x08000874   0x00000002   Code   RO         6196    .text               c_w.l(use_no_semi.o)
    0x08000876   0x08000876   0x00000000   Code   RO         6198    .text               c_w.l(indicate_semi.o)
    0x08000876   0x08000876   0x00000002   PAD
    0x08000878   0x08000878   0x00000056   Code   RO          789    i.ADC_ConversionStop_Disable  stm32f1xx_hal_adc.o
    0x080008ce   0x080008ce   0x00000002   PAD
    0x080008d0   0x080008d0   0x0000007c   Code   RO          793    i.ADC_Enable        stm32f1xx_hal_adc.o
    0x0800094c   0x0800094c   0x00000004   Code   RO         3899    i.BEEP_Init         beep.o
    0x08000950   0x08000950   0x00000010   Code   RO         3900    i.BEEP_Off          beep.o
    0x08000960   0x08000960   0x00000010   Code   RO         3902    i.BEEP_Toggle       beep.o
    0x08000970   0x08000970   0x00000002   Code   RO          659    i.BusFault_Handler  stm32f1xx_it.o
    0x08000972   0x08000972   0x00000004   Code   RO         3768    i.DHT11_Init        dht11.o
    0x08000976   0x08000976   0x00000002   PAD
    0x08000978   0x08000978   0x00000020   Code   RO         3769    i.DHT11_PinInputPullup  dht11.o
    0x08000998   0x08000998   0x00000118   Code   RO         3770    i.DHT11_Read        dht11.o
    0x08000ab0   0x08000ab0   0x00000056   Code   RO         3771    i.DHT11_ReadByte    dht11.o
    0x08000b06   0x08000b06   0x00000002   PAD
    0x08000b08   0x08000b08   0x00000010   Code   RO         3772    i.DHT11_ReadPin     dht11.o
    0x08000b18   0x08000b18   0x00000022   Code   RO         3773    i.DHT11_WaitLevel   dht11.o
    0x08000b3a   0x08000b3a   0x00000002   PAD
    0x08000b3c   0x08000b3c   0x0000000c   Code   RO          660    i.DMA1_Channel6_IRQHandler  stm32f1xx_it.o
    0x08000b48   0x08000b48   0x0000002a   Code   RO         1445    i.DMA_SetConfig     stm32f1xx_hal_dma.o
    0x08000b72   0x08000b72   0x00000002   Code   RO          661    i.DebugMon_Handler  stm32f1xx_it.o
    0x08000b74   0x08000b74   0x00000100   Code   RO          234    i.ENV_Task_Entry    freertos.o
    0x08000c74   0x08000c74   0x00000004   Code   RO           13    i.Error_Handler     main.o
    0x08000c78   0x08000c78   0x000000fc   Code   RO          795    i.HAL_ADC_ConfigChannel  stm32f1xx_hal_adc.o
    0x08000d74   0x08000d74   0x00000006   Code   RO          802    i.HAL_ADC_GetValue  stm32f1xx_hal_adc.o
    0x08000d7a   0x08000d7a   0x00000002   PAD
    0x08000d7c   0x08000d7c   0x0000011c   Code   RO          804    i.HAL_ADC_Init      stm32f1xx_hal_adc.o
    0x08000e98   0x08000e98   0x00000058   Code   RO          476    i.HAL_ADC_MspInit   adc.o
    0x08000ef0   0x08000ef0   0x0000013c   Code   RO          808    i.HAL_ADC_PollForConversion  stm32f1xx_hal_adc.o
    0x0800102c   0x0800102c   0x000000c0   Code   RO          810    i.HAL_ADC_Start     stm32f1xx_hal_adc.o
    0x080010ec   0x080010ec   0x00000034   Code   RO          813    i.HAL_ADC_Stop      stm32f1xx_hal_adc.o
    0x08001120   0x08001120   0x00000098   Code   RO         1447    i.HAL_DMA_Abort_IT  stm32f1xx_hal_dma.o
    0x080011b8   0x080011b8   0x00000154   Code   RO         1451    i.HAL_DMA_IRQHandler  stm32f1xx_hal_dma.o
    0x0800130c   0x0800130c   0x0000005c   Code   RO         1452    i.HAL_DMA_Init      stm32f1xx_hal_dma.o
    0x08001368   0x08001368   0x00000070   Code   RO         1456    i.HAL_DMA_Start_IT  stm32f1xx_hal_dma.o
    0x080013d8   0x080013d8   0x00000024   Code   RO         1072    i.HAL_Delay         stm32f1xx_hal.o
    0x080013fc   0x080013fc   0x000001e0   Code   RO         1382    i.HAL_GPIO_Init     stm32f1xx_hal_gpio.o
    0x080015dc   0x080015dc   0x0000000a   Code   RO         1384    i.HAL_GPIO_ReadPin  stm32f1xx_hal_gpio.o
    0x080015e6   0x080015e6   0x00000010   Code   RO         1385    i.HAL_GPIO_TogglePin  stm32f1xx_hal_gpio.o
    0x080015f6   0x080015f6   0x0000000a   Code   RO         1386    i.HAL_GPIO_WritePin  stm32f1xx_hal_gpio.o
    0x08001600   0x08001600   0x0000000c   Code   RO         1076    i.HAL_GetTick       stm32f1xx_hal.o
    0x0800160c   0x0800160c   0x00000010   Code   RO         1082    i.HAL_IncTick       stm32f1xx_hal.o
    0x0800161c   0x0800161c   0x00000024   Code   RO         1083    i.HAL_Init          stm32f1xx_hal.o
    0x08001640   0x08001640   0x00000040   Code   RO         1084    i.HAL_InitTick      stm32f1xx_hal.o
    0x08001680   0x08001680   0x00000048   Code   RO          729    i.HAL_MspInit       stm32f1xx_hal_msp.o
    0x080016c8   0x080016c8   0x0000001a   Code   RO         1542    i.HAL_NVIC_EnableIRQ  stm32f1xx_hal_cortex.o
    0x080016e2   0x080016e2   0x00000002   PAD
    0x080016e4   0x080016e4   0x00000040   Code   RO         1548    i.HAL_NVIC_SetPriority  stm32f1xx_hal_cortex.o
    0x08001724   0x08001724   0x00000024   Code   RO         1549    i.HAL_NVIC_SetPriorityGrouping  stm32f1xx_hal_cortex.o
    0x08001748   0x08001748   0x0000000c   Code   RO         1664    i.HAL_PWR_EnableBkUpAccess  stm32f1xx_hal_pwr.o
    0x08001754   0x08001754   0x000000a4   Code   RO         1343    i.HAL_RCCEx_GetPeriphCLKFreq  stm32f1xx_hal_rcc_ex.o
    0x080017f8   0x080017f8   0x000000ec   Code   RO         1344    i.HAL_RCCEx_PeriphCLKConfig  stm32f1xx_hal_rcc_ex.o
    0x080018e4   0x080018e4   0x0000012c   Code   RO         1240    i.HAL_RCC_ClockConfig  stm32f1xx_hal_rcc.o
    0x08001a10   0x08001a10   0x0000000c   Code   RO         1245    i.HAL_RCC_GetHCLKFreq  stm32f1xx_hal_rcc.o
    0x08001a1c   0x08001a1c   0x00000020   Code   RO         1248    i.HAL_RCC_GetPCLK2Freq  stm32f1xx_hal_rcc.o
    0x08001a3c   0x08001a3c   0x0000004c   Code   RO         1249    i.HAL_RCC_GetSysClockFreq  stm32f1xx_hal_rcc.o
    0x08001a88   0x08001a88   0x00000320   Code   RO         1252    i.HAL_RCC_OscConfig  stm32f1xx_hal_rcc.o
    0x08001da8   0x08001da8   0x00000010   Code   RO         2212    i.HAL_RTCEx_BKUPRead  stm32f1xx_hal_rtc_ex.o
    0x08001db8   0x08001db8   0x00000010   Code   RO         2213    i.HAL_RTCEx_BKUPWrite  stm32f1xx_hal_rtc_ex.o
    0x08001dc8   0x08001dc8   0x0000004e   Code   RO         2047    i.HAL_RTC_GetDate   stm32f1xx_hal_rtc.o
    0x08001e16   0x08001e16   0x000000d8   Code   RO         2049    i.HAL_RTC_GetTime   stm32f1xx_hal_rtc.o
    0x08001eee   0x08001eee   0x00000002   PAD
    0x08001ef0   0x08001ef0   0x00000094   Code   RO         2050    i.HAL_RTC_Init      stm32f1xx_hal_rtc.o
    0x08001f84   0x08001f84   0x00000034   Code   RO          542    i.HAL_RTC_MspInit   rtc.o
    0x08001fb8   0x08001fb8   0x000000c4   Code   RO         2056    i.HAL_RTC_SetDate   stm32f1xx_hal_rtc.o
    0x0800207c   0x0800207c   0x000000ac   Code   RO         2057    i.HAL_RTC_SetTime   stm32f1xx_hal_rtc.o
    0x08002128   0x08002128   0x0000003a   Code   RO         2058    i.HAL_RTC_WaitForSynchro  stm32f1xx_hal_rtc.o
    0x08002162   0x08002162   0x00000028   Code   RO         1553    i.HAL_SYSTICK_Config  stm32f1xx_hal_cortex.o
    0x0800218a   0x0800218a   0x00000054   Code   RO         3023    i.HAL_TIMEx_ConfigBreakDeadTime  stm32f1xx_hal_tim_ex.o
    0x080021de   0x080021de   0x00000002   PAD
    0x080021e0   0x080021e0   0x00000068   Code   RO         3039    i.HAL_TIMEx_MasterConfigSynchronization  stm32f1xx_hal_tim_ex.o
    0x08002248   0x08002248   0x000000a4   Code   RO         2337    i.HAL_TIM_Encoder_Init  stm32f1xx_hal_tim.o
    0x080022ec   0x080022ec   0x0000008c   Code   RO          584    i.HAL_TIM_Encoder_MspInit  tim.o
    0x08002378   0x08002378   0x0000008e   Code   RO         2340    i.HAL_TIM_Encoder_Start  stm32f1xx_hal_tim.o
    0x08002406   0x08002406   0x00000002   Code   RO         2346    i.HAL_TIM_ErrorCallback  stm32f1xx_hal_tim.o
    0x08002408   0x08002408   0x000000a8   Code   RO          585    i.HAL_TIM_MspPostInit  tim.o
    0x080024b0   0x080024b0   0x000000cc   Code   RO         2388    i.HAL_TIM_PWM_ConfigChannel  stm32f1xx_hal_tim.o
    0x0800257c   0x0800257c   0x0000005a   Code   RO         2391    i.HAL_TIM_PWM_Init  stm32f1xx_hal_tim.o
    0x080025d6   0x080025d6   0x00000002   PAD
    0x080025d8   0x080025d8   0x0000007c   Code   RO          587    i.HAL_TIM_PWM_MspInit  tim.o
    0x08002654   0x08002654   0x00000014   Code   RO         3948    i.HAL_TIM_PWM_PulseFinishedCallback  ws2812b.o
    0x08002668   0x08002668   0x00000002   Code   RO         2395    i.HAL_TIM_PWM_PulseFinishedHalfCpltCallback  stm32f1xx_hal_tim.o
    0x0800266a   0x0800266a   0x00000002   PAD
    0x0800266c   0x0800266c   0x0000009c   Code   RO         2396    i.HAL_TIM_PWM_Start  stm32f1xx_hal_tim.o
    0x08002708   0x08002708   0x00000194   Code   RO         2397    i.HAL_TIM_PWM_Start_DMA  stm32f1xx_hal_tim.o
    0x0800289c   0x0800289c   0x000000c4   Code   RO         2400    i.HAL_TIM_PWM_Stop_DMA  stm32f1xx_hal_tim.o
    0x08002960   0x08002960   0x00000002   Code   RO          662    i.HardFault_Handler  stm32f1xx_it.o
    0x08002962   0x08002962   0x00000002   PAD
    0x08002964   0x08002964   0x00000044   Code   RO         3617    i.Key_GetState      key.o
    0x080029a8   0x080029a8   0x0000006c   Code   RO          235    i.Key_Task_Entry    freertos.o
    0x08002a14   0x08002a14   0x00000038   Code   RO          236    i.LED_Control_Task_Entry  freertos.o
    0x08002a4c   0x08002a4c   0x00000020   Code   RO         3709    i.LED_PWM_Init      led.o
    0x08002a6c   0x08002a6c   0x00000034   Code   RO         3710    i.LED_PWM_Start     led.o
    0x08002aa0   0x08002aa0   0x00000022   Code   RO         3712    i.LED_SetAllPercent  led.o
    0x08002ac2   0x08002ac2   0x00000002   PAD
    0x08002ac4   0x08002ac4   0x00000028   Code   RO         3713    i.LED_SetBrightnessPercent  led.o
    0x08002aec   0x08002aec   0x00000048   Code   RO         3714    i.LED_SetCompare    led.o
    0x08002b34   0x08002b34   0x00000040   Code   RO         3827    i.LightSensor_ReadRaw  light_sensor.o
    0x08002b74   0x08002b74   0x00000016   Code   RO         3860    i.MQ2_ReadPercent   mq2.o
    0x08002b8a   0x08002b8a   0x00000002   PAD
    0x08002b8c   0x08002b8c   0x00000040   Code   RO         3861    i.MQ2_ReadRaw       mq2.o
    0x08002bcc   0x08002bcc   0x00000050   Code   RO          477    i.MX_ADC1_Init      adc.o
    0x08002c1c   0x08002c1c   0x0000002c   Code   RO          517    i.MX_DMA_Init       dma.o
    0x08002c48   0x08002c48   0x00000104   Code   RO          238    i.MX_FREERTOS_Init  freertos.o
    0x08002d4c   0x08002d4c   0x000000f0   Code   RO          210    i.MX_GPIO_Init      gpio.o
    0x08002e3c   0x08002e3c   0x00000084   Code   RO          543    i.MX_RTC_Init       rtc.o
    0x08002ec0   0x08002ec0   0x000000a0   Code   RO          588    i.MX_TIM1_Init      tim.o
    0x08002f60   0x08002f60   0x0000006c   Code   RO          589    i.MX_TIM2_Init      tim.o
    0x08002fcc   0x08002fcc   0x000000a4   Code   RO          590    i.MX_TIM3_Init      tim.o
    0x08003070   0x08003070   0x00000010   Code   RO         3651    i.MY_ENCODER_GetClick  my_encoder.o
    0x08003080   0x08003080   0x00000010   Code   RO         3652    i.MY_ENCODER_GetMoveSteps  my_encoder.o
    0x08003090   0x08003090   0x00000040   Code   RO         3653    i.MY_ENCODER_Init   my_encoder.o
    0x080030d0   0x080030d0   0x00000090   Code   RO         3655    i.MY_ENCODER_Process  my_encoder.o
    0x08003160   0x08003160   0x00000018   Code   RO         3656    i.MY_ENCODER_ReadButtonRawLevel  my_encoder.o
    0x08003178   0x08003178   0x00000002   Code   RO          663    i.MemManage_Handler  stm32f1xx_it.o
    0x0800317a   0x0800317a   0x00000002   Code   RO          664    i.NMI_Handler       stm32f1xx_it.o
    0x0800317c   0x0800317c   0x00000028   Code   RO         3352    i.OLED_Clear        oled.o
    0x080031a4   0x080031a4   0x0000005c   Code   RO         3353    i.OLED_ClearArea    oled.o
    0x08003200   0x08003200   0x000000ea   Code   RO         3357    i.OLED_DrawLine     oled.o
    0x080032ea   0x080032ea   0x00000002   PAD
    0x080032ec   0x080032ec   0x00000034   Code   RO         3358    i.OLED_DrawPoint    oled.o
    0x08003320   0x08003320   0x00000074   Code   RO         3359    i.OLED_DrawRectangle  oled.o
    0x08003394   0x08003394   0x00000026   Code   RO         3361    i.OLED_GPIO_Init    oled.o
    0x080033ba   0x080033ba   0x0000003a   Code   RO         3363    i.OLED_I2C_SendByte  oled.o
    0x080033f4   0x080033f4   0x0000001e   Code   RO         3364    i.OLED_I2C_Start    oled.o
    0x08003412   0x08003412   0x00000018   Code   RO         3365    i.OLED_I2C_Stop     oled.o
    0x0800342a   0x0800342a   0x0000009c   Code   RO         3366    i.OLED_Init         oled.o
    0x080034c6   0x080034c6   0x0000000e   Code   RO         3368    i.OLED_Pow          oled.o
    0x080034d4   0x080034d4   0x00000058   Code   RO         3371    i.OLED_ReverseArea  oled.o
    0x0800352c   0x0800352c   0x00000022   Code   RO         3372    i.OLED_SetCursor    oled.o
    0x0800354e   0x0800354e   0x00000002   PAD
    0x08003550   0x08003550   0x0000003c   Code   RO         3374    i.OLED_ShowChar     oled.o
    0x0800358c   0x0800358c   0x000000bc   Code   RO         3377    i.OLED_ShowImage    oled.o
    0x08003648   0x08003648   0x00000046   Code   RO         3378    i.OLED_ShowNum      oled.o
    0x0800368e   0x0800368e   0x00000002   PAD
    0x08003690   0x08003690   0x0000016c   Code   RO         3380    i.OLED_ShowString   oled.o
    0x080037fc   0x080037fc   0x00001218   Code   RO          239    i.OLED_Task_Entry   freertos.o
    0x08004a14   0x08004a14   0x00000028   Code   RO         3381    i.OLED_Update       oled.o
    0x08004a3c   0x08004a3c   0x00000010   Code   RO         3383    i.OLED_W_SCL        oled.o
    0x08004a4c   0x08004a4c   0x00000010   Code   RO         3384    i.OLED_W_SDA        oled.o
    0x08004a5c   0x08004a5c   0x00000022   Code   RO         3385    i.OLED_WriteCommand  oled.o
    0x08004a7e   0x08004a7e   0x00000030   Code   RO         3386    i.OLED_WriteData    oled.o
    0x08004aae   0x08004aae   0x00000012   Code   RO         2059    i.RTC_Bcd2ToByte    stm32f1xx_hal_rtc.o
    0x08004ac0   0x08004ac0   0x00000016   Code   RO         2060    i.RTC_ByteToBcd2    stm32f1xx_hal_rtc.o
    0x08004ad6   0x08004ad6   0x000000ae   Code   RO         2061    i.RTC_DateUpdate    stm32f1xx_hal_rtc.o
    0x08004b84   0x08004b84   0x00000034   Code   RO         2062    i.RTC_EnterInitMode  stm32f1xx_hal_rtc.o
    0x08004bb8   0x08004bb8   0x00000036   Code   RO         2063    i.RTC_ExitInitMode  stm32f1xx_hal_rtc.o
    0x08004bee   0x08004bee   0x0000000e   Code   RO         2064    i.RTC_ReadAlarmCounter  stm32f1xx_hal_rtc.o
    0x08004bfc   0x08004bfc   0x00000020   Code   RO         2065    i.RTC_ReadTimeCounter  stm32f1xx_hal_rtc.o
    0x08004c1c   0x08004c1c   0x00000056   Code   RO         2066    i.RTC_WeekDayNum    stm32f1xx_hal_rtc.o
    0x08004c72   0x08004c72   0x00000028   Code   RO         2067    i.RTC_WriteAlarmCounter  stm32f1xx_hal_rtc.o
    0x08004c9a   0x08004c9a   0x00000028   Code   RO         2068    i.RTC_WriteTimeCounter  stm32f1xx_hal_rtc.o
    0x08004cc2   0x08004cc2   0x0000000c   Code   RO          240    i.StartDefaultTask  freertos.o
    0x08004cce   0x08004cce   0x00000018   Code   RO          665    i.SysTick_Handler   stm32f1xx_it.o
    0x08004ce6   0x08004ce6   0x00000086   Code   RO           14    i.SystemClock_Config  main.o
    0x08004d6c   0x08004d6c   0x00000002   Code   RO         3288    i.SystemInit        system_stm32f1xx.o
    0x08004d6e   0x08004d6e   0x00000002   PAD
    0x08004d70   0x08004d70   0x00000078   Code   RO         2409    i.TIM_Base_SetConfig  stm32f1xx_hal_tim.o
    0x08004de8   0x08004de8   0x0000001a   Code   RO         2410    i.TIM_CCxChannelCmd  stm32f1xx_hal_tim.o
    0x08004e02   0x08004e02   0x0000005e   Code   RO         2413    i.TIM_DMADelayPulseCplt  stm32f1xx_hal_tim.o
    0x08004e60   0x08004e60   0x00000038   Code   RO         2414    i.TIM_DMADelayPulseHalfCplt  stm32f1xx_hal_tim.o
    0x08004e98   0x08004e98   0x00000054   Code   RO         2415    i.TIM_DMAError      stm32f1xx_hal_tim.o
    0x08004eec   0x08004eec   0x00000050   Code   RO         2422    i.TIM_OC1_SetConfig  stm32f1xx_hal_tim.o
    0x08004f3c   0x08004f3c   0x00000058   Code   RO         2423    i.TIM_OC2_SetConfig  stm32f1xx_hal_tim.o
    0x08004f94   0x08004f94   0x00000058   Code   RO         2424    i.TIM_OC3_SetConfig  stm32f1xx_hal_tim.o
    0x08004fec   0x08004fec   0x00000044   Code   RO         2425    i.TIM_OC4_SetConfig  stm32f1xx_hal_tim.o
    0x08005030   0x08005030   0x00000002   Code   RO          666    i.UsageFault_Handler  stm32f1xx_it.o
    0x08005032   0x08005032   0x00000002   PAD
    0x08005034   0x08005034   0x000000a0   Code   RO         3949    i.WS2812B_Encode    ws2812b.o
    0x080050d4   0x080050d4   0x00000058   Code   RO         3950    i.WS2812B_HueToRGB  ws2812b.o
    0x0800512c   0x0800512c   0x0000000c   Code   RO         3951    i.WS2812B_Init      ws2812b.o
    0x08005138   0x08005138   0x0000000c   Code   RO         3952    i.WS2812B_IsBusy    ws2812b.o
    0x08005144   0x08005144   0x000000e4   Code   RO         3953    i.WS2812B_RenderFrame  ws2812b.o
    0x08005228   0x08005228   0x0000000a   Code   RO         3954    i.WS2812B_RenderOff  ws2812b.o
    0x08005232   0x08005232   0x00000002   PAD
    0x08005234   0x08005234   0x00000010   Code   RO         3955    i.WS2812B_ResetAnim  ws2812b.o
    0x08005244   0x08005244   0x00000020   Code   RO         3956    i.WS2812B_SetAll    ws2812b.o
    0x08005264   0x08005264   0x0000001c   Code   RO         3957    i.WS2812B_SetPixel  ws2812b.o
    0x08005280   0x08005280   0x00000040   Code   RO         3958    i.WS2812B_Show      ws2812b.o
    0x080052c0   0x080052c0   0x00000014   Code   RO         3959    i.WS2812B_UpdateMode  ws2812b.o
    0x080052d4   0x080052d4   0x00000024   Code   RO          241    i.WS2812_Task_Entry  freertos.o
    0x080052f8   0x080052f8   0x00000020   Code   RO         1555    i.__NVIC_SetPriority  stm32f1xx_hal_cortex.o
    0x08005318   0x08005318   0x0000000e   Code   RO         5822    i._is_digit         c_w.l(__printf_wp.o)
    0x08005326   0x08005326   0x00000002   PAD
    0x08005328   0x08005328   0x0000001c   Code   RO         3325    i.delay_us          delay.o
    0x08005344   0x08005344   0x0000008c   Code   RO           15    i.main              main.o
    0x080053d0   0x080053d0   0x0000001a   Code   RO         5154    i.osDelay           cmsis_os2.o
    0x080053ea   0x080053ea   0x00000002   PAD
    0x080053ec   0x080053ec   0x00000020   Code   RO         5163    i.osKernelGetState  cmsis_os2.o
    0x0800540c   0x0800540c   0x00000024   Code   RO         5168    i.osKernelInitialize  cmsis_os2.o
    0x08005430   0x08005430   0x00000038   Code   RO         5171    i.osKernelStart     cmsis_os2.o
    0x08005468   0x08005468   0x0000008a   Code   RO         5213    i.osThreadNew       cmsis_os2.o
    0x080054f2   0x080054f2   0x00000002   PAD
    0x080054f4   0x080054f4   0x0000005c   Code   RO         4614    i.prvAddCurrentTaskToDelayedList  tasks.o
    0x08005550   0x08005550   0x000000d0   Code   RO         4615    i.prvAddNewTaskToReadyList  tasks.o
    0x08005620   0x08005620   0x00000058   Code   RO         4979    i.prvCheckForValidListAndQueue  timers.o
    0x08005678   0x08005678   0x00000026   Code   RO         4211    i.prvCopyDataFromQueue  queue.o
    0x0800569e   0x0800569e   0x0000006c   Code   RO         4212    i.prvCopyDataToQueue  queue.o
    0x0800570a   0x0800570a   0x00000034   Code   RO         4616    i.prvDeleteTCB      tasks.o
    0x0800573e   0x0800573e   0x00000002   PAD
    0x08005740   0x08005740   0x0000004c   Code   RO         5664    i.prvHeapInit       heap_4.o
    0x0800578c   0x0800578c   0x00000060   Code   RO         4617    i.prvIdleTask       tasks.o
    0x080057ec   0x080057ec   0x00000022   Code   RO         4214    i.prvInitialiseNewQueue  queue.o
    0x0800580e   0x0800580e   0x00000002   PAD
    0x08005810   0x08005810   0x000000b0   Code   RO         4618    i.prvInitialiseNewTask  tasks.o
    0x080058c0   0x080058c0   0x0000004c   Code   RO         5665    i.prvInsertBlockIntoFreeList  heap_4.o
    0x0800590c   0x0800590c   0x00000038   Code   RO         4981    i.prvInsertTimerInActiveList  timers.o
    0x08005944   0x08005944   0x0000001c   Code   RO         4215    i.prvIsQueueEmpty   queue.o
    0x08005960   0x08005960   0x000000fc   Code   RO         4982    i.prvProcessReceivedCommands  timers.o
    0x08005a5c   0x08005a5c   0x000000c0   Code   RO         4983    i.prvProcessTimerOrBlockTask  timers.o
    0x08005b1c   0x08005b1c   0x00000020   Code   RO         4620    i.prvResetNextTaskUnblockTime  tasks.o
    0x08005b3c   0x08005b3c   0x00000028   Code   RO         4984    i.prvSampleTimeNow  timers.o
    0x08005b64   0x08005b64   0x0000006c   Code   RO         4985    i.prvSwitchTimerLists  timers.o
    0x08005bd0   0x08005bd0   0x00000028   Code   RO         5720    i.prvTaskExitError  port.o
    0x08005bf8   0x08005bf8   0x00000024   Code   RO         4986    i.prvTimerTask      timers.o
    0x08005c1c   0x08005c1c   0x0000006a   Code   RO         4216    i.prvUnlockQueue    queue.o
    0x08005c86   0x08005c86   0x00000002   PAD
    0x08005c88   0x08005c88   0x000000dc   Code   RO         5666    i.pvPortMalloc      heap_4.o
    0x08005d64   0x08005d64   0x00000024   Code   RO         5721    i.pxPortInitialiseStack  port.o
    0x08005d88   0x08005d88   0x00000026   Code   RO         4171    i.uxListRemove      list.o
    0x08005dae   0x08005dae   0x00000002   PAD
    0x08005db0   0x08005db0   0x00000014   Code   RO         5225    i.vApplicationGetIdleTaskMemory  cmsis_os2.o
    0x08005dc4   0x08005dc4   0x00000018   Code   RO         5226    i.vApplicationGetTimerTaskMemory  cmsis_os2.o
    0x08005ddc   0x08005ddc   0x00000016   Code   RO         4172    i.vListInitialise   list.o
    0x08005df2   0x08005df2   0x00000006   Code   RO         4173    i.vListInitialiseItem  list.o
    0x08005df8   0x08005df8   0x00000030   Code   RO         4174    i.vListInsert       list.o
    0x08005e28   0x08005e28   0x00000018   Code   RO         4175    i.vListInsertEnd    list.o
    0x08005e40   0x08005e40   0x00000040   Code   RO         5723    i.vPortEnterCritical  port.o
    0x08005e80   0x08005e80   0x00000028   Code   RO         5724    i.vPortExitCritical  port.o
    0x08005ea8   0x08005ea8   0x00000064   Code   RO         5667    i.vPortFree         heap_4.o
    0x08005f0c   0x08005f0c   0x00000024   Code   RO         5725    i.vPortSetupTimerInterrupt  port.o
    0x08005f30   0x08005f30   0x00000054   Code   RO         5726    i.vPortValidateInterruptPriority  port.o
    0x08005f84   0x08005f84   0x00000028   Code   RO         4222    i.vQueueAddToRegistry  queue.o
    0x08005fac   0x08005fac   0x00000044   Code   RO         4226    i.vQueueWaitForMessageRestricted  queue.o
    0x08005ff0   0x08005ff0   0x0000004c   Code   RO         4633    i.vTaskDelay        tasks.o
    0x0800603c   0x0800603c   0x0000008c   Code   RO         4634    i.vTaskDelayUntil   tasks.o
    0x080060c8   0x080060c8   0x00000010   Code   RO         4638    i.vTaskInternalSetTimeOutState  tasks.o
    0x080060d8   0x080060d8   0x0000000c   Code   RO         4639    i.vTaskMissedYield  tasks.o
    0x080060e4   0x080060e4   0x00000030   Code   RO         4641    i.vTaskPlaceOnEventList  tasks.o
    0x08006114   0x08006114   0x00000038   Code   RO         4642    i.vTaskPlaceOnEventListRestricted  tasks.o
    0x0800614c   0x0800614c   0x00000088   Code   RO         4650    i.vTaskStartScheduler  tasks.o
    0x080061d4   0x080061d4   0x00000010   Code   RO         4652    i.vTaskSuspendAll   tasks.o
    0x080061e4   0x080061e4   0x00000064   Code   RO         4653    i.vTaskSwitchContext  tasks.o
    0x08006248   0x08006248   0x000000a8   Code   RO         5727    i.xPortStartScheduler  port.o
    0x080062f0   0x080062f0   0x0000002c   Code   RO         5728    i.xPortSysTickHandler  port.o
    0x0800631c   0x0800631c   0x00000042   Code   RO         4231    i.xQueueGenericCreate  queue.o
    0x0800635e   0x0800635e   0x00000066   Code   RO         4232    i.xQueueGenericCreateStatic  queue.o
    0x080063c4   0x080063c4   0x00000088   Code   RO         4233    i.xQueueGenericReset  queue.o
    0x0800644c   0x0800644c   0x00000160   Code   RO         4234    i.xQueueGenericSend  queue.o
    0x080065ac   0x080065ac   0x000000be   Code   RO         4235    i.xQueueGenericSendFromISR  queue.o
    0x0800666a   0x0800666a   0x00000002   PAD
    0x0800666c   0x0800666c   0x00000138   Code   RO         4244    i.xQueueReceive     queue.o
    0x080067a4   0x080067a4   0x00000074   Code   RO         4655    i.xTaskCheckForTimeOut  tasks.o
    0x08006818   0x08006818   0x0000005a   Code   RO         4656    i.xTaskCreate       tasks.o
    0x08006872   0x08006872   0x00000056   Code   RO         4657    i.xTaskCreateStatic  tasks.o
    0x080068c8   0x080068c8   0x0000001c   Code   RO         4661    i.xTaskGetSchedulerState  tasks.o
    0x080068e4   0x080068e4   0x0000000c   Code   RO         4662    i.xTaskGetTickCount  tasks.o
    0x080068f0   0x080068f0   0x000000c8   Code   RO         4664    i.xTaskIncrementTick  tasks.o
    0x080069b8   0x080069b8   0x00000080   Code   RO         4667    i.xTaskPriorityDisinherit  tasks.o
    0x08006a38   0x08006a38   0x00000070   Code   RO         4669    i.xTaskRemoveFromEventList  tasks.o
    0x08006aa8   0x08006aa8   0x000000c4   Code   RO         4670    i.xTaskResumeAll    tasks.o
    0x08006b6c   0x08006b6c   0x00000060   Code   RO         4995    i.xTimerCreateTimerTask  timers.o
    0x08006bcc   0x08006bcc   0x00000068   Code   RO         4996    i.xTimerGenericCommand  timers.o
    0x08006c34   0x08006c34   0x00000060   Data   RO          242    .constdata          freertos.o
    0x08006c94   0x08006c94   0x00000012   Data   RO         1253    .constdata          stm32f1xx_hal_rcc.o
    0x08006ca6   0x08006ca6   0x00000012   Data   RO         1345    .constdata          stm32f1xx_hal_rcc_ex.o
    0x08006cb8   0x08006cb8   0x00000010   Data   RO         3289    .constdata          system_stm32f1xx.o
    0x08006cc8   0x08006cc8   0x00000008   Data   RO         3290    .constdata          system_stm32f1xx.o
    0x08006cd0   0x08006cd0   0x000005f0   Data   RO         3598    .constdata          oled_data.o
    0x080072c0   0x080072c0   0x0000023a   Data   RO         3599    .constdata          oled_data.o
    0x080074fa   0x080074fa   0x00000309   Data   RO         3600    .constdata          oled_data.o
    0x08007803   0x08007803   0x00000011   Data   RO         5830    .constdata          c_w.l(__printf_flags_ss_wp.o)
    0x08007814   0x08007814   0x00000099   Data   RO          243    .conststring        freertos.o
    0x080078ad   0x080078ad   0x00000003   PAD
    0x080078b0   0x080078b0   0x00000020   Data   RO         6253    Region$$Table       anon$$obj.o


    Execution Region RW_IRAM1 (Exec base: 0x20000000, Load base: 0x080078d0, Size: 0x00003c30, Max: 0x00005000, ABSOLUTE)

    Exec Addr    Load Addr    Size         Type   Attr      Idx    E Section Name        Object

    0x20000000   0x080078d0   0x00000007   Data   RW           16    .data               main.o
    0x20000007   0x080078d7   0x00000001   PAD
    0x20000008   0x080078d8   0x00000038   Data   RW          244    .data               freertos.o
    0x20000040   0x08007910   0x0000000c   Data   RW         1090    .data               stm32f1xx_hal.o
    0x2000004c   0x0800791c   0x00000004   Data   RW         3291    .data               system_stm32f1xx.o
    0x20000050   0x08007920   0x00000004   Data   RW         3715    .data               led.o
    0x20000054   0x08007924   0x00000004   Data   RW         3774    .data               dht11.o
    0x20000058   0x08007928   0x0000000c   Data   RW         3961    .data               ws2812b.o
    0x20000064   0x08007934   0x0000003c   Data   RW         4673    .data               tasks.o
    0x200000a0   0x08007970   0x00000014   Data   RW         5004    .data               timers.o
    0x200000b4   0x08007984   0x00000004   Data   RW         5228    .data               cmsis_os2.o
    0x200000b8   0x08007988   0x00000020   Data   RW         5673    .data               heap_4.o
    0x200000d8   0x080079a8   0x0000000c   Data   RW         5729    .data               port.o
    0x200000e4        -       0x00000030   Zero   RW          478    .bss                adc.o
    0x20000114        -       0x00000014   Zero   RW          544    .bss                rtc.o
    0x20000128        -       0x0000011c   Zero   RW          591    .bss                tim.o
    0x20000244        -       0x00000400   Zero   RW         3388    .bss                oled.o
    0x20000644        -       0x00000014   Zero   RW         3657    .bss                my_encoder.o
    0x20000658        -       0x0000029e   Zero   RW         3960    .bss                ws2812b.o
    0x200008f6   0x080079b4   0x00000002   PAD
    0x200008f8        -       0x00000040   Zero   RW         4248    .bss                queue.o
    0x20000938        -       0x000004c4   Zero   RW         4672    .bss                tasks.o
    0x20000dfc        -       0x00000118   Zero   RW         5003    .bss                timers.o
    0x20000f14        -       0x000006b8   Zero   RW         5227    .bss                cmsis_os2.o
    0x200015cc        -       0x00002000   Zero   RW         5672    .bss                heap_4.o
    0x200035cc        -       0x00000060   Zero   RW         6067    .bss                c_w.l(libspace.o)
    0x2000362c   0x080079b4   0x00000004   PAD
    0x20003630        -       0x00000200   Zero   RW            2    HEAP                startup_stm32f103xb.o
    0x20003830        -       0x00000400   Zero   RW            1    STACK               startup_stm32f103xb.o


==============================================================================

Image component sizes


      Code (inc. data)   RO Data    RW Data    ZI Data      Debug   Object Name

       168         22          0          0         48       1541   adc.o
        36         12          0          0          0       1369   beep.o
       332         26          0          4       1720      58296   cmsis_os2.o
        28          6          0          0          0        455   delay.o
       452         20          0          4          0       8066   dht11.o
        44          4          0          0          0        706   dma.o
         0          0          0          0          0      19484   event_groups.o
      5360        706        249         56          0     418498   freertos.o
       240         14          0          0          0        951   gpio.o
       472         24          0         32       8192       4607   heap_4.o
        68          4          0          0          0        531   key.o
       230         22          0          4          0       3543   led.o
        64          6          0          0          0        526   light_sensor.o
       138          0          0          0          0       3242   list.o
       278         10          0          7          0     449118   main.o
        86          6          0          0          0        940   mq2.o
       264         24          0          0         20       3311   my_encoder.o
      1812         56          0          0       1024      13976   oled.o
         0          0       2867          0          0        990   oled_data.o
       662         70          0         12          0      10429   port.o
      1580         20          0          0         64      17642   queue.o
       184         20          0          0         20       1515   rtc.o
        64         26        236          0       1536        784   startup_stm32f103xb.o
       164         28          0         12          0       5697   stm32f1xx_hal.o
      1312         54          0          0          0       7007   stm32f1xx_hal_adc.o
       198         14          0          0          0      28791   stm32f1xx_hal_cortex.o
       738         36          0          0          0       4166   stm32f1xx_hal_dma.o
       516         34          0          0          0       4000   stm32f1xx_hal_gpio.o
        72         10          0          0          0        818   stm32f1xx_hal_msp.o
        12          4          0          0          0        487   stm32f1xx_hal_pwr.o
      1220         78         18          0          0       4853   stm32f1xx_hal_rcc.o
       400         28         18          0          0       2393   stm32f1xx_hal_rcc_ex.o
      1400         12          0          0          0      12280   stm32f1xx_hal_rtc.o
        32         10          0          0          0       1563   stm32f1xx_hal_rtc_ex.o
      2064         76          0          0          0      14547   stm32f1xx_hal_tim.o
       188         12          0          0          0       2072   stm32f1xx_hal_tim_ex.o
        48          6          0          0          0       3342   stm32f1xx_it.o
         0          0          0          0          0        384   stream_buffer.o
         2          0         24          4          0       1043   system_stm32f1xx.o
      2224        176          0         60       1220      26618   tasks.o
       864         88          0          0        284       4417   tim.o
       972         80          0         20        280      31611   timers.o
       690         64          0         12        670       8390   ws2812b.o

    ----------------------------------------------------------------------
     25732       1908       3447        228      15080    1184999   Object Totals
         0          0         32          0          0          0   (incl. Generated)
        54          0          3          1          2          0   (incl. Padding)

    ----------------------------------------------------------------------

      Code (inc. data)   RO Data    RW Data    ZI Data      Debug   Library Member Name

        56          6          0          0          0         88   __2snprintf.o
         8          0          0          0          0         68   __main.o
       392          4         17          0          0         92   __printf_flags_ss_wp.o
        14          0          0          0          0         68   __printf_wp.o
         0          0          0          0          0          0   __rtentry.o
        12          0          0          0          0          0   __rtentry2.o
         6          0          0          0          0          0   __rtentry4.o
        52          8          0          0          0          0   __scatter.o
        26          0          0          0          0          0   __scatter_copy.o
        28          0          0          0          0          0   __scatter_zi.o
        48          6          0          0          0         96   _printf_char_common.o
         6          0          0          0          0          0   _printf_d.o
       120         16          0          0          0         92   _printf_dec.o
       178          0          0          0          0         88   _printf_intcommon.o
        78          0          0          0          0        108   _printf_pad.o
         0          0          0          0          0          0   _printf_percent.o
         4          0          0          0          0          0   _printf_percent_end.o
        16          0          0          0          0         68   _snputc.o
        10          0          0          0          0         68   _sputc.o
        16          0          0          0          0         68   aeabi_memset.o
        18          0          0          0          0         80   exit.o
         6          0          0          0          0        152   heapauxi.o
         0          0          0          0          0          0   indicate_semi.o
         2          0          0          0          0          0   libinit.o
         2          0          0          0          0          0   libinit2.o
         2          0          0          0          0          0   libshutdown.o
         2          0          0          0          0          0   libshutdown2.o
         8          4          0          0         96         68   libspace.o
        68          0          0          0          0         68   rt_memclr.o
        78          0          0          0          0         80   rt_memclr_w.o
       138          0          0          0          0         68   rt_memcpy_v6.o
       100          0          0          0          0         80   rt_memcpy_w.o
         2          0          0          0          0          0   rtexit.o
        10          0          0          0          0          0   rtexit2.o
       128          0          0          0          0         68   strcmpv7m.o
        12          4          0          0          0         68   sys_exit.o
        74          0          0          0          0         80   sys_stackheap_outer.o
         2          0          0          0          0         68   use_no_semi.o

    ----------------------------------------------------------------------
      1732         48         17          0        100       1784   Library Totals
        10          0          0          0          4          0   (incl. Padding)

    ----------------------------------------------------------------------

      Code (inc. data)   RO Data    RW Data    ZI Data      Debug   Library Name

      1722         48         17          0         96       1784   c_w.l

    ----------------------------------------------------------------------
      1732         48         17          0        100       1784   Library Totals

    ----------------------------------------------------------------------

==============================================================================


      Code (inc. data)   RO Data    RW Data    ZI Data      Debug   

     27464       1956       3464        228      15180    1173987   Grand Totals
     27464       1956       3464        228      15180    1173987   ELF Image Totals
     27464       1956       3464        228          0          0   ROM Totals

==============================================================================

    Total RO  Size (Code + RO Data)                30928 (  30.20kB)
    Total RW  Size (RW Data + ZI Data)             15408 (  15.05kB)
    Total ROM Size (Code + RO Data + RW Data)      31156 (  30.43kB)

==============================================================================

