Component: ARM Compiler 5.06 update 7 (build 960) Tool: armlink [4d3601]

==============================================================================

Section Cross References

    startup_stm32f103xb.o(STACK) refers (Special) to heapauxi.o(.text) for __use_two_region_memory
    startup_stm32f103xb.o(HEAP) refers (Special) to heapauxi.o(.text) for __use_two_region_memory
    startup_stm32f103xb.o(RESET) refers (Special) to heapauxi.o(.text) for __use_two_region_memory
    startup_stm32f103xb.o(RESET) refers to startup_stm32f103xb.o(STACK) for __initial_sp
    startup_stm32f103xb.o(RESET) refers to startup_stm32f103xb.o(.text) for Reset_Handler
    startup_stm32f103xb.o(RESET) refers to stm32f1xx_it.o(i.NMI_Handler) for NMI_Handler
    startup_stm32f103xb.o(RESET) refers to stm32f1xx_it.o(i.HardFault_Handler) for HardFault_Handler
    startup_stm32f103xb.o(RESET) refers to stm32f1xx_it.o(i.MemManage_Handler) for MemManage_Handler
    startup_stm32f103xb.o(RESET) refers to stm32f1xx_it.o(i.BusFault_Handler) for BusFault_Handler
    startup_stm32f103xb.o(RESET) refers to stm32f1xx_it.o(i.UsageFault_Handler) for UsageFault_Handler
    startup_stm32f103xb.o(RESET) refers to port.o(.emb_text) for SVC_Handler
    startup_stm32f103xb.o(RESET) refers to stm32f1xx_it.o(i.DebugMon_Handler) for DebugMon_Handler
    startup_stm32f103xb.o(RESET) refers to stm32f1xx_it.o(i.SysTick_Handler) for SysTick_Handler
    startup_stm32f103xb.o(.text) refers (Special) to heapauxi.o(.text) for __use_two_region_memory
    startup_stm32f103xb.o(.text) refers to system_stm32f1xx.o(i.SystemInit) for SystemInit
    startup_stm32f103xb.o(.text) refers to __main.o(!!!main) for __main
    startup_stm32f103xb.o(.text) refers to startup_stm32f103xb.o(HEAP) for Heap_Mem
    startup_stm32f103xb.o(.text) refers to startup_stm32f103xb.o(STACK) for Stack_Mem
    main.o(i.SystemClock_Config) refers to rt_memclr_w.o(.text) for __aeabi_memclr4
    main.o(i.SystemClock_Config) refers to stm32f1xx_hal_rcc.o(i.HAL_RCC_OscConfig) for HAL_RCC_OscConfig
    main.o(i.SystemClock_Config) refers to stm32f1xx_hal_rcc.o(i.HAL_RCC_ClockConfig) for HAL_RCC_ClockConfig
    main.o(i.SystemClock_Config) refers to stm32f1xx_hal_rcc_ex.o(i.HAL_RCCEx_PeriphCLKConfig) for HAL_RCCEx_PeriphCLKConfig
    main.o(i.main) refers to stm32f1xx_hal.o(i.HAL_Init) for HAL_Init
    main.o(i.main) refers to main.o(i.SystemClock_Config) for SystemClock_Config
    main.o(i.main) refers to gpio.o(i.MX_GPIO_Init) for MX_GPIO_Init
    main.o(i.main) refers to tim.o(i.MX_TIM2_Init) for MX_TIM2_Init
    main.o(i.main) refers to rtc.o(i.MX_RTC_Init) for MX_RTC_Init
    main.o(i.main) refers to tim.o(i.MX_TIM3_Init) for MX_TIM3_Init
    main.o(i.main) refers to stm32f1xx_hal_rtc_ex.o(i.HAL_RTCEx_BKUPRead) for HAL_RTCEx_BKUPRead
    main.o(i.main) refers to stm32f1xx_hal_rtc.o(i.HAL_RTC_SetDate) for HAL_RTC_SetDate
    main.o(i.main) refers to stm32f1xx_hal_rtc.o(i.HAL_RTC_SetTime) for HAL_RTC_SetTime
    main.o(i.main) refers to stm32f1xx_hal_rtc_ex.o(i.HAL_RTCEx_BKUPWrite) for HAL_RTCEx_BKUPWrite
    main.o(i.main) refers to cmsis_os2.o(i.osKernelInitialize) for osKernelInitialize
    main.o(i.main) refers to freertos.o(i.MX_FREERTOS_Init) for MX_FREERTOS_Init
    main.o(i.main) refers to cmsis_os2.o(i.osKernelStart) for osKernelStart
    main.o(i.main) refers to rtc.o(.bss) for hrtc
    main.o(i.main) refers to main.o(.data) for .data
    gpio.o(i.MX_GPIO_Init) refers to stm32f1xx_hal_gpio.o(i.HAL_GPIO_WritePin) for HAL_GPIO_WritePin
    gpio.o(i.MX_GPIO_Init) refers to stm32f1xx_hal_gpio.o(i.HAL_GPIO_Init) for HAL_GPIO_Init
    freertos.o(i.Key_Task_Entry) refers to my_encoder.o(i.MY_ENCODER_Process) for MY_ENCODER_Process
    freertos.o(i.Key_Task_Entry) refers to my_encoder.o(i.MY_ENCODER_GetMoveSteps) for MY_ENCODER_GetMoveSteps
    freertos.o(i.Key_Task_Entry) refers to my_encoder.o(i.MY_ENCODER_GetClick) for MY_ENCODER_GetClick
    freertos.o(i.Key_Task_Entry) refers to stm32f1xx_hal.o(i.HAL_GetTick) for HAL_GetTick
    freertos.o(i.Key_Task_Entry) refers to key.o(i.Key_GetState) for Key_GetState
    freertos.o(i.Key_Task_Entry) refers to queue.o(i.xQueueGenericSend) for xQueueGenericSend
    freertos.o(i.Key_Task_Entry) refers to cmsis_os2.o(i.osDelay) for osDelay
    freertos.o(i.Key_Task_Entry) refers to freertos.o(.data) for .data
    freertos.o(i.LED_Control_Task_Entry) refers to led.o(i.LED_PWM_Init) for LED_PWM_Init
    freertos.o(i.LED_Control_Task_Entry) refers to led.o(i.LED_PWM_Start) for LED_PWM_Start
    freertos.o(i.LED_Control_Task_Entry) refers to led.o(i.LED_SetAllPercent) for LED_SetAllPercent
    freertos.o(i.LED_Control_Task_Entry) refers to cmsis_os2.o(i.osDelay) for osDelay
    freertos.o(i.LED_Control_Task_Entry) refers to tim.o(.bss) for htim3
    freertos.o(i.LED_Control_Task_Entry) refers to freertos.o(.data) for .data
    freertos.o(i.MX_FREERTOS_Init) refers to oled.o(i.OLED_Init) for OLED_Init
[...]
    TIM_OC4_SetConfig                        0x08003525   Thumb Code    64  stm32f1xx_hal_tim.o(i.TIM_OC4_SetConfig)
    i.UsageFault_Handler                     0x08003568   Section        0  stm32f1xx_it.o(i.UsageFault_Handler)
    i.__NVIC_SetPriority                     0x0800356a   Section        0  stm32f1xx_hal_cortex.o(i.__NVIC_SetPriority)
    __NVIC_SetPriority                       0x0800356b   Thumb Code    32  stm32f1xx_hal_cortex.o(i.__NVIC_SetPriority)
    i._is_digit                              0x0800358a   Section        0  __printf_wp.o(i._is_digit)
    i.main                                   0x08003598   Section        0  main.o(i.main)
    i.osDelay                                0x08003618   Section        0  cmsis_os2.o(i.osDelay)
    i.osKernelInitialize                     0x08003634   Section        0  cmsis_os2.o(i.osKernelInitialize)
    i.osKernelStart                          0x08003658   Section        0  cmsis_os2.o(i.osKernelStart)
    i.osThreadNew                            0x08003690   Section        0  cmsis_os2.o(i.osThreadNew)
    i.prvAddCurrentTaskToDelayedList         0x0800371c   Section        0  tasks.o(i.prvAddCurrentTaskToDelayedList)
    prvAddCurrentTaskToDelayedList           0x0800371d   Thumb Code    84  tasks.o(i.prvAddCurrentTaskToDelayedList)
    i.prvAddNewTaskToReadyList               0x08003778   Section        0  tasks.o(i.prvAddNewTaskToReadyList)
    prvAddNewTaskToReadyList                 0x08003779   Thumb Code   190  tasks.o(i.prvAddNewTaskToReadyList)
    i.prvCheckForValidListAndQueue           0x08003848   Section        0  timers.o(i.prvCheckForValidListAndQueue)
    prvCheckForValidListAndQueue             0x08003849   Thumb Code    72  timers.o(i.prvCheckForValidListAndQueue)
    i.prvCopyDataFromQueue                   0x080038a0   Section        0  queue.o(i.prvCopyDataFromQueue)
    prvCopyDataFromQueue                     0x080038a1   Thumb Code    38  queue.o(i.prvCopyDataFromQueue)
    i.prvCopyDataToQueue                     0x080038c6   Section        0  queue.o(i.prvCopyDataToQueue)
    prvCopyDataToQueue                       0x080038c7   Thumb Code   108  queue.o(i.prvCopyDataToQueue)
    i.prvDeleteTCB                           0x08003932   Section        0  tasks.o(i.prvDeleteTCB)
    prvDeleteTCB                             0x08003933   Thumb Code    52  tasks.o(i.prvDeleteTCB)
    i.prvHeapInit                            0x08003968   Section        0  heap_4.o(i.prvHeapInit)
    prvHeapInit                              0x08003969   Thumb Code    66  heap_4.o(i.prvHeapInit)
    i.prvIdleTask                            0x080039b4   Section        0  tasks.o(i.prvIdleTask)
    prvIdleTask                              0x080039b5   Thumb Code    82  tasks.o(i.prvIdleTask)
    i.prvInitialiseNewQueue                  0x08003a14   Section        0  queue.o(i.prvInitialiseNewQueue)
    prvInitialiseNewQueue                    0x08003a15   Thumb Code    34  queue.o(i.prvInitialiseNewQueue)
    i.prvInitialiseNewTask                   0x08003a38   Section        0  tasks.o(i.prvInitialiseNewTask)
    prvInitialiseNewTask                     0x08003a39   Thumb Code   176  tasks.o(i.prvInitialiseNewTask)
    i.prvInsertBlockIntoFreeList             0x08003ae8   Section        0  heap_4.o(i.prvInsertBlockIntoFreeList)
    prvInsertBlockIntoFreeList               0x08003ae9   Thumb Code    72  heap_4.o(i.prvInsertBlockIntoFreeList)
    i.prvInsertTimerInActiveList             0x08003b34   Section        0  timers.o(i.prvInsertTimerInActiveList)
    prvInsertTimerInActiveList               0x08003b35   Thumb Code    52  timers.o(i.prvInsertTimerInActiveList)
    i.prvIsQueueEmpty                        0x08003b6c   Section        0  queue.o(i.prvIsQueueEmpty)
    prvIsQueueEmpty                          0x08003b6d   Thumb Code    28  queue.o(i.prvIsQueueEmpty)
    i.prvProcessReceivedCommands             0x08003b88   Section        0  timers.o(i.prvProcessReceivedCommands)
    prvProcessReceivedCommands               0x08003b89   Thumb Code   248  timers.o(i.prvProcessReceivedCommands)
    i.prvProcessTimerOrBlockTask             0x08003c84   Section        0  timers.o(i.prvProcessTimerOrBlockTask)
    prvProcessTimerOrBlockTask               0x08003c85   Thumb Code   182  timers.o(i.prvProcessTimerOrBlockTask)
    i.prvResetNextTaskUnblockTime            0x08003d44   Section        0  tasks.o(i.prvResetNextTaskUnblockTime)
    prvResetNextTaskUnblockTime              0x08003d45   Thumb Code    26  tasks.o(i.prvResetNextTaskUnblockTime)
    i.prvSampleTimeNow                       0x08003d64   Section        0  timers.o(i.prvSampleTimeNow)
    prvSampleTimeNow                         0x08003d65   Thumb Code    36  timers.o(i.prvSampleTimeNow)
    i.prvSwitchTimerLists                    0x08003d8c   Section        0  timers.o(i.prvSwitchTimerLists)
    prvSwitchTimerLists                      0x08003d8d   Thumb Code   104  timers.o(i.prvSwitchTimerLists)
    i.prvTaskExitError                       0x08003df8   Section        0  port.o(i.prvTaskExitError)
    prvTaskExitError                         0x08003df9   Thumb Code    36  port.o(i.prvTaskExitError)
    i.prvTimerTask                           0x08003e20   Section        0  timers.o(i.prvTimerTask)
    prvTimerTask                             0x08003e21   Thumb Code    32  timers.o(i.prvTimerTask)
    i.prvUnlockQueue                         0x08003e44   Section        0  queue.o(i.prvUnlockQueue)
    prvUnlockQueue                           0x08003e45   Thumb Code   106  queue.o(i.prvUnlockQueue)
    i.pvPortMalloc                           0x08003eb0   Section        0  heap_4.o(i.pvPortMalloc)
    i.pxPortInitialiseStack                  0x08003f8c   Section        0  port.o(i.pxPortInitialiseStack)
    i.uxListRemove                           0x08003fb0   Section        0  list.o(i.uxListRemove)
    i.vApplicationGetIdleTaskMemory          0x08003fd8   Section        0  cmsis_os2.o(i.vApplicationGetIdleTaskMemory)
    i.vApplicationGetTimerTaskMemory         0x08003fec   Section        0  cmsis_os2.o(i.vApplicationGetTimerTaskMemory)
    i.vListInitialise                        0x08004004   Section        0  list.o(i.vListInitialise)
    i.vListInitialiseItem                    0x0800401a   Section        0  list.o(i.vListInitialiseItem)
    i.vListInsert                            0x08004020   Section        0  list.o(i.vListInsert)
    i.vListInsertEnd                         0x08004050   Section        0  list.o(i.vListInsertEnd)
    i.vPortEnterCritical                     0x08004068   Section        0  port.o(i.vPortEnterCritical)
    i.vPortExitCritical                      0x080040a8   Section        0  port.o(i.vPortExitCritical)
    i.vPortFree                              0x080040d0   Section        0  heap_4.o(i.vPortFree)
    i.vPortSetupTimerInterrupt               0x08004134   Section        0  port.o(i.vPortSetupTimerInterrupt)
    i.vPortValidateInterruptPriority         0x08004158   Section        0  port.o(i.vPortValidateInterruptPriority)
    i.vQueueAddToRegistry                    0x080041ac   Section        0  queue.o(i.vQueueAddToRegistry)
    i.vQueueWaitForMessageRestricted         0x080041d4   Section        0  queue.o(i.vQueueWaitForMessageRestricted)
    i.vTaskDelay                             0x08004218   Section        0  tasks.o(i.vTaskDelay)
    i.vTaskDelayUntil                        0x08004264   Section        0  tasks.o(i.vTaskDelayUntil)
    i.vTaskInternalSetTimeOutState           0x080042f0   Section        0  tasks.o(i.vTaskInternalSetTimeOutState)
    i.vTaskMissedYield                       0x08004300   Section        0  tasks.o(i.vTaskMissedYield)
    i.vTaskPlaceOnEventList                  0x0800430c   Section        0  tasks.o(i.vTaskPlaceOnEventList)
    i.vTaskPlaceOnEventListRestricted        0x0800433c   Section        0  tasks.o(i.vTaskPlaceOnEventListRestricted)
    i.vTaskStartScheduler                    0x08004374   Section        0  tasks.o(i.vTaskStartScheduler)
    i.vTaskSuspendAll                        0x080043fc   Section        0  tasks.o(i.vTaskSuspendAll)
    i.vTaskSwitchContext                     0x0800440c   Section        0  tasks.o(i.vTaskSwitchContext)
    i.xPortStartScheduler                    0x08004470   Section        0  port.o(i.xPortStartScheduler)
    i.xPortSysTickHandler                    0x08004518   Section        0  port.o(i.xPortSysTickHandler)
    i.xQueueGenericCreate                    0x08004544   Section        0  queue.o(i.xQueueGenericCreate)
    i.xQueueGenericCreateStatic              0x08004586   Section        0  queue.o(i.xQueueGenericCreateStatic)
    i.xQueueGenericReset                     0x080045ec   Section        0  queue.o(i.xQueueGenericReset)
    i.xQueueGenericSend                      0x08004674   Section        0  queue.o(i.xQueueGenericSend)
    i.xQueueGenericSendFromISR               0x080047d4   Section        0  queue.o(i.xQueueGenericSendFromISR)
    i.xQueueReceive                          0x08004894   Section        0  queue.o(i.xQueueReceive)
    i.xTaskCheckForTimeOut                   0x080049cc   Section        0  tasks.o(i.xTaskCheckForTimeOut)
    i.xTaskCreate                            0x08004a40   Section        0  tasks.o(i.xTaskCreate)
    i.xTaskCreateStatic                      0x08004a9a   Section        0  tasks.o(i.xTaskCreateStatic)
    i.xTaskGetSchedulerState                 0x08004af0   Section        0  tasks.o(i.xTaskGetSchedulerState)
    i.xTaskGetTickCount                      0x08004b0c   Section        0  tasks.o(i.xTaskGetTickCount)
    i.xTaskIncrementTick                     0x08004b18   Section        0  tasks.o(i.xTaskIncrementTick)
    i.xTaskPriorityDisinherit                0x08004be0   Section        0  tasks.o(i.xTaskPriorityDisinherit)
    i.xTaskRemoveFromEventList               0x08004c60   Section        0  tasks.o(i.xTaskRemoveFromEventList)
    i.xTaskResumeAll                         0x08004cd0   Section        0  tasks.o(i.xTaskResumeAll)
    i.xTimerCreateTimerTask                  0x08004d94   Section        0  timers.o(i.xTimerCreateTimerTask)
    i.xTimerGenericCommand                   0x08004df4   Section        0  timers.o(i.xTimerGenericCommand)
    .constdata                               0x08004e5c   Section       60  freertos.o(.constdata)
    .constdata                               0x08004e98   Section       18  stm32f1xx_hal_rcc.o(.constdata)
    aPredivFactorTable                       0x08004e98   Data           2  stm32f1xx_hal_rcc.o(.constdata)
    aPLLMULFactorTable                       0x08004e9a   Data          16  stm32f1xx_hal_rcc.o(.constdata)
    .constdata                               0x08004eaa   Section       18  stm32f1xx_hal_rcc_ex.o(.constdata)
    aPredivFactorTable                       0x08004eaa   Data           2  stm32f1xx_hal_rcc_ex.o(.constdata)
    aPLLMULFactorTable                       0x08004eac   Data          16  stm32f1xx_hal_rcc_ex.o(.constdata)
    .constdata                               0x08004ebc   Section       16  system_stm32f1xx.o(.constdata)
    .constdata                               0x08004ecc   Section        8  system_stm32f1xx.o(.constdata)
    .constdata                               0x08004ed4   Section     1520  oled_data.o(.constdata)
    .constdata                               0x080054c4   Section      570  oled_data.o(.constdata)
    .constdata                               0x080056fe   Section      777  oled_data.o(.constdata)
    .constdata                               0x08005a07   Section       17  __printf_flags_ss_wp.o(.constdata)
    maptable                                 0x08005a07   Data          17  __printf_flags_ss_wp.o(.constdata)
    .conststring                             0x08005a18   Section       66  freertos.o(.conststring)
    .data                                    0x20000000   Section        7  main.o(.data)
    .data                                    0x20000008   Section       32  freertos.o(.data)
    .data                                    0x20000028   Section       12  stm32f1xx_hal.o(.data)
    .data                                    0x20000034   Section        4  system_stm32f1xx.o(.data)
    .data                                    0x20000038   Section        4  led.o(.data)
    s_led_tim                                0x20000038   Data           4  led.o(.data)
    .data                                    0x2000003c   Section       60  tasks.o(.data)
    uxDeletedTasksWaitingCleanUp             0x20000040   Data           4  tasks.o(.data)
    uxCurrentNumberOfTasks                   0x20000044   Data           4  tasks.o(.data)
    xTickCount                               0x20000048   Data           4  tasks.o(.data)
    uxTopReadyPriority                       0x2000004c   Data           4  tasks.o(.data)
    xSchedulerRunning                        0x20000050   Data           4  tasks.o(.data)
    xPendedTicks                             0x20000054   Data           4  tasks.o(.data)
    xYieldPending                            0x20000058   Data           4  tasks.o(.data)
    xNumOfOverflows                          0x2000005c   Data           4  tasks.o(.data)
    uxTaskNumber                             0x20000060   Data           4  tasks.o(.data)
    xNextTaskUnblockTime                     0x20000064   Data           4  tasks.o(.data)
    xIdleTaskHandle                          0x20000068   Data           4  tasks.o(.data)
    uxSchedulerSuspended                     0x2000006c   Data           4  tasks.o(.data)
    pxDelayedTaskList                        0x20000070   Data           4  tasks.o(.data)
    pxOverflowDelayedTaskList                0x20000074   Data           4  tasks.o(.data)
    .data                                    0x20000078   Section       20  timers.o(.data)
    xTimerQueue                              0x20000078   Data           4  timers.o(.data)
    xTimerTaskHandle                         0x2000007c   Data           4  timers.o(.data)
    xLastTime                                0x20000080   Data           4  timers.o(.data)
    pxCurrentTimerList                       0x20000084   Data           4  timers.o(.data)
    pxOverflowTimerList                      0x20000088   Data           4  timers.o(.data)
    .data                                    0x2000008c   Section        4  cmsis_os2.o(.data)
    KernelState                              0x2000008c   Data           4  cmsis_os2.o(.data)
    .data                                    0x20000090   Section       32  heap_4.o(.data)
    pxEnd                                    0x20000090   Data           4  heap_4.o(.data)
    xFreeBytesRemaining                      0x20000094   Data           4  heap_4.o(.data)
    xMinimumEverFreeBytesRemaining           0x20000098   Data           4  heap_4.o(.data)
    xNumberOfSuccessfulAllocations           0x2000009c   Data           4  heap_4.o(.data)
    xNumberOfSuccessfulFrees                 0x200000a0   Data           4  heap_4.o(.data)
    xBlockAllocatedBit                       0x200000a4   Data           4  heap_4.o(.data)
    xStart                                   0x200000a8   Data           8  heap_4.o(.data)
    .data                                    0x200000b0   Section       12  port.o(.data)
    ucMaxSysCallPriority                     0x200000b0   Data           1  port.o(.data)
    uxCriticalNesting                        0x200000b4   Data           4  port.o(.data)
    ulMaxPRIGROUPValue                       0x200000b8   Data           4  port.o(.data)
    .bss                                     0x200000bc   Section       20  rtc.o(.bss)
    .bss                                     0x200000d0   Section      144  tim.o(.bss)
    .bss                                     0x20000160   Section     1024  oled.o(.bss)
    .bss                                     0x20000560   Section       20  my_encoder.o(.bss)
    s_enc                                    0x20000560   Data          20  my_encoder.o(.bss)
    .bss                                     0x20000574   Section       64  queue.o(.bss)
    .bss                                     0x200005b4   Section     1220  tasks.o(.bss)
    pxReadyTasksLists                        0x200005b4   Data        1120  tasks.o(.bss)
    xDelayedTaskList1                        0x20000a14   Data          20  tasks.o(.bss)
    xDelayedTaskList2                        0x20000a28   Data          20  tasks.o(.bss)
    xPendingReadyList                        0x20000a3c   Data          20  tasks.o(.bss)
    xTasksWaitingTermination                 0x20000a50   Data          20  tasks.o(.bss)
    xSuspendedTaskList                       0x20000a64   Data          20  tasks.o(.bss)
    .bss                                     0x20000a78   Section      280  timers.o(.bss)
    xStaticTimerQueue                        0x20000a78   Data          80  timers.o(.bss)
    ucStaticTimerQueueStorage                0x20000ac8   Data         160  timers.o(.bss)
    xActiveTimerList1                        0x20000b68   Data          20  timers.o(.bss)
    xActiveTimerList2                        0x20000b7c   Data          20  timers.o(.bss)
    .bss                                     0x20000b90   Section     1720  cmsis_os2.o(.bss)
    Idle_TCB                                 0x20000b90   Data          92  cmsis_os2.o(.bss)
    Idle_Stack                               0x20000bec   Data         512  cmsis_os2.o(.bss)
    Timer_TCB                                0x20000dec   Data          92  cmsis_os2.o(.bss)
    Timer_Stack                              0x20000e48   Data        1024  cmsis_os2.o(.bss)
    .bss                                     0x20001248   Section     8192  heap_4.o(.bss)
    ucHeap                                   0x20001248   Data        8192  heap_4.o(.bss)
    .bss                                     0x20003248   Section       96  libspace.o(.bss)
    HEAP                                     0x200032a8   Section      512  startup_stm32f103xb.o(HEAP)
    Heap_Mem                                 0x200032a8   Data         512  startup_stm32f103xb.o(HEAP)
    STACK                                    0x200034a8   Section     1024  startup_stm32f103xb.o(STACK)
    Stack_Mem                                0x200034a8   Data        1024  startup_stm32f103xb.o(STACK)
    __initial_sp                             0x200038a8   Data           0  startup_stm32f103xb.o(STACK)

    Global Symbols

    Symbol Name                              Value     Ov Type        Size  Object(Section)

    BuildAttributes$$THM_ISAv4$P$D$K$B$S$PE$A:L22UL41UL21$X:L11$S22US41US21$IEEE1$IW$USESV6$~STKCKD$USESV7$~SHL$OTIME$ROPI$IEEEX$EBA8$UX$STANDARDLIB$REQ8$PRES8$EABIv2 0x00000000   Number         0  anon$$obj.o ABSOLUTE
    __ARM_use_no_argv                        0x00000000   Number         0  main.o ABSOLUTE
    _printf_flags                            0x00000000   Number         0  printf_stubs.o ABSOLUTE
    _printf_return_value                     0x00000000   Number         0  printf_stubs.o ABSOLUTE
    _printf_sizespec                         0x00000000   Number         0  printf_stubs.o ABSOLUTE
    _printf_widthprec                        0x00000000   Number         0  printf_stubs.o ABSOLUTE
    __ARM_exceptions_init                     - Undefined Weak Reference
    __alloca_initialize                       - Undefined Weak Reference
    __arm_fini_                               - Undefined Weak Reference
    __arm_preinit_                            - Undefined Weak Reference
    __cpp_initialize__aeabi_                  - Undefined Weak Reference
    __cxa_finalize                            - Undefined Weak Reference
    __sigvec_lookup                           - Undefined Weak Reference
    _atexit_init                              - Undefined Weak Reference
    _call_atexit_fns                          - Undefined Weak Reference
    _clock_init                               - Undefined Weak Reference
    _fp_trap_init                             - Undefined Weak Reference
    _fp_trap_shutdown                         - Undefined Weak Reference
    _get_lc_collate                           - Undefined Weak Reference
    _get_lc_monetary                          - Undefined Weak Reference
    _get_lc_time                              - Undefined Weak Reference
    _getenv_init                              - Undefined Weak Reference
    _handle_redirection                       - Undefined Weak Reference
    _init_alloc                               - Undefined Weak Reference
    _init_user_alloc                          - Undefined Weak Reference
    _initio                                   - Undefined Weak Reference
    _printf_mbtowc                            - Undefined Weak Reference
    _printf_wc                                - Undefined Weak Reference
    _rand_init                                - Undefined Weak Reference
    _signal_finish                            - Undefined Weak Reference
    _signal_init                              - Undefined Weak Reference
    _terminate_alloc                          - Undefined Weak Reference
    _terminate_user_alloc                     - Undefined Weak Reference
    _terminateio                              - Undefined Weak Reference
    __Vectors_Size                           0x000000ec   Number         0  startup_stm32f103xb.o ABSOLUTE
    __Vectors                                0x08000000   Data           4  startup_stm32f103xb.o(RESET)
    __Vectors_End                            0x080000ec   Data           0  startup_stm32f103xb.o(RESET)
    __main                                   0x080000ed   Thumb Code     8  __main.o(!!!main)
    __scatterload                            0x080000f5   Thumb Code     0  __scatter.o(!!!scatter)
    __scatterload_rt2                        0x080000f5   Thumb Code    44  __scatter.o(!!!scatter)
    __scatterload_rt2_thumb_only             0x080000f5   Thumb Code     0  __scatter.o(!!!scatter)
    __scatterload_null                       0x08000103   Thumb Code     0  __scatter.o(!!!scatter)
    __scatterload_copy                       0x08000129   Thumb Code    26  __scatter_copy.o(!!handler_copy)
    __scatterload_zeroinit                   0x08000145   Thumb Code    28  __scatter_zi.o(!!handler_zi)
    _printf_d                                0x08000161   Thumb Code     0  _printf_d.o(.ARM.Collect$$_printf_percent$$00000009)
    _printf_percent                          0x08000161   Thumb Code     0  _printf_percent.o(.ARM.Collect$$_printf_percent$$00000000)
    _printf_percent_end                      0x08000167   Thumb Code     0  _printf_percent_end.o(.ARM.Collect$$_printf_percent$$00000017)
    __rt_lib_init                            0x0800016b   Thumb Code     0  libinit.o(.ARM.Collect$$libinit$$00000000)
    __rt_lib_init_alloca_1                   0x0800016d   Thumb Code     0  libinit2.o(.ARM.Collect$$libinit$$0000002E)
    __rt_lib_init_argv_1                     0x0800016d   Thumb Code     0  libinit2.o(.ARM.Collect$$libinit$$0000002C)
    __rt_lib_init_atexit_1                   0x0800016d   Thumb Code     0  libinit2.o(.ARM.Collect$$libinit$$0000001B)
    __rt_lib_init_clock_1                    0x0800016d   Thumb Code     0  libinit2.o(.ARM.Collect$$libinit$$00000021)
    __rt_lib_init_cpp_1                      0x0800016d   Thumb Code     0  libinit2.o(.ARM.Collect$$libinit$$00000032)
    __rt_lib_init_exceptions_1               0x0800016d   Thumb Code     0  libinit2.o(.ARM.Collect$$libinit$$00000030)
    __rt_lib_init_fp_1                       0x0800016d   Thumb Code     0  libinit2.o(.ARM.Collect$$libinit$$00000002)
    __rt_lib_init_fp_trap_1                  0x0800016d   Thumb Code     0  libinit2.o(.ARM.Collect$$libinit$$0000001F)
    __rt_lib_init_getenv_1                   0x0800016d   Thumb Code     0  libinit2.o(.ARM.Collect$$libinit$$00000023)
    __rt_lib_init_heap_1                     0x0800016d   Thumb Code     0  libinit2.o(.ARM.Collect$$libinit$$0000000A)
    __rt_lib_init_lc_collate_1               0x0800016d   Thumb Code     0  libinit2.o(.ARM.Collect$$libinit$$00000011)
    __rt_lib_init_lc_ctype_1                 0x0800016d   Thumb Code     0  libinit2.o(.ARM.Collect$$libinit$$00000013)
    __rt_lib_init_lc_monetary_1              0x0800016d   Thumb Code     0  libinit2.o(.ARM.Collect$$libinit$$00000015)
    __rt_lib_init_lc_numeric_1               0x0800016d   Thumb Code     0  libinit2.o(.ARM.Collect$$libinit$$00000017)
    __rt_lib_init_lc_time_1                  0x0800016d   Thumb Code     0  libinit2.o(.ARM.Collect$$libinit$$00000019)
    __rt_lib_init_preinit_1                  0x0800016d   Thumb Code     0  libinit2.o(.ARM.Collect$$libinit$$00000004)
    __rt_lib_init_rand_1                     0x0800016d   Thumb Code     0  libinit2.o(.ARM.Collect$$libinit$$0000000E)
    __rt_lib_init_return                     0x0800016d   Thumb Code     0  libinit2.o(.ARM.Collect$$libinit$$00000033)
    __rt_lib_init_signal_1                   0x0800016d   Thumb Code     0  libinit2.o(.ARM.Collect$$libinit$$0000001D)
    __rt_lib_init_stdio_1                    0x0800016d   Thumb Code     0  libinit2.o(.ARM.Collect$$libinit$$00000025)
    __rt_lib_init_user_alloc_1               0x0800016d   Thumb Code     0  libinit2.o(.ARM.Collect$$libinit$$0000000C)
    __rt_lib_shutdown                        0x0800016f   Thumb Code     0  libshutdown.o(.ARM.Collect$$libshutdown$$00000000)
    __rt_lib_shutdown_cpp_1                  0x08000171   Thumb Code     0  libshutdown2.o(.ARM.Collect$$libshutdown$$00000004)
    __rt_lib_shutdown_fini_1                 0x08000171   Thumb Code     0  libshutdown2.o(.ARM.Collect$$libshutdown$$00000002)
    __rt_lib_shutdown_fp_trap_1              0x08000171   Thumb Code     0  libshutdown2.o(.ARM.Collect$$libshutdown$$00000009)
    __rt_lib_shutdown_heap_1                 0x08000171   Thumb Code     0  libshutdown2.o(.ARM.Collect$$libshutdown$$00000011)
    __rt_lib_shutdown_return                 0x08000171   Thumb Code     0  libshutdown2.o(.ARM.Collect$$libshutdown$$00000012)
    __rt_lib_shutdown_signal_1               0x08000171   Thumb Code     0  libshutdown2.o(.ARM.Collect$$libshutdown$$0000000C)
    __rt_lib_shutdown_stdio_1                0x08000171   Thumb Code     0  libshutdown2.o(.ARM.Collect$$libshutdown$$00000006)
    __rt_lib_shutdown_user_alloc_1           0x08000171   Thumb Code     0  libshutdown2.o(.ARM.Collect$$libshutdown$$0000000E)
    __rt_entry                               0x08000173   Thumb Code     0  __rtentry.o(.ARM.Collect$$rtentry$$00000000)
    __rt_entry_presh_1                       0x08000173   Thumb Code     0  __rtentry2.o(.ARM.Collect$$rtentry$$00000002)
    __rt_entry_sh                            0x08000173   Thumb Code     0  __rtentry4.o(.ARM.Collect$$rtentry$$00000004)
    __rt_entry_li                            0x08000179   Thumb Code     0  __rtentry2.o(.ARM.Collect$$rtentry$$0000000A)
    __rt_entry_postsh_1                      0x08000179   Thumb Code     0  __rtentry2.o(.ARM.Collect$$rtentry$$00000009)
    __rt_entry_main                          0x0800017d   Thumb Code     0  __rtentry2.o(.ARM.Collect$$rtentry$$0000000D)
    __rt_entry_postli_1                      0x0800017d   Thumb Code     0  __rtentry2.o(.ARM.Collect$$rtentry$$0000000C)
    __rt_exit                                0x08000185   Thumb Code     0  rtexit.o(.ARM.Collect$$rtexit$$00000000)
    __rt_exit_ls                             0x08000187   Thumb Code     0  rtexit2.o(.ARM.Collect$$rtexit$$00000003)
    __rt_exit_prels_1                        0x08000187   Thumb Code     0  rtexit2.o(.ARM.Collect$$rtexit$$00000002)
    __rt_exit_exit                           0x0800018b   Thumb Code     0  rtexit2.o(.ARM.Collect$$rtexit$$00000004)
    SVC_Handler                              0x08000191   Thumb Code    32  port.o(.emb_text)
    __asm___6_port_c_39a90d8d__prvStartFirstTask 0x080001b5   Thumb Code    28  port.o(.emb_text)
    PendSV_Handler                           0x080001d5   Thumb Code    72  port.o(.emb_text)
    vPortGetIPSR                             0x08000221   Thumb Code     6  port.o(.emb_text)
    Reset_Handler                            0x08000229   Thumb Code     8  startup_stm32f103xb.o(.text)
    ADC1_2_IRQHandler                        0x08000243   Thumb Code     0  startup_stm32f103xb.o(.text)
    CAN1_RX1_IRQHandler                      0x08000243   Thumb Code     0  startup_stm32f103xb.o(.text)
    CAN1_SCE_IRQHandler                      0x08000243   Thumb Code     0  startup_stm32f103xb.o(.text)
    DMA1_Channel1_IRQHandler                 0x08000243   Thumb Code     0  startup_stm32f103xb.o(.text)
    DMA1_Channel2_IRQHandler                 0x08000243   Thumb Code     0  startup_stm32f103xb.o(.text)
    DMA1_Channel3_IRQHandler                 0x08000243   Thumb Code     0  startup_stm32f103xb.o(.text)
    DMA1_Channel4_IRQHandler                 0x08000243   Thumb Code     0  startup_stm32f103xb.o(.text)
    DMA1_Channel5_IRQHandler                 0x08000243   Thumb Code     0  startup_stm32f103xb.o(.text)
    DMA1_Channel6_IRQHandler                 0x08000243   Thumb Code     0  startup_stm32f103xb.o(.text)
    DMA1_Channel7_IRQHandler                 0x08000243   Thumb Code     0  startup_stm32f103xb.o(.text)
    EXTI0_IRQHandler                         0x08000243   Thumb Code     0  startup_stm32f103xb.o(.text)
    EXTI15_10_IRQHandler                     0x08000243   Thumb Code     0  startup_stm32f103xb.o(.text)
    EXTI1_IRQHandler                         0x08000243   Thumb Code     0  startup_stm32f103xb.o(.text)
    EXTI2_IRQHandler                         0x08000243   Thumb Code     0  startup_stm32f103xb.o(.text)
    EXTI3_IRQHandler                         0x08000243   Thumb Code     0  startup_stm32f103xb.o(.text)
    EXTI4_IRQHandler                         0x08000243   Thumb Code     0  startup_stm32f103xb.o(.text)
    EXTI9_5_IRQHandler                       0x08000243   Thumb Code     0  startup_stm32f103xb.o(.text)
    FLASH_IRQHandler                         0x08000243   Thumb Code     0  startup_stm32f103xb.o(.text)
    I2C1_ER_IRQHandler                       0x08000243   Thumb Code     0  startup_stm32f103xb.o(.text)
    I2C1_EV_IRQHandler                       0x08000243   Thumb Code     0  startup_stm32f103xb.o(.text)
    I2C2_ER_IRQHandler                       0x08000243   Thumb Code     0  startup_stm32f103xb.o(.text)
    I2C2_EV_IRQHandler                       0x08000243   Thumb Code     0  startup_stm32f103xb.o(.text)
    PVD_IRQHandler                           0x08000243   Thumb Code     0  startup_stm32f103xb.o(.text)
    RCC_IRQHandler                           0x08000243   Thumb Code     0  startup_stm32f103xb.o(.text)
    RTC_Alarm_IRQHandler                     0x08000243   Thumb Code     0  startup_stm32f103xb.o(.text)
    RTC_IRQHandler                           0x08000243   Thumb Code     0  startup_stm32f103xb.o(.text)
    SPI1_IRQHandler                          0x08000243   Thumb Code     0  startup_stm32f103xb.o(.text)
    SPI2_IRQHandler                          0x08000243   Thumb Code     0  startup_stm32f103xb.o(.text)
    TAMPER_IRQHandler                        0x08000243   Thumb Code     0  startup_stm32f103xb.o(.text)
    TIM1_BRK_IRQHandler                      0x08000243   Thumb Code     0  startup_stm32f103xb.o(.text)
    TIM1_CC_IRQHandler                       0x08000243   Thumb Code     0  startup_stm32f103xb.o(.text)
    TIM1_TRG_COM_IRQHandler                  0x08000243   Thumb Code     0  startup_stm32f103xb.o(.text)
    TIM1_UP_IRQHandler                       0x08000243   Thumb Code     0  startup_stm32f103xb.o(.text)
    TIM2_IRQHandler                          0x08000243   Thumb Code     0  startup_stm32f103xb.o(.text)
    TIM3_IRQHandler                          0x08000243   Thumb Code     0  startup_stm32f103xb.o(.text)
    TIM4_IRQHandler                          0x08000243   Thumb Code     0  startup_stm32f103xb.o(.text)
    USART1_IRQHandler                        0x08000243   Thumb Code     0  startup_stm32f103xb.o(.text)
    USART2_IRQHandler                        0x08000243   Thumb Code     0  startup_stm32f103xb.o(.text)
    USART3_IRQHandler                        0x08000243   Thumb Code     0  startup_stm32f103xb.o(.text)
    USBWakeUp_IRQHandler                     0x08000243   Thumb Code     0  startup_stm32f103xb.o(.text)
    USB_HP_CAN1_TX_IRQHandler                0x08000243   Thumb Code     0  startup_stm32f103xb.o(.text)
    USB_LP_CAN1_RX0_IRQHandler               0x08000243   Thumb Code     0  startup_stm32f103xb.o(.text)
    WWDG_IRQHandler                          0x08000243   Thumb Code     0  startup_stm32f103xb.o(.text)
    __user_initial_stackheap                 0x08000245   Thumb Code     0  startup_stm32f103xb.o(.text)
    __2snprintf                              0x08000269   Thumb Code    50  __2snprintf.o(.text)
    _printf_pre_padding                      0x080002a1   Thumb Code    44  _printf_pad.o(.text)
    _printf_post_padding                     0x080002cd   Thumb Code    34  _printf_pad.o(.text)
    _printf_int_dec                          0x080002f1   Thumb Code   104  _printf_dec.o(.text)
    __printf                                 0x08000369   Thumb Code   388  __printf_flags_ss_wp.o(.text)
    __aeabi_memcpy                           0x080004f1   Thumb Code     0  rt_memcpy_v6.o(.text)
    __rt_memcpy                              0x080004f1   Thumb Code   138  rt_memcpy_v6.o(.text)
    _memcpy_lastbytes                        0x08000557   Thumb Code     0  rt_memcpy_v6.o(.text)
    __aeabi_memset                           0x0800057b   Thumb Code    16  aeabi_memset.o(.text)
    __aeabi_memclr4                          0x0800058b   Thumb Code     0  rt_memclr_w.o(.text)
    __aeabi_memclr8                          0x0800058b   Thumb Code     0  rt_memclr_w.o(.text)
    __rt_memclr_w                            0x0800058b   Thumb Code    78  rt_memclr_w.o(.text)
    _memset_w                                0x0800058f   Thumb Code     0  rt_memclr_w.o(.text)
    strcmp                                   0x080005d9   Thumb Code   128  strcmpv7m.o(.text)
    __use_two_region_memory                  0x08000659   Thumb Code     2  heapauxi.o(.text)
    __rt_heap_escrow$2region                 0x0800065b   Thumb Code     2  heapauxi.o(.text)
    __rt_heap_expand$2region                 0x0800065d   Thumb Code     2  heapauxi.o(.text)
    _printf_int_common                       0x0800065f   Thumb Code   178  _printf_intcommon.o(.text)
    _printf_char_common                      0x0800071b   Thumb Code    32  _printf_char_common.o(.text)
    _sputc                                   0x08000741   Thumb Code    10  _sputc.o(.text)
    _snputc                                  0x0800074b   Thumb Code    16  _snputc.o(.text)
    __aeabi_memcpy4                          0x0800075b   Thumb Code     0  rt_memcpy_w.o(.text)
    __aeabi_memcpy8                          0x0800075b   Thumb Code     0  rt_memcpy_w.o(.text)
    __rt_memcpy_w                            0x0800075b   Thumb Code   100  rt_memcpy_w.o(.text)
    _memcpy_lastbytes_aligned                0x080007a3   Thumb Code     0  rt_memcpy_w.o(.text)
    __aeabi_memclr                           0x080007bf   Thumb Code     0  rt_memclr.o(.text)
    __rt_memclr                              0x080007bf   Thumb Code    68  rt_memclr.o(.text)
    _memset                                  0x080007c3   Thumb Code     0  rt_memclr.o(.text)
    __user_libspace                          0x08000805   Thumb Code     8  libspace.o(.text)
    __user_perproc_libspace                  0x08000805   Thumb Code     0  libspace.o(.text)
    __user_perthread_libspace                0x08000805   Thumb Code     0  libspace.o(.text)
    __user_setup_stackheap                   0x0800080d   Thumb Code    74  sys_stackheap_outer.o(.text)
    exit                                     0x08000857   Thumb Code    18  exit.o(.text)
    _sys_exit                                0x08000869   Thumb Code     8  sys_exit.o(.text)
    __I$use$semihosting                      0x08000875   Thumb Code     0  use_no_semi.o(.text)
    __use_no_semihosting_swi                 0x08000875   Thumb Code     2  use_no_semi.o(.text)
    BusFault_Handler                         0x08000877   Thumb Code     2  stm32f1xx_it.o(i.BusFault_Handler)
    __semihosting_library_function           0x08000877   Thumb Code     0  indicate_semi.o(.text)
    DebugMon_Handler                         0x08000879   Thumb Code     2  stm32f1xx_it.o(i.DebugMon_Handler)
    Error_Handler                            0x0800087b   Thumb Code     4  main.o(i.Error_Handler)
    HAL_GPIO_Init                            0x08000881   Thumb Code   446  stm32f1xx_hal_gpio.o(i.HAL_GPIO_Init)
    HAL_GPIO_ReadPin                         0x08000a61   Thumb Code    10  stm32f1xx_hal_gpio.o(i.HAL_GPIO_ReadPin)
    HAL_GPIO_WritePin                        0x08000a6b   Thumb Code    10  stm32f1xx_hal_gpio.o(i.HAL_GPIO_WritePin)
    HAL_GetTick                              0x08000a75   Thumb Code     6  stm32f1xx_hal.o(i.HAL_GetTick)
    HAL_IncTick                              0x08000a81   Thumb Code    12  stm32f1xx_hal.o(i.HAL_IncTick)
    HAL_Init                                 0x08000a91   Thumb Code    32  stm32f1xx_hal.o(i.HAL_Init)
    HAL_InitTick                             0x08000ab5   Thumb Code    54  stm32f1xx_hal.o(i.HAL_InitTick)
    HAL_MspInit                              0x08000af5   Thumb Code    62  stm32f1xx_hal_msp.o(i.HAL_MspInit)
    HAL_NVIC_SetPriority                     0x08000b3d   Thumb Code    60  stm32f1xx_hal_cortex.o(i.HAL_NVIC_SetPriority)
    HAL_NVIC_SetPriorityGrouping             0x08000b7d   Thumb Code    26  stm32f1xx_hal_cortex.o(i.HAL_NVIC_SetPriorityGrouping)
    HAL_PWR_EnableBkUpAccess                 0x08000ba1   Thumb Code     8  stm32f1xx_hal_pwr.o(i.HAL_PWR_EnableBkUpAccess)
    HAL_RCCEx_GetPeriphCLKFreq               0x08000bad   Thumb Code   148  stm32f1xx_hal_rcc_ex.o(i.HAL_RCCEx_GetPeriphCLKFreq)
    HAL_RCCEx_PeriphCLKConfig                0x08000c51   Thumb Code   224  stm32f1xx_hal_rcc_ex.o(i.HAL_RCCEx_PeriphCLKConfig)
    HAL_RCC_ClockConfig                      0x08000d3d   Thumb Code   280  stm32f1xx_hal_rcc.o(i.HAL_RCC_ClockConfig)
    HAL_RCC_GetPCLK2Freq                     0x08000e69   Thumb Code    20  stm32f1xx_hal_rcc.o(i.HAL_RCC_GetPCLK2Freq)
    HAL_RCC_GetSysClockFreq                  0x08000e89   Thumb Code    58  stm32f1xx_hal_rcc.o(i.HAL_RCC_GetSysClockFreq)
    HAL_RCC_OscConfig                        0x08000ed5   Thumb Code   778  stm32f1xx_hal_rcc.o(i.HAL_RCC_OscConfig)
    HAL_RTCEx_BKUPRead                       0x080011f5   Thumb Code    10  stm32f1xx_hal_rtc_ex.o(i.HAL_RTCEx_BKUPRead)
    HAL_RTCEx_BKUPWrite                      0x08001205   Thumb Code    12  stm32f1xx_hal_rtc_ex.o(i.HAL_RTCEx_BKUPWrite)
    HAL_RTC_GetDate                          0x08001215   Thumb Code    78  stm32f1xx_hal_rtc.o(i.HAL_RTC_GetDate)
    HAL_RTC_GetTime                          0x08001263   Thumb Code   216  stm32f1xx_hal_rtc.o(i.HAL_RTC_GetTime)
    HAL_RTC_Init                             0x0800133d   Thumb Code   144  stm32f1xx_hal_rtc.o(i.HAL_RTC_Init)
    HAL_RTC_MspInit                          0x080013d1   Thumb Code    40  rtc.o(i.HAL_RTC_MspInit)
    HAL_RTC_SetDate                          0x08001405   Thumb Code   192  stm32f1xx_hal_rtc.o(i.HAL_RTC_SetDate)
    HAL_RTC_SetTime                          0x080014c9   Thumb Code   168  stm32f1xx_hal_rtc.o(i.HAL_RTC_SetTime)
    HAL_RTC_WaitForSynchro                   0x08001575   Thumb Code    58  stm32f1xx_hal_rtc.o(i.HAL_RTC_WaitForSynchro)
    HAL_SYSTICK_Config                       0x080015af   Thumb Code    40  stm32f1xx_hal_cortex.o(i.HAL_SYSTICK_Config)
    HAL_TIMEx_MasterConfigSynchronization    0x080015d9   Thumb Code    92  stm32f1xx_hal_tim_ex.o(i.HAL_TIMEx_MasterConfigSynchronization)
    HAL_TIM_Encoder_Init                     0x08001641   Thumb Code   164  stm32f1xx_hal_tim.o(i.HAL_TIM_Encoder_Init)
    HAL_TIM_Encoder_MspInit                  0x080016e5   Thumb Code   124  tim.o(i.HAL_TIM_Encoder_MspInit)
    HAL_TIM_Encoder_Start                    0x08001771   Thumb Code   142  stm32f1xx_hal_tim.o(i.HAL_TIM_Encoder_Start)
    HAL_TIM_MspPostInit                      0x08001801   Thumb Code   108  tim.o(i.HAL_TIM_MspPostInit)
    HAL_TIM_PWM_ConfigChannel                0x08001881   Thumb Code   204  stm32f1xx_hal_tim.o(i.HAL_TIM_PWM_ConfigChannel)
    HAL_TIM_PWM_Init                         0x0800194d   Thumb Code    90  stm32f1xx_hal_tim.o(i.HAL_TIM_PWM_Init)
    HAL_TIM_PWM_MspInit                      0x080019a9   Thumb Code    30  tim.o(i.HAL_TIM_PWM_MspInit)
    HAL_TIM_PWM_Start                        0x080019d1   Thumb Code   144  stm32f1xx_hal_tim.o(i.HAL_TIM_PWM_Start)
    HardFault_Handler                        0x08001a6d   Thumb Code     2  stm32f1xx_it.o(i.HardFault_Handler)
    Key_GetState                             0x08001a71   Thumb Code    64  key.o(i.Key_GetState)
    Key_Task_Entry                           0x08001ab5   Thumb Code   102  freertos.o(i.Key_Task_Entry)
    LED_Control_Task_Entry                   0x08001b21   Thumb Code    46  freertos.o(i.LED_Control_Task_Entry)
    LED_PWM_Init                             0x08001b59   Thumb Code    26  led.o(i.LED_PWM_Init)
    LED_PWM_Start                            0x08001b79   Thumb Code    46  led.o(i.LED_PWM_Start)
    LED_SetAllPercent                        0x08001bad   Thumb Code    34  led.o(i.LED_SetAllPercent)
    LED_SetBrightnessPercent                 0x08001bd1   Thumb Code    34  led.o(i.LED_SetBrightnessPercent)
    LED_SetCompare                           0x08001bf9   Thumb Code    68  led.o(i.LED_SetCompare)
    MX_FREERTOS_Init                         0x08001c41   Thumb Code   122  freertos.o(i.MX_FREERTOS_Init)
    MX_GPIO_Init                             0x08001d05   Thumb Code   150  gpio.o(i.MX_GPIO_Init)
    MX_RTC_Init                              0x08001da9   Thumb Code   124  rtc.o(i.MX_RTC_Init)
    MX_TIM2_Init                             0x08001e2d   Thumb Code   102  tim.o(i.MX_TIM2_Init)
    MX_TIM3_Init                             0x08001e99   Thumb Code   154  tim.o(i.MX_TIM3_Init)
    MY_ENCODER_GetClick                      0x08001f3d   Thumb Code    10  my_encoder.o(i.MY_ENCODER_GetClick)
    MY_ENCODER_GetMoveSteps                  0x08001f4d   Thumb Code    12  my_encoder.o(i.MY_ENCODER_GetMoveSteps)
    MY_ENCODER_Init                          0x08001f5d   Thumb Code    60  my_encoder.o(i.MY_ENCODER_Init)
    MY_ENCODER_Process                       0x08001f9d   Thumb Code   138  my_encoder.o(i.MY_ENCODER_Process)
    MemManage_Handler                        0x08002045   Thumb Code     2  stm32f1xx_it.o(i.MemManage_Handler)
    NMI_Handler                              0x08002047   Thumb Code     2  stm32f1xx_it.o(i.NMI_Handler)
    OLED_Clear                               0x08002049   Thumb Code    34  oled.o(i.OLED_Clear)
    OLED_ClearArea                           0x08002071   Thumb Code    86  oled.o(i.OLED_ClearArea)
    OLED_DrawLine                            0x080020cd   Thumb Code   234  oled.o(i.OLED_DrawLine)
    OLED_DrawPoint                           0x080021b9   Thumb Code    48  oled.o(i.OLED_DrawPoint)
    OLED_DrawRectangle                       0x080021ed   Thumb Code   116  oled.o(i.OLED_DrawRectangle)
    OLED_GPIO_Init                           0x08002261   Thumb Code    38  oled.o(i.OLED_GPIO_Init)
    OLED_I2C_SendByte                        0x08002287   Thumb Code    58  oled.o(i.OLED_I2C_SendByte)
    OLED_I2C_Start                           0x080022c1   Thumb Code    30  oled.o(i.OLED_I2C_Start)
    OLED_I2C_Stop                            0x080022df   Thumb Code    24  oled.o(i.OLED_I2C_Stop)
    OLED_Init                                0x080022f7   Thumb Code   156  oled.o(i.OLED_Init)
    OLED_Pow                                 0x08002393   Thumb Code    14  oled.o(i.OLED_Pow)
    OLED_ReverseArea                         0x080023a1   Thumb Code    84  oled.o(i.OLED_ReverseArea)
    OLED_SetCursor                           0x080023f9   Thumb Code    34  oled.o(i.OLED_SetCursor)
    OLED_ShowChar                            0x0800241d   Thumb Code    52  oled.o(i.OLED_ShowChar)
    OLED_ShowImage                           0x08002459   Thumb Code   182  oled.o(i.OLED_ShowImage)
    OLED_ShowNum                             0x08002515   Thumb Code    70  oled.o(i.OLED_ShowNum)
    OLED_ShowString                          0x0800255d   Thumb Code   356  oled.o(i.OLED_ShowString)
    OLED_Task_Entry                          0x080026c9   Thumb Code  2404  freertos.o(i.OLED_Task_Entry)
    OLED_Update                              0x0800303d   Thumb Code    34  oled.o(i.OLED_Update)
    OLED_W_SCL                               0x08003065   Thumb Code    12  oled.o(i.OLED_W_SCL)
    OLED_W_SDA                               0x08003075   Thumb Code    12  oled.o(i.OLED_W_SDA)
    OLED_WriteCommand                        0x08003085   Thumb Code    34  oled.o(i.OLED_WriteCommand)
    OLED_WriteData                           0x080030a7   Thumb Code    48  oled.o(i.OLED_WriteData)
    StartDefaultTask                         0x080032eb   Thumb Code    12  freertos.o(i.StartDefaultTask)
    SysTick_Handler                          0x080032f7   Thumb Code    24  stm32f1xx_it.o(i.SysTick_Handler)
    SystemClock_Config                       0x0800330f   Thumb Code   128  main.o(i.SystemClock_Config)
    SystemInit                               0x0800338f   Thumb Code     2  system_stm32f1xx.o(i.SystemInit)
    TIM_Base_SetConfig                       0x08003391   Thumb Code   108  stm32f1xx_hal_tim.o(i.TIM_Base_SetConfig)
    TIM_CCxChannelCmd                        0x08003409   Thumb Code    26  stm32f1xx_hal_tim.o(i.TIM_CCxChannelCmd)
    TIM_OC2_SetConfig                        0x08003475   Thumb Code    84  stm32f1xx_hal_tim.o(i.TIM_OC2_SetConfig)
    UsageFault_Handler                       0x08003569   Thumb Code     2  stm32f1xx_it.o(i.UsageFault_Handler)
    _is_digit                                0x0800358b   Thumb Code    14  __printf_wp.o(i._is_digit)
    main                                     0x08003599   Thumb Code   118  main.o(i.main)
    osDelay                                  0x08003619   Thumb Code    26  cmsis_os2.o(i.osDelay)
    osKernelInitialize                       0x08003635   Thumb Code    32  cmsis_os2.o(i.osKernelInitialize)
    osKernelStart                            0x08003659   Thumb Code    48  cmsis_os2.o(i.osKernelStart)
    osThreadNew                              0x08003691   Thumb Code   138  cmsis_os2.o(i.osThreadNew)
    pvPortMalloc                             0x08003eb1   Thumb Code   216  heap_4.o(i.pvPortMalloc)
    pxPortInitialiseStack                    0x08003f8d   Thumb Code    32  port.o(i.pxPortInitialiseStack)
    uxListRemove                             0x08003fb1   Thumb Code    38  list.o(i.uxListRemove)
    vApplicationGetIdleTaskMemory            0x08003fd9   Thumb Code    16  cmsis_os2.o(i.vApplicationGetIdleTaskMemory)
    vApplicationGetTimerTaskMemory           0x08003fed   Thumb Code    18  cmsis_os2.o(i.vApplicationGetTimerTaskMemory)
    vListInitialise                          0x08004005   Thumb Code    22  list.o(i.vListInitialise)
    vListInitialiseItem                      0x0800401b   Thumb Code     6  list.o(i.vListInitialiseItem)
    vListInsert                              0x08004021   Thumb Code    48  list.o(i.vListInsert)
    vListInsertEnd                           0x08004051   Thumb Code    24  list.o(i.vListInsertEnd)
    vPortEnterCritical                       0x08004069   Thumb Code    54  port.o(i.vPortEnterCritical)
    vPortExitCritical                        0x080040a9   Thumb Code    34  port.o(i.vPortExitCritical)
    vPortFree                                0x080040d1   Thumb Code    94  heap_4.o(i.vPortFree)
    vPortSetupTimerInterrupt                 0x08004135   Thumb Code    32  port.o(i.vPortSetupTimerInterrupt)
    vPortValidateInterruptPriority           0x08004159   Thumb Code    74  port.o(i.vPortValidateInterruptPriority)
    vQueueAddToRegistry                      0x080041ad   Thumb Code    34  queue.o(i.vQueueAddToRegistry)
    vQueueWaitForMessageRestricted           0x080041d5   Thumb Code    68  queue.o(i.vQueueWaitForMessageRestricted)
    vTaskDelay                               0x08004219   Thumb Code    66  tasks.o(i.vTaskDelay)
    vTaskDelayUntil                          0x08004265   Thumb Code   132  tasks.o(i.vTaskDelayUntil)
    vTaskInternalSetTimeOutState             0x080042f1   Thumb Code    12  tasks.o(i.vTaskInternalSetTimeOutState)
    vTaskMissedYield                         0x08004301   Thumb Code     8  tasks.o(i.vTaskMissedYield)
    vTaskPlaceOnEventList                    0x0800430d   Thumb Code    44  tasks.o(i.vTaskPlaceOnEventList)
    vTaskPlaceOnEventListRestricted          0x0800433d   Thumb Code    52  tasks.o(i.vTaskPlaceOnEventListRestricted)
    vTaskStartScheduler                      0x08004375   Thumb Code   118  tasks.o(i.vTaskStartScheduler)
    vTaskSuspendAll                          0x080043fd   Thumb Code    10  tasks.o(i.vTaskSuspendAll)
    vTaskSwitchContext                       0x0800440d   Thumb Code    90  tasks.o(i.vTaskSwitchContext)
    xPortStartScheduler                      0x08004471   Thumb Code   154  port.o(i.xPortStartScheduler)
    xPortSysTickHandler                      0x08004519   Thumb Code    38  port.o(i.xPortSysTickHandler)
    xQueueGenericCreate                      0x08004545   Thumb Code    66  queue.o(i.xQueueGenericCreate)
    xQueueGenericCreateStatic                0x08004587   Thumb Code   102  queue.o(i.xQueueGenericCreateStatic)
    xQueueGenericReset                       0x080045ed   Thumb Code   132  queue.o(i.xQueueGenericReset)
    xQueueGenericSend                        0x08004675   Thumb Code   346  queue.o(i.xQueueGenericSend)
    xQueueGenericSendFromISR                 0x080047d5   Thumb Code   190  queue.o(i.xQueueGenericSendFromISR)
    xQueueReceive                            0x08004895   Thumb Code   308  queue.o(i.xQueueReceive)
    xTaskCheckForTimeOut                     0x080049cd   Thumb Code   112  tasks.o(i.xTaskCheckForTimeOut)
    xTaskCreate                              0x08004a41   Thumb Code    90  tasks.o(i.xTaskCreate)
    xTaskCreateStatic                        0x08004a9b   Thumb Code    86  tasks.o(i.xTaskCreateStatic)
    xTaskGetSchedulerState                   0x08004af1   Thumb Code    22  tasks.o(i.xTaskGetSchedulerState)
    xTaskGetTickCount                        0x08004b0d   Thumb Code     6  tasks.o(i.xTaskGetTickCount)
    xTaskIncrementTick                       0x08004b19   Thumb Code   192  tasks.o(i.xTaskIncrementTick)
    xTaskPriorityDisinherit                  0x08004be1   Thumb Code   118  tasks.o(i.xTaskPriorityDisinherit)
    xTaskRemoveFromEventList                 0x08004c61   Thumb Code    98  tasks.o(i.xTaskRemoveFromEventList)
    xTaskResumeAll                           0x08004cd1   Thumb Code   182  tasks.o(i.xTaskResumeAll)
    xTimerCreateTimerTask                    0x08004d95   Thumb Code    78  timers.o(i.xTimerCreateTimerTask)
    xTimerGenericCommand                     0x08004df5   Thumb Code    98  timers.o(i.xTimerGenericCommand)
    defaultTask_attributes                   0x08004e64   Data          36  freertos.o(.constdata)
    AHBPrescTable                            0x08004ebc   Data          16  system_stm32f1xx.o(.constdata)
    APBPrescTable                            0x08004ecc   Data           8  system_stm32f1xx.o(.constdata)
    OLED_F8x16                               0x08004ed4   Data        1520  oled_data.o(.constdata)
    OLED_F6x8                                0x080054c4   Data         570  oled_data.o(.constdata)
    OLED_CF16x16                             0x080056fe   Data         777  oled_data.o(.constdata)
    Region$$Table$$Base                      0x08005a5c   Number         0  anon$$obj.o(Region$$Table)
    Region$$Table$$Limit                     0x08005a7c   Number         0  anon$$obj.o(Region$$Table)
    sTime                                    0x20000000   Data           3  main.o(.data)
    sDate                                    0x20000003   Data           4  main.o(.data)
    g_GlobalKeyNum                           0x20000008   Data           1  freertos.o(.data)
    g_MenuIndex                              0x20000009   Data           1  freertos.o(.data)
    g_MenuEnterFlag                          0x2000000a   Data           1  freertos.o(.data)
    g_LedModeAuto                            0x2000000b   Data           1  freertos.o(.data)
    g_LastEncStep                            0x2000000c   Data           2  freertos.o(.data)
    g_LedBrightness                          0x2000000e   Data           3  freertos.o(.data)
    xKeyQueue                                0x20000014   Data           4  freertos.o(.data)
    KeyTaskHandle                            0x20000018   Data           4  freertos.o(.data)
    OLEDTaskHandle                           0x2000001c   Data           4  freertos.o(.data)
    LEDTaskHandle                            0x20000020   Data           4  freertos.o(.data)
    defaultTaskHandle                        0x20000024   Data           4  freertos.o(.data)
    uwTickFreq                               0x20000028   Data           1  stm32f1xx_hal.o(.data)
    uwTickPrio                               0x2000002c   Data           4  stm32f1xx_hal.o(.data)
    uwTick                                   0x20000030   Data           4  stm32f1xx_hal.o(.data)
    SystemCoreClock                          0x20000034   Data           4  system_stm32f1xx.o(.data)
    pxCurrentTCB                             0x2000003c   Data           4  tasks.o(.data)
    hrtc                                     0x200000bc   Data          20  rtc.o(.bss)
    htim2                                    0x200000d0   Data          72  tim.o(.bss)
    htim3                                    0x20000118   Data          72  tim.o(.bss)
    OLED_DisplayBuf                          0x20000160   Data        1024  oled.o(.bss)
    xQueueRegistry                           0x20000574   Data          64  queue.o(.bss)
    __libspace_start                         0x20003248   Data          96  libspace.o(.bss)
    __temporary_stack_top$libspace           0x200032a8   Data           0  libspace.o(.bss)



==============================================================================

Memory Map of the image

  Image Entry point : 0x080000ed

  Load Region LR_IROM1 (Base: 0x08000000, Size: 0x00005b38, Max: 0x00010000, ABSOLUTE)

    Execution Region ER_IROM1 (Exec base: 0x08000000, Load base: 0x08000000, Size: 0x00005a7c, Max: 0x00010000, ABSOLUTE)

    Exec Addr    Load Addr    Size         Type   Attr      Idx    E Section Name        Object

    0x08000000   0x08000000   0x000000ec   Data   RO            3    RESET               startup_stm32f103xb.o
    0x080000ec   0x080000ec   0x00000008   Code   RO         5153  * !!!main             c_w.l(__main.o)
    0x080000f4   0x080000f4   0x00000034   Code   RO         5562    !!!scatter          c_w.l(__scatter.o)
    0x08000128   0x08000128   0x0000001a   Code   RO         5564    !!handler_copy      c_w.l(__scatter_copy.o)
    0x08000142   0x08000142   0x00000002   PAD
    0x08000144   0x08000144   0x0000001c   Code   RO         5566    !!handler_zi        c_w.l(__scatter_zi.o)
    0x08000160   0x08000160   0x00000000   Code   RO         5140    .ARM.Collect$$_printf_percent$$00000000  c_w.l(_printf_percent.o)
    0x08000160   0x08000160   0x00000006   Code   RO         5139    .ARM.Collect$$_printf_percent$$00000009  c_w.l(_printf_d.o)
    0x08000166   0x08000166   0x00000004   Code   RO         5270    .ARM.Collect$$_printf_percent$$00000017  c_w.l(_printf_percent_end.o)
    0x0800016a   0x0800016a   0x00000002   Code   RO         5422    .ARM.Collect$$libinit$$00000000  c_w.l(libinit.o)
    0x0800016c   0x0800016c   0x00000000   Code   RO         5433    .ARM.Collect$$libinit$$00000002  c_w.l(libinit2.o)
    0x0800016c   0x0800016c   0x00000000   Code   RO         5435    .ARM.Collect$$libinit$$00000004  c_w.l(libinit2.o)
    0x0800016c   0x0800016c   0x00000000   Code   RO         5438    .ARM.Collect$$libinit$$0000000A  c_w.l(libinit2.o)
    0x0800016c   0x0800016c   0x00000000   Code   RO         5440    .ARM.Collect$$libinit$$0000000C  c_w.l(libinit2.o)
    0x0800016c   0x0800016c   0x00000000   Code   RO         5442    .ARM.Collect$$libinit$$0000000E  c_w.l(libinit2.o)
    0x0800016c   0x0800016c   0x00000000   Code   RO         5445    .ARM.Collect$$libinit$$00000011  c_w.l(libinit2.o)
    0x0800016c   0x0800016c   0x00000000   Code   RO         5447    .ARM.Collect$$libinit$$00000013  c_w.l(libinit2.o)
    0x0800016c   0x0800016c   0x00000000   Code   RO         5449    .ARM.Collect$$libinit$$00000015  c_w.l(libinit2.o)
    0x0800016c   0x0800016c   0x00000000   Code   RO         5451    .ARM.Collect$$libinit$$00000017  c_w.l(libinit2.o)
    0x0800016c   0x0800016c   0x00000000   Code   RO         5453    .ARM.Collect$$libinit$$00000019  c_w.l(libinit2.o)
    0x0800016c   0x0800016c   0x00000000   Code   RO         5455    .ARM.Collect$$libinit$$0000001B  c_w.l(libinit2.o)
    0x0800016c   0x0800016c   0x00000000   Code   RO         5457    .ARM.Collect$$libinit$$0000001D  c_w.l(libinit2.o)
    0x0800016c   0x0800016c   0x00000000   Code   RO         5459    .ARM.Collect$$libinit$$0000001F  c_w.l(libinit2.o)
    0x0800016c   0x0800016c   0x00000000   Code   RO         5461    .ARM.Collect$$libinit$$00000021  c_w.l(libinit2.o)
    0x0800016c   0x0800016c   0x00000000   Code   RO         5463    .ARM.Collect$$libinit$$00000023  c_w.l(libinit2.o)
    0x0800016c   0x0800016c   0x00000000   Code   RO         5465    .ARM.Collect$$libinit$$00000025  c_w.l(libinit2.o)
    0x0800016c   0x0800016c   0x00000000   Code   RO         5469    .ARM.Collect$$libinit$$0000002C  c_w.l(libinit2.o)
    0x0800016c   0x0800016c   0x00000000   Code   RO         5471    .ARM.Collect$$libinit$$0000002E  c_w.l(libinit2.o)
    0x0800016c   0x0800016c   0x00000000   Code   RO         5473    .ARM.Collect$$libinit$$00000030  c_w.l(libinit2.o)
    0x0800016c   0x0800016c   0x00000000   Code   RO         5475    .ARM.Collect$$libinit$$00000032  c_w.l(libinit2.o)
    0x0800016c   0x0800016c   0x00000002   Code   RO         5476    .ARM.Collect$$libinit$$00000033  c_w.l(libinit2.o)
    0x0800016e   0x0800016e   0x00000002   Code   RO         5500    .ARM.Collect$$libshutdown$$00000000  c_w.l(libshutdown.o)
    0x08000170   0x08000170   0x00000000   Code   RO         5513    .ARM.Collect$$libshutdown$$00000002  c_w.l(libshutdown2.o)
    0x08000170   0x08000170   0x00000000   Code   RO         5515    .ARM.Collect$$libshutdown$$00000004  c_w.l(libshutdown2.o)
    0x08000170   0x08000170   0x00000000   Code   RO         5517    .ARM.Collect$$libshutdown$$00000006  c_w.l(libshutdown2.o)
    0x08000170   0x08000170   0x00000000   Code   RO         5520    .ARM.Collect$$libshutdown$$00000009  c_w.l(libshutdown2.o)
    0x08000170   0x08000170   0x00000000   Code   RO         5523    .ARM.Collect$$libshutdown$$0000000C  c_w.l(libshutdown2.o)
    0x08000170   0x08000170   0x00000000   Code   RO         5525    .ARM.Collect$$libshutdown$$0000000E  c_w.l(libshutdown2.o)
    0x08000170   0x08000170   0x00000000   Code   RO         5528    .ARM.Collect$$libshutdown$$00000011  c_w.l(libshutdown2.o)
    0x08000170   0x08000170   0x00000002   Code   RO         5529    .ARM.Collect$$libshutdown$$00000012  c_w.l(libshutdown2.o)
    0x08000172   0x08000172   0x00000000   Code   RO         5209    .ARM.Collect$$rtentry$$00000000  c_w.l(__rtentry.o)
    0x08000172   0x08000172   0x00000000   Code   RO         5333    .ARM.Collect$$rtentry$$00000002  c_w.l(__rtentry2.o)
    0x08000172   0x08000172   0x00000006   Code   RO         5345    .ARM.Collect$$rtentry$$00000004  c_w.l(__rtentry4.o)
    0x08000178   0x08000178   0x00000000   Code   RO         5335    .ARM.Collect$$rtentry$$00000009  c_w.l(__rtentry2.o)
    0x08000178   0x08000178   0x00000004   Code   RO         5336    .ARM.Collect$$rtentry$$0000000A  c_w.l(__rtentry2.o)
    0x0800017c   0x0800017c   0x00000000   Code   RO         5338    .ARM.Collect$$rtentry$$0000000C  c_w.l(__rtentry2.o)
    0x0800017c   0x0800017c   0x00000008   Code   RO         5339    .ARM.Collect$$rtentry$$0000000D  c_w.l(__rtentry2.o)
    0x08000184   0x08000184   0x00000002   Code   RO         5427    .ARM.Collect$$rtexit$$00000000  c_w.l(rtexit.o)
    0x08000186   0x08000186   0x00000000   Code   RO         5480    .ARM.Collect$$rtexit$$00000002  c_w.l(rtexit2.o)
    0x08000186   0x08000186   0x00000004   Code   RO         5481    .ARM.Collect$$rtexit$$00000003  c_w.l(rtexit2.o)
    0x0800018a   0x0800018a   0x00000006   Code   RO         5482    .ARM.Collect$$rtexit$$00000004  c_w.l(rtexit2.o)
    0x08000190   0x08000190   0x00000096   Code   RO         5026    .emb_text           port.o
    0x08000226   0x08000226   0x00000002   PAD
    0x08000228   0x08000228   0x00000040   Code   RO            4    .text               startup_stm32f103xb.o
    0x08000268   0x08000268   0x00000038   Code   RO         5109    .text               c_w.l(__2snprintf.o)
    0x080002a0   0x080002a0   0x0000004e   Code   RO         5115    .text               c_w.l(_printf_pad.o)
    0x080002ee   0x080002ee   0x00000002   PAD
    0x080002f0   0x080002f0   0x00000078   Code   RO         5117    .text               c_w.l(_printf_dec.o)
    0x08000368   0x08000368   0x00000188   Code   RO         5136    .text               c_w.l(__printf_flags_ss_wp.o)
    0x080004f0   0x080004f0   0x0000008a   Code   RO         5141    .text               c_w.l(rt_memcpy_v6.o)
    0x0800057a   0x0800057a   0x00000010   Code   RO         5145    .text               c_w.l(aeabi_memset.o)
    0x0800058a   0x0800058a   0x0000004e   Code   RO         5147    .text               c_w.l(rt_memclr_w.o)
    0x080005d8   0x080005d8   0x00000080   Code   RO         5149    .text               c_w.l(strcmpv7m.o)
    0x08000658   0x08000658   0x00000006   Code   RO         5151    .text               c_w.l(heapauxi.o)
    0x0800065e   0x0800065e   0x000000b2   Code   RO         5216    .text               c_w.l(_printf_intcommon.o)
    0x08000710   0x08000710   0x00000030   Code   RO         5220    .text               c_w.l(_printf_char_common.o)
    0x08000740   0x08000740   0x0000000a   Code   RO         5222    .text               c_w.l(_sputc.o)
    0x0800074a   0x0800074a   0x00000010   Code   RO         5224    .text               c_w.l(_snputc.o)
    0x0800075a   0x0800075a   0x00000064   Code   RO         5280    .text               c_w.l(rt_memcpy_w.o)
    0x080007be   0x080007be   0x00000044   Code   RO         5282    .text               c_w.l(rt_memclr.o)
    0x08000802   0x08000802   0x00000002   PAD
    0x08000804   0x08000804   0x00000008   Code   RO         5373    .text               c_w.l(libspace.o)
    0x0800080c   0x0800080c   0x0000004a   Code   RO         5376    .text               c_w.l(sys_stackheap_outer.o)
    0x08000856   0x08000856   0x00000012   Code   RO         5415    .text               c_w.l(exit.o)
    0x08000868   0x08000868   0x0000000c   Code   RO         5492    .text               c_w.l(sys_exit.o)
    0x08000874   0x08000874   0x00000002   Code   RO         5503    .text               c_w.l(use_no_semi.o)
    0x08000876   0x08000876   0x00000000   Code   RO         5505    .text               c_w.l(indicate_semi.o)
    0x08000876   0x08000876   0x00000002   Code   RO          493    i.BusFault_Handler  stm32f1xx_it.o
    0x08000878   0x08000878   0x00000002   Code   RO          494    i.DebugMon_Handler  stm32f1xx_it.o
    0x0800087a   0x0800087a   0x00000004   Code   RO           13    i.Error_Handler     main.o
    0x0800087e   0x0800087e   0x00000002   PAD
    0x08000880   0x08000880   0x000001e0   Code   RO          960    i.HAL_GPIO_Init     stm32f1xx_hal_gpio.o
    0x08000a60   0x08000a60   0x0000000a   Code   RO          962    i.HAL_GPIO_ReadPin  stm32f1xx_hal_gpio.o
    0x08000a6a   0x08000a6a   0x0000000a   Code   RO          964    i.HAL_GPIO_WritePin  stm32f1xx_hal_gpio.o
    0x08000a74   0x08000a74   0x0000000c   Code   RO          654    i.HAL_GetTick       stm32f1xx_hal.o
    0x08000a80   0x08000a80   0x00000010   Code   RO          660    i.HAL_IncTick       stm32f1xx_hal.o
    0x08000a90   0x08000a90   0x00000024   Code   RO          661    i.HAL_Init          stm32f1xx_hal.o
    0x08000ab4   0x08000ab4   0x00000040   Code   RO          662    i.HAL_InitTick      stm32f1xx_hal.o
    0x08000af4   0x08000af4   0x00000048   Code   RO          583    i.HAL_MspInit       stm32f1xx_hal_msp.o
    0x08000b3c   0x08000b3c   0x00000040   Code   RO         1126    i.HAL_NVIC_SetPriority  stm32f1xx_hal_cortex.o
    0x08000b7c   0x08000b7c   0x00000024   Code   RO         1127    i.HAL_NVIC_SetPriorityGrouping  stm32f1xx_hal_cortex.o
    0x08000ba0   0x08000ba0   0x0000000c   Code   RO         1242    i.HAL_PWR_EnableBkUpAccess  stm32f1xx_hal_pwr.o
    0x08000bac   0x08000bac   0x000000a4   Code   RO          921    i.HAL_RCCEx_GetPeriphCLKFreq  stm32f1xx_hal_rcc_ex.o
    0x08000c50   0x08000c50   0x000000ec   Code   RO          922    i.HAL_RCCEx_PeriphCLKConfig  stm32f1xx_hal_rcc_ex.o
    0x08000d3c   0x08000d3c   0x0000012c   Code   RO          818    i.HAL_RCC_ClockConfig  stm32f1xx_hal_rcc.o
    0x08000e68   0x08000e68   0x00000020   Code   RO          826    i.HAL_RCC_GetPCLK2Freq  stm32f1xx_hal_rcc.o
    0x08000e88   0x08000e88   0x0000004c   Code   RO          827    i.HAL_RCC_GetSysClockFreq  stm32f1xx_hal_rcc.o
    0x08000ed4   0x08000ed4   0x00000320   Code   RO          830    i.HAL_RCC_OscConfig  stm32f1xx_hal_rcc.o
    0x080011f4   0x080011f4   0x00000010   Code   RO         1790    i.HAL_RTCEx_BKUPRead  stm32f1xx_hal_rtc_ex.o
    0x08001204   0x08001204   0x00000010   Code   RO         1791    i.HAL_RTCEx_BKUPWrite  stm32f1xx_hal_rtc_ex.o
    0x08001214   0x08001214   0x0000004e   Code   RO         1625    i.HAL_RTC_GetDate   stm32f1xx_hal_rtc.o
    0x08001262   0x08001262   0x000000d8   Code   RO         1627    i.HAL_RTC_GetTime   stm32f1xx_hal_rtc.o
    0x0800133a   0x0800133a   0x00000002   PAD
    0x0800133c   0x0800133c   0x00000094   Code   RO         1628    i.HAL_RTC_Init      stm32f1xx_hal_rtc.o
    0x080013d0   0x080013d0   0x00000034   Code   RO          386    i.HAL_RTC_MspInit   rtc.o
    0x08001404   0x08001404   0x000000c4   Code   RO         1634    i.HAL_RTC_SetDate   stm32f1xx_hal_rtc.o
    0x080014c8   0x080014c8   0x000000ac   Code   RO         1635    i.HAL_RTC_SetTime   stm32f1xx_hal_rtc.o
    0x08001574   0x08001574   0x0000003a   Code   RO         1636    i.HAL_RTC_WaitForSynchro  stm32f1xx_hal_rtc.o
    0x080015ae   0x080015ae   0x00000028   Code   RO         1131    i.HAL_SYSTICK_Config  stm32f1xx_hal_cortex.o
    0x080015d6   0x080015d6   0x00000002   PAD
    0x080015d8   0x080015d8   0x00000068   Code   RO         2617    i.HAL_TIMEx_MasterConfigSynchronization  stm32f1xx_hal_tim_ex.o
    0x08001640   0x08001640   0x000000a4   Code   RO         1915    i.HAL_TIM_Encoder_Init  stm32f1xx_hal_tim.o
    0x080016e4   0x080016e4   0x0000008c   Code   RO          428    i.HAL_TIM_Encoder_MspInit  tim.o
    0x08001770   0x08001770   0x0000008e   Code   RO         1918    i.HAL_TIM_Encoder_Start  stm32f1xx_hal_tim.o
    0x080017fe   0x080017fe   0x00000002   PAD
    0x08001800   0x08001800   0x00000080   Code   RO          429    i.HAL_TIM_MspPostInit  tim.o
    0x08001880   0x08001880   0x000000cc   Code   RO         1966    i.HAL_TIM_PWM_ConfigChannel  stm32f1xx_hal_tim.o
    0x0800194c   0x0800194c   0x0000005a   Code   RO         1969    i.HAL_TIM_PWM_Init  stm32f1xx_hal_tim.o
    0x080019a6   0x080019a6   0x00000002   PAD
    0x080019a8   0x080019a8   0x00000028   Code   RO          431    i.HAL_TIM_PWM_MspInit  tim.o
    0x080019d0   0x080019d0   0x0000009c   Code   RO         1974    i.HAL_TIM_PWM_Start  stm32f1xx_hal_tim.o
    0x08001a6c   0x08001a6c   0x00000002   Code   RO          495    i.HardFault_Handler  stm32f1xx_it.o
    0x08001a6e   0x08001a6e   0x00000002   PAD
    0x08001a70   0x08001a70   0x00000044   Code   RO         3195    i.Key_GetState      key.o
    0x08001ab4   0x08001ab4   0x0000006c   Code   RO          308    i.Key_Task_Entry    freertos.o
    0x08001b20   0x08001b20   0x00000038   Code   RO          309    i.LED_Control_Task_Entry  freertos.o
    0x08001b58   0x08001b58   0x00000020   Code   RO         3287    i.LED_PWM_Init      led.o
    0x08001b78   0x08001b78   0x00000034   Code   RO         3288    i.LED_PWM_Start     led.o
    0x08001bac   0x08001bac   0x00000022   Code   RO         3290    i.LED_SetAllPercent  led.o
    0x08001bce   0x08001bce   0x00000002   PAD
    0x08001bd0   0x08001bd0   0x00000028   Code   RO         3291    i.LED_SetBrightnessPercent  led.o
    0x08001bf8   0x08001bf8   0x00000048   Code   RO         3292    i.LED_SetCompare    led.o
    0x08001c40   0x08001c40   0x000000c4   Code   RO          310    i.MX_FREERTOS_Init  freertos.o
    0x08001d04   0x08001d04   0x000000a4   Code   RO          197    i.MX_GPIO_Init      gpio.o
    0x08001da8   0x08001da8   0x00000084   Code   RO          387    i.MX_RTC_Init       rtc.o
    0x08001e2c   0x08001e2c   0x0000006c   Code   RO          432    i.MX_TIM2_Init      tim.o
    0x08001e98   0x08001e98   0x000000a4   Code   RO          433    i.MX_TIM3_Init      tim.o
    0x08001f3c   0x08001f3c   0x00000010   Code   RO         3229    i.MY_ENCODER_GetClick  my_encoder.o
    0x08001f4c   0x08001f4c   0x00000010   Code   RO         3230    i.MY_ENCODER_GetMoveSteps  my_encoder.o
    0x08001f5c   0x08001f5c   0x00000040   Code   RO         3231    i.MY_ENCODER_Init   my_encoder.o
    0x08001f9c   0x08001f9c   0x00000090   Code   RO         3233    i.MY_ENCODER_Process  my_encoder.o
    0x0800202c   0x0800202c   0x00000018   Code   RO         3234    i.MY_ENCODER_ReadButtonRawLevel  my_encoder.o
    0x08002044   0x08002044   0x00000002   Code   RO          496    i.MemManage_Handler  stm32f1xx_it.o
    0x08002046   0x08002046   0x00000002   Code   RO          497    i.NMI_Handler       stm32f1xx_it.o
    0x08002048   0x08002048   0x00000028   Code   RO         2930    i.OLED_Clear        oled.o
    0x08002070   0x08002070   0x0000005c   Code   RO         2931    i.OLED_ClearArea    oled.o
    0x080020cc   0x080020cc   0x000000ea   Code   RO         2935    i.OLED_DrawLine     oled.o
    0x080021b6   0x080021b6   0x00000002   PAD
    0x080021b8   0x080021b8   0x00000034   Code   RO         2936    i.OLED_DrawPoint    oled.o
    0x080021ec   0x080021ec   0x00000074   Code   RO         2937    i.OLED_DrawRectangle  oled.o
    0x08002260   0x08002260   0x00000026   Code   RO         2939    i.OLED_GPIO_Init    oled.o
    0x08002286   0x08002286   0x0000003a   Code   RO         2941    i.OLED_I2C_SendByte  oled.o
    0x080022c0   0x080022c0   0x0000001e   Code   RO         2942    i.OLED_I2C_Start    oled.o
    0x080022de   0x080022de   0x00000018   Code   RO         2943    i.OLED_I2C_Stop     oled.o
    0x080022f6   0x080022f6   0x0000009c   Code   RO         2944    i.OLED_Init         oled.o
    0x08002392   0x08002392   0x0000000e   Code   RO         2946    i.OLED_Pow          oled.o
    0x080023a0   0x080023a0   0x00000058   Code   RO         2949    i.OLED_ReverseArea  oled.o
    0x080023f8   0x080023f8   0x00000022   Code   RO         2950    i.OLED_SetCursor    oled.o
    0x0800241a   0x0800241a   0x00000002   PAD
    0x0800241c   0x0800241c   0x0000003c   Code   RO         2952    i.OLED_ShowChar     oled.o
    0x08002458   0x08002458   0x000000bc   Code   RO         2955    i.OLED_ShowImage    oled.o
    0x08002514   0x08002514   0x00000046   Code   RO         2956    i.OLED_ShowNum      oled.o
    0x0800255a   0x0800255a   0x00000002   PAD
    0x0800255c   0x0800255c   0x0000016c   Code   RO         2958    i.OLED_ShowString   oled.o
    0x080026c8   0x080026c8   0x00000974   Code   RO          311    i.OLED_Task_Entry   freertos.o
    0x0800303c   0x0800303c   0x00000028   Code   RO         2959    i.OLED_Update       oled.o
    0x08003064   0x08003064   0x00000010   Code   RO         2961    i.OLED_W_SCL        oled.o
    0x08003074   0x08003074   0x00000010   Code   RO         2962    i.OLED_W_SDA        oled.o
    0x08003084   0x08003084   0x00000022   Code   RO         2963    i.OLED_WriteCommand  oled.o
    0x080030a6   0x080030a6   0x00000030   Code   RO         2964    i.OLED_WriteData    oled.o
    0x080030d6   0x080030d6   0x00000012   Code   RO         1637    i.RTC_Bcd2ToByte    stm32f1xx_hal_rtc.o
    0x080030e8   0x080030e8   0x00000016   Code   RO         1638    i.RTC_ByteToBcd2    stm32f1xx_hal_rtc.o
    0x080030fe   0x080030fe   0x000000ae   Code   RO         1639    i.RTC_DateUpdate    stm32f1xx_hal_rtc.o
    0x080031ac   0x080031ac   0x00000034   Code   RO         1640    i.RTC_EnterInitMode  stm32f1xx_hal_rtc.o
    0x080031e0   0x080031e0   0x00000036   Code   RO         1641    i.RTC_ExitInitMode  stm32f1xx_hal_rtc.o
    0x08003216   0x08003216   0x0000000e   Code   RO         1642    i.RTC_ReadAlarmCounter  stm32f1xx_hal_rtc.o
    0x08003224   0x08003224   0x00000020   Code   RO         1643    i.RTC_ReadTimeCounter  stm32f1xx_hal_rtc.o
    0x08003244   0x08003244   0x00000056   Code   RO         1644    i.RTC_WeekDayNum    stm32f1xx_hal_rtc.o
    0x0800329a   0x0800329a   0x00000028   Code   RO         1645    i.RTC_WriteAlarmCounter  stm32f1xx_hal_rtc.o
    0x080032c2   0x080032c2   0x00000028   Code   RO         1646    i.RTC_WriteTimeCounter  stm32f1xx_hal_rtc.o
    0x080032ea   0x080032ea   0x0000000c   Code   RO          312    i.StartDefaultTask  freertos.o
    0x080032f6   0x080032f6   0x00000018   Code   RO          498    i.SysTick_Handler   stm32f1xx_it.o
    0x0800330e   0x0800330e   0x00000080   Code   RO           14    i.SystemClock_Config  main.o
    0x0800338e   0x0800338e   0x00000002   Code   RO         2866    i.SystemInit        system_stm32f1xx.o
    0x08003390   0x08003390   0x00000078   Code   RO         1987    i.TIM_Base_SetConfig  stm32f1xx_hal_tim.o
    0x08003408   0x08003408   0x0000001a   Code   RO         1988    i.TIM_CCxChannelCmd  stm32f1xx_hal_tim.o
    0x08003422   0x08003422   0x00000002   PAD
    0x08003424   0x08003424   0x00000050   Code   RO         2000    i.TIM_OC1_SetConfig  stm32f1xx_hal_tim.o
    0x08003474   0x08003474   0x00000058   Code   RO         2001    i.TIM_OC2_SetConfig  stm32f1xx_hal_tim.o
    0x080034cc   0x080034cc   0x00000058   Code   RO         2002    i.TIM_OC3_SetConfig  stm32f1xx_hal_tim.o
    0x08003524   0x08003524   0x00000044   Code   RO         2003    i.TIM_OC4_SetConfig  stm32f1xx_hal_tim.o
    0x08003568   0x08003568   0x00000002   Code   RO          499    i.UsageFault_Handler  stm32f1xx_it.o
    0x0800356a   0x0800356a   0x00000020   Code   RO         1133    i.__NVIC_SetPriority  stm32f1xx_hal_cortex.o
    0x0800358a   0x0800358a   0x0000000e   Code   RO         5129    i._is_digit         c_w.l(__printf_wp.o)
    0x08003598   0x08003598   0x00000080   Code   RO           15    i.main              main.o
    0x08003618   0x08003618   0x0000001a   Code   RO         4461    i.osDelay           cmsis_os2.o
    0x08003632   0x08003632   0x00000002   PAD
    0x08003634   0x08003634   0x00000024   Code   RO         4475    i.osKernelInitialize  cmsis_os2.o
    0x08003658   0x08003658   0x00000038   Code   RO         4478    i.osKernelStart     cmsis_os2.o
    0x08003690   0x08003690   0x0000008a   Code   RO         4520    i.osThreadNew       cmsis_os2.o
    0x0800371a   0x0800371a   0x00000002   PAD
    0x0800371c   0x0800371c   0x0000005c   Code   RO         3921    i.prvAddCurrentTaskToDelayedList  tasks.o
    0x08003778   0x08003778   0x000000d0   Code   RO         3922    i.prvAddNewTaskToReadyList  tasks.o
    0x08003848   0x08003848   0x00000058   Code   RO         4286    i.prvCheckForValidListAndQueue  timers.o
    0x080038a0   0x080038a0   0x00000026   Code   RO         3518    i.prvCopyDataFromQueue  queue.o
    0x080038c6   0x080038c6   0x0000006c   Code   RO         3519    i.prvCopyDataToQueue  queue.o
    0x08003932   0x08003932   0x00000034   Code   RO         3923    i.prvDeleteTCB      tasks.o
    0x08003966   0x08003966   0x00000002   PAD
    0x08003968   0x08003968   0x0000004c   Code   RO         4971    i.prvHeapInit       heap_4.o
    0x080039b4   0x080039b4   0x00000060   Code   RO         3924    i.prvIdleTask       tasks.o
    0x08003a14   0x08003a14   0x00000022   Code   RO         3521    i.prvInitialiseNewQueue  queue.o
    0x08003a36   0x08003a36   0x00000002   PAD
    0x08003a38   0x08003a38   0x000000b0   Code   RO         3925    i.prvInitialiseNewTask  tasks.o
    0x08003ae8   0x08003ae8   0x0000004c   Code   RO         4972    i.prvInsertBlockIntoFreeList  heap_4.o
    0x08003b34   0x08003b34   0x00000038   Code   RO         4288    i.prvInsertTimerInActiveList  timers.o
    0x08003b6c   0x08003b6c   0x0000001c   Code   RO         3522    i.prvIsQueueEmpty   queue.o
    0x08003b88   0x08003b88   0x000000fc   Code   RO         4289    i.prvProcessReceivedCommands  timers.o
    0x08003c84   0x08003c84   0x000000c0   Code   RO         4290    i.prvProcessTimerOrBlockTask  timers.o
    0x08003d44   0x08003d44   0x00000020   Code   RO         3927    i.prvResetNextTaskUnblockTime  tasks.o
    0x08003d64   0x08003d64   0x00000028   Code   RO         4291    i.prvSampleTimeNow  timers.o
    0x08003d8c   0x08003d8c   0x0000006c   Code   RO         4292    i.prvSwitchTimerLists  timers.o
    0x08003df8   0x08003df8   0x00000028   Code   RO         5027    i.prvTaskExitError  port.o
    0x08003e20   0x08003e20   0x00000024   Code   RO         4293    i.prvTimerTask      timers.o
    0x08003e44   0x08003e44   0x0000006a   Code   RO         3523    i.prvUnlockQueue    queue.o
    0x08003eae   0x08003eae   0x00000002   PAD
    0x08003eb0   0x08003eb0   0x000000dc   Code   RO         4973    i.pvPortMalloc      heap_4.o
    0x08003f8c   0x08003f8c   0x00000024   Code   RO         5028    i.pxPortInitialiseStack  port.o
    0x08003fb0   0x08003fb0   0x00000026   Code   RO         3478    i.uxListRemove      list.o
    0x08003fd6   0x08003fd6   0x00000002   PAD
    0x08003fd8   0x08003fd8   0x00000014   Code   RO         4532    i.vApplicationGetIdleTaskMemory  cmsis_os2.o
    0x08003fec   0x08003fec   0x00000018   Code   RO         4533    i.vApplicationGetTimerTaskMemory  cmsis_os2.o
    0x08004004   0x08004004   0x00000016   Code   RO         3479    i.vListInitialise   list.o
    0x0800401a   0x0800401a   0x00000006   Code   RO         3480    i.vListInitialiseItem  list.o
    0x08004020   0x08004020   0x00000030   Code   RO         3481    i.vListInsert       list.o
    0x08004050   0x08004050   0x00000018   Code   RO         3482    i.vListInsertEnd    list.o
    0x08004068   0x08004068   0x00000040   Code   RO         5030    i.vPortEnterCritical  port.o
    0x080040a8   0x080040a8   0x00000028   Code   RO         5031    i.vPortExitCritical  port.o
    0x080040d0   0x080040d0   0x00000064   Code   RO         4974    i.vPortFree         heap_4.o
    0x08004134   0x08004134   0x00000024   Code   RO         5032    i.vPortSetupTimerInterrupt  port.o
    0x08004158   0x08004158   0x00000054   Code   RO         5033    i.vPortValidateInterruptPriority  port.o
    0x080041ac   0x080041ac   0x00000028   Code   RO         3529    i.vQueueAddToRegistry  queue.o
    0x080041d4   0x080041d4   0x00000044   Code   RO         3533    i.vQueueWaitForMessageRestricted  queue.o
    0x08004218   0x08004218   0x0000004c   Code   RO         3940    i.vTaskDelay        tasks.o
    0x08004264   0x08004264   0x0000008c   Code   RO         3941    i.vTaskDelayUntil   tasks.o
    0x080042f0   0x080042f0   0x00000010   Code   RO         3945    i.vTaskInternalSetTimeOutState  tasks.o
    0x08004300   0x08004300   0x0000000c   Code   RO         3946    i.vTaskMissedYield  tasks.o
    0x0800430c   0x0800430c   0x00000030   Code   RO         3948    i.vTaskPlaceOnEventList  tasks.o
    0x0800433c   0x0800433c   0x00000038   Code   RO         3949    i.vTaskPlaceOnEventListRestricted  tasks.o
    0x08004374   0x08004374   0x00000088   Code   RO         3957    i.vTaskStartScheduler  tasks.o
    0x080043fc   0x080043fc   0x00000010   Code   RO         3959    i.vTaskSuspendAll   tasks.o
    0x0800440c   0x0800440c   0x00000064   Code   RO         3960    i.vTaskSwitchContext  tasks.o
    0x08004470   0x08004470   0x000000a8   Code   RO         5034    i.xPortStartScheduler  port.o
    0x08004518   0x08004518   0x0000002c   Code   RO         5035    i.xPortSysTickHandler  port.o
    0x08004544   0x08004544   0x00000042   Code   RO         3538    i.xQueueGenericCreate  queue.o
    0x08004586   0x08004586   0x00000066   Code   RO         3539    i.xQueueGenericCreateStatic  queue.o
    0x080045ec   0x080045ec   0x00000088   Code   RO         3540    i.xQueueGenericReset  queue.o
    0x08004674   0x08004674   0x00000160   Code   RO         3541    i.xQueueGenericSend  queue.o
    0x080047d4   0x080047d4   0x000000be   Code   RO         3542    i.xQueueGenericSendFromISR  queue.o
    0x08004892   0x08004892   0x00000002   PAD
    0x08004894   0x08004894   0x00000138   Code   RO         3551    i.xQueueReceive     queue.o
    0x080049cc   0x080049cc   0x00000074   Code   RO         3962    i.xTaskCheckForTimeOut  tasks.o
    0x08004a40   0x08004a40   0x0000005a   Code   RO         3963    i.xTaskCreate       tasks.o
    0x08004a9a   0x08004a9a   0x00000056   Code   RO         3964    i.xTaskCreateStatic  tasks.o
    0x08004af0   0x08004af0   0x0000001c   Code   RO         3968    i.xTaskGetSchedulerState  tasks.o
    0x08004b0c   0x08004b0c   0x0000000c   Code   RO         3969    i.xTaskGetTickCount  tasks.o
    0x08004b18   0x08004b18   0x000000c8   Code   RO         3971    i.xTaskIncrementTick  tasks.o
    0x08004be0   0x08004be0   0x00000080   Code   RO         3974    i.xTaskPriorityDisinherit  tasks.o
    0x08004c60   0x08004c60   0x00000070   Code   RO         3976    i.xTaskRemoveFromEventList  tasks.o
    0x08004cd0   0x08004cd0   0x000000c4   Code   RO         3977    i.xTaskResumeAll    tasks.o
    0x08004d94   0x08004d94   0x00000060   Code   RO         4302    i.xTimerCreateTimerTask  timers.o
    0x08004df4   0x08004df4   0x00000068   Code   RO         4303    i.xTimerGenericCommand  timers.o
    0x08004e5c   0x08004e5c   0x0000003c   Data   RO          313    .constdata          freertos.o
    0x08004e98   0x08004e98   0x00000012   Data   RO          831    .constdata          stm32f1xx_hal_rcc.o
    0x08004eaa   0x08004eaa   0x00000012   Data   RO          923    .constdata          stm32f1xx_hal_rcc_ex.o
    0x08004ebc   0x08004ebc   0x00000010   Data   RO         2867    .constdata          system_stm32f1xx.o
    0x08004ecc   0x08004ecc   0x00000008   Data   RO         2868    .constdata          system_stm32f1xx.o
    0x08004ed4   0x08004ed4   0x000005f0   Data   RO         3176    .constdata          oled_data.o
    0x080054c4   0x080054c4   0x0000023a   Data   RO         3177    .constdata          oled_data.o
    0x080056fe   0x080056fe   0x00000309   Data   RO         3178    .constdata          oled_data.o
    0x08005a07   0x08005a07   0x00000011   Data   RO         5137    .constdata          c_w.l(__printf_flags_ss_wp.o)
    0x08005a18   0x08005a18   0x00000042   Data   RO          314    .conststring        freertos.o
    0x08005a5a   0x08005a5a   0x00000002   PAD
    0x08005a5c   0x08005a5c   0x00000020   Data   RO         5560    Region$$Table       anon$$obj.o


    Execution Region RW_IRAM1 (Exec base: 0x20000000, Load base: 0x08005a7c, Size: 0x000038a8, Max: 0x00005000, ABSOLUTE)

    Exec Addr    Load Addr    Size         Type   Attr      Idx    E Section Name        Object

    0x20000000   0x08005a7c   0x00000007   Data   RW           16    .data               main.o
    0x20000007   0x08005a83   0x00000001   PAD
    0x20000008   0x08005a84   0x00000020   Data   RW          315    .data               freertos.o
    0x20000028   0x08005aa4   0x0000000c   Data   RW          668    .data               stm32f1xx_hal.o
    0x20000034   0x08005ab0   0x00000004   Data   RW         2869    .data               system_stm32f1xx.o
    0x20000038   0x08005ab4   0x00000004   Data   RW         3293    .data               led.o
    0x2000003c   0x08005ab8   0x0000003c   Data   RW         3980    .data               tasks.o
    0x20000078   0x08005af4   0x00000014   Data   RW         4311    .data               timers.o
    0x2000008c   0x08005b08   0x00000004   Data   RW         4535    .data               cmsis_os2.o
    0x20000090   0x08005b0c   0x00000020   Data   RW         4980    .data               heap_4.o
    0x200000b0   0x08005b2c   0x0000000c   Data   RW         5036    .data               port.o
    0x200000bc        -       0x00000014   Zero   RW          388    .bss                rtc.o
    0x200000d0        -       0x00000090   Zero   RW          434    .bss                tim.o
    0x20000160        -       0x00000400   Zero   RW         2966    .bss                oled.o
    0x20000560        -       0x00000014   Zero   RW         3235    .bss                my_encoder.o
    0x20000574        -       0x00000040   Zero   RW         3555    .bss                queue.o
    0x200005b4        -       0x000004c4   Zero   RW         3979    .bss                tasks.o
    0x20000a78        -       0x00000118   Zero   RW         4310    .bss                timers.o
    0x20000b90        -       0x000006b8   Zero   RW         4534    .bss                cmsis_os2.o
    0x20001248        -       0x00002000   Zero   RW         4979    .bss                heap_4.o
    0x20003248        -       0x00000060   Zero   RW         5374    .bss                c_w.l(libspace.o)
    0x200032a8        -       0x00000200   Zero   RW            2    HEAP                startup_stm32f103xb.o
    0x200034a8        -       0x00000400   Zero   RW            1    STACK               startup_stm32f103xb.o


==============================================================================

Image component sizes


      Code (inc. data)   RO Data    RW Data    ZI Data      Debug   Object Name

       300         22          0          4       1720      57681   cmsis_os2.o
         0          0          0          0          0      19484   event_groups.o
      2792        312        126         32          0      13145   freertos.o
       164         14          0          0          0     421351   gpio.o
       472         24          0         32       8192       4607   heap_4.o
        68          4          0          0          0        531   key.o
       230         22          0          4          0       3543   led.o
       138          0          0          0          0       3242   list.o
       260         10          0          7          0     429458   main.o
       264         24          0          0         20       3311   my_encoder.o
      1812         56          0          0       1024      13976   oled.o
         0          0       2867          0          0        990   oled_data.o
       662         70          0         12          0      10429   port.o
      1580         20          0          0         64      17642   queue.o
       184         20          0          0         20       1515   rtc.o
        64         26        236          0       1536        784   startup_stm32f103xb.o
       128         24          0         12          0       5117   stm32f1xx_hal.o
       172         14          0          0          0      28158   stm32f1xx_hal_cortex.o
       500         34          0          0          0       3415   stm32f1xx_hal_gpio.o
        72         10          0          0          0        818   stm32f1xx_hal_msp.o
        12          4          0          0          0        487   stm32f1xx_hal_pwr.o
      1208         72         18          0          0       4429   stm32f1xx_hal_rcc.o
       400         28         18          0          0       2393   stm32f1xx_hal_rcc_ex.o
      1400         12          0          0          0      12280   stm32f1xx_hal_rtc.o
        32         10          0          0          0       1563   stm32f1xx_hal_rtc_ex.o
      1226         44          0          0          0       9553   stm32f1xx_hal_tim.o
       104         12          0          0          0       1308   stm32f1xx_hal_tim_ex.o
        36          0          0          0          0       9935   stm32f1xx_it.o
         0          0          0          0          0        384   stream_buffer.o
         2          0         24          4          0       1043   system_stm32f1xx.o
      2224        176          0         60       1220      26618   tasks.o
       580         62          0          0        144       3510   tim.o
       972         80          0         20        280      31611   timers.o

    ----------------------------------------------------------------------
     18096       1206       3323        188      14220    1144311   Object Totals
         0          0         32          0          0          0   (incl. Generated)
        38          0          2          1          0          0   (incl. Padding)

    ----------------------------------------------------------------------

      Code (inc. data)   RO Data    RW Data    ZI Data      Debug   Library Member Name

        56          6          0          0          0         88   __2snprintf.o
         8          0          0          0          0         68   __main.o
       392          4         17          0          0         92   __printf_flags_ss_wp.o
        14          0          0          0          0         68   __printf_wp.o
         0          0          0          0          0          0   __rtentry.o
        12          0          0          0          0          0   __rtentry2.o
         6          0          0          0          0          0   __rtentry4.o
        52          8          0          0          0          0   __scatter.o
        26          0          0          0          0          0   __scatter_copy.o
        28          0          0          0          0          0   __scatter_zi.o
        48          6          0          0          0         96   _printf_char_common.o
         6          0          0          0          0          0   _printf_d.o
       120         16          0          0          0         92   _printf_dec.o
       178          0          0          0          0         88   _printf_intcommon.o
        78          0          0          0          0        108   _printf_pad.o
         0          0          0          0          0          0   _printf_percent.o
         4          0          0          0          0          0   _printf_percent_end.o
        16          0          0          0          0         68   _snputc.o
        10          0          0          0          0         68   _sputc.o
        16          0          0          0          0         68   aeabi_memset.o
        18          0          0          0          0         80   exit.o
         6          0          0          0          0        152   heapauxi.o
         0          0          0          0          0          0   indicate_semi.o
         2          0          0          0          0          0   libinit.o
         2          0          0          0          0          0   libinit2.o
         2          0          0          0          0          0   libshutdown.o
         2          0          0          0          0          0   libshutdown2.o
         8          4          0          0         96         68   libspace.o
        68          0          0          0          0         68   rt_memclr.o
        78          0          0          0          0         80   rt_memclr_w.o
       138          0          0          0          0         68   rt_memcpy_v6.o
       100          0          0          0          0         80   rt_memcpy_w.o
         2          0          0          0          0          0   rtexit.o
        10          0          0          0          0          0   rtexit2.o
       128          0          0          0          0         68   strcmpv7m.o
        12          4          0          0          0         68   sys_exit.o
        74          0          0          0          0         80   sys_stackheap_outer.o
         2          0          0          0          0         68   use_no_semi.o

    ----------------------------------------------------------------------
      1728         48         17          0         96       1784   Library Totals
         6          0          0          0          0          0   (incl. Padding)

    ----------------------------------------------------------------------

      Code (inc. data)   RO Data    RW Data    ZI Data      Debug   Library Name

      1722         48         17          0         96       1784   c_w.l

    ----------------------------------------------------------------------
      1728         48         17          0         96       1784   Library Totals

    ----------------------------------------------------------------------

==============================================================================


      Code (inc. data)   RO Data    RW Data    ZI Data      Debug   

     19824       1254       3340        188      14316    1136315   Grand Totals
     19824       1254       3340        188      14316    1136315   ELF Image Totals
     19824       1254       3340        188          0          0   ROM Totals

==============================================================================

    Total RO  Size (Code + RO Data)                23164 (  22.62kB)
    Total RW  Size (RW Data + ZI Data)             14504 (  14.16kB)
    Total ROM Size (Code + RO Data + RW Data)      23352 (  22.80kB)

==============================================================================

